<?xml version="1.0" encoding="ISO-8859-1" ?>
<link_info>
   <banner>TI ARM Linker PC v20.2.7.LTS</banner>
   <copyright>Copyright (c) 1996-2018 Texas Instruments Incorporated</copyright>
   <link_time>0x6575284c</link_time>
   <link_errors>0x0</link_errors>
   <output_file>Final Project.out</output_file>
   <entry_point>
      <name>_c_int00_noargs</name>
      <address>0x98a5</address>
   </entry_point>
   <input_file_list>
      <input_file id="fl-2">
         <path>.\</path>
         <kind>object</kind>
         <file>main.obj</file>
         <name>main.obj</name>
      </input_file>
      <input_file id="fl-3">
         <path>.\</path>
         <kind>object</kind>
         <file>threads.obj</file>
         <name>threads.obj</name>
      </input_file>
      <input_file id="fl-4">
         <path>.\</path>
         <kind>object</kind>
         <file>tm4c123gh6pm_startup_ccs.obj</file>
         <name>tm4c123gh6pm_startup_ccs.obj</name>
      </input_file>
      <input_file id="fl-5">
         <path>.\G8RTOS\src\</path>
         <kind>object</kind>
         <file>G8RTOS_CriticalSection.obj</file>
         <name>G8RTOS_CriticalSection.obj</name>
      </input_file>
      <input_file id="fl-6">
         <path>.\G8RTOS\src\</path>
         <kind>object</kind>
         <file>G8RTOS_IPC.obj</file>
         <name>G8RTOS_IPC.obj</name>
      </input_file>
      <input_file id="fl-7">
         <path>.\G8RTOS\src\</path>
         <kind>object</kind>
         <file>G8RTOS_Scheduler.obj</file>
         <name>G8RTOS_Scheduler.obj</name>
      </input_file>
      <input_file id="fl-8">
         <path>.\G8RTOS\src\</path>
         <kind>object</kind>
         <file>G8RTOS_SchedulerASM.obj</file>
         <name>G8RTOS_SchedulerASM.obj</name>
      </input_file>
      <input_file id="fl-9">
         <path>.\G8RTOS\src\</path>
         <kind>object</kind>
         <file>G8RTOS_Semaphores.obj</file>
         <name>G8RTOS_Semaphores.obj</name>
      </input_file>
      <input_file id="fl-a">
         <path>.\MiscFunctions\LinAlg\src\</path>
         <kind>object</kind>
         <file>linalg.obj</file>
         <name>linalg.obj</name>
      </input_file>
      <input_file id="fl-b">
         <path>.\MiscFunctions\LinAlg\src\</path>
         <kind>object</kind>
         <file>quaternions.obj</file>
         <name>quaternions.obj</name>
      </input_file>
      <input_file id="fl-c">
         <path>.\MiscFunctions\LinAlg\src\</path>
         <kind>object</kind>
         <file>vect3d.obj</file>
         <name>vect3d.obj</name>
      </input_file>
      <input_file id="fl-d">
         <path>.\MiscFunctions\Shapes\src\</path>
         <kind>object</kind>
         <file>cube.obj</file>
         <name>cube.obj</name>
      </input_file>
      <input_file id="fl-e">
         <path>.\MultimodDrivers\src\</path>
         <kind>object</kind>
         <file>fontlibrary.obj</file>
         <name>fontlibrary.obj</name>
      </input_file>
      <input_file id="fl-f">
         <path>.\MultimodDrivers\src\</path>
         <kind>object</kind>
         <file>multimod_BMI160.obj</file>
         <name>multimod_BMI160.obj</name>
      </input_file>
      <input_file id="fl-10">
         <path>.\MultimodDrivers\src\</path>
         <kind>object</kind>
         <file>multimod_LaunchpadButtons.obj</file>
         <name>multimod_LaunchpadButtons.obj</name>
      </input_file>
      <input_file id="fl-11">
         <path>.\MultimodDrivers\src\</path>
         <kind>object</kind>
         <file>multimod_LaunchpadLED.obj</file>
         <name>multimod_LaunchpadLED.obj</name>
      </input_file>
      <input_file id="fl-12">
         <path>.\MultimodDrivers\src\</path>
         <kind>object</kind>
         <file>multimod_OPT3001.obj</file>
         <name>multimod_OPT3001.obj</name>
      </input_file>
      <input_file id="fl-13">
         <path>.\MultimodDrivers\src\</path>
         <kind>object</kind>
         <file>multimod_PCA9956b.obj</file>
         <name>multimod_PCA9956b.obj</name>
      </input_file>
      <input_file id="fl-14">
         <path>.\MultimodDrivers\src\</path>
         <kind>object</kind>
         <file>multimod_ST7789.obj</file>
         <name>multimod_ST7789.obj</name>
      </input_file>
      <input_file id="fl-15">
         <path>.\MultimodDrivers\src\</path>
         <kind>object</kind>
         <file>multimod_buttons.obj</file>
         <name>multimod_buttons.obj</name>
      </input_file>
      <input_file id="fl-16">
         <path>.\MultimodDrivers\src\</path>
         <kind>object</kind>
         <file>multimod_i2c.obj</file>
         <name>multimod_i2c.obj</name>
      </input_file>
      <input_file id="fl-17">
         <path>.\MultimodDrivers\src\</path>
         <kind>object</kind>
         <file>multimod_joystick.obj</file>
         <name>multimod_joystick.obj</name>
      </input_file>
      <input_file id="fl-18">
         <path>.\MultimodDrivers\src\</path>
         <kind>object</kind>
         <file>multimod_spi.obj</file>
         <name>multimod_spi.obj</name>
      </input_file>
      <input_file id="fl-19">
         <path>.\MultimodDrivers\src\</path>
         <kind>object</kind>
         <file>multimod_uart.obj</file>
         <name>multimod_uart.obj</name>
      </input_file>
      <input_file id="fl-1a">
         <path>.\driverlib\</path>
         <kind>object</kind>
         <file>adc.obj</file>
         <name>adc.obj</name>
      </input_file>
      <input_file id="fl-1b">
         <path>.\driverlib\</path>
         <kind>object</kind>
         <file>aes.obj</file>
         <name>aes.obj</name>
      </input_file>
      <input_file id="fl-1c">
         <path>.\driverlib\</path>
         <kind>object</kind>
         <file>can.obj</file>
         <name>can.obj</name>
      </input_file>
      <input_file id="fl-1d">
         <path>.\driverlib\</path>
         <kind>object</kind>
         <file>comp.obj</file>
         <name>comp.obj</name>
      </input_file>
      <input_file id="fl-1e">
         <path>.\driverlib\</path>
         <kind>object</kind>
         <file>cpu.obj</file>
         <name>cpu.obj</name>
      </input_file>
      <input_file id="fl-1f">
         <path>.\driverlib\</path>
         <kind>object</kind>
         <file>crc.obj</file>
         <name>crc.obj</name>
      </input_file>
      <input_file id="fl-20">
         <path>.\driverlib\</path>
         <kind>object</kind>
         <file>des.obj</file>
         <name>des.obj</name>
      </input_file>
      <input_file id="fl-21">
         <path>.\driverlib\</path>
         <kind>object</kind>
         <file>eeprom.obj</file>
         <name>eeprom.obj</name>
      </input_file>
      <input_file id="fl-22">
         <path>.\driverlib\</path>
         <kind>object</kind>
         <file>emac.obj</file>
         <name>emac.obj</name>
      </input_file>
      <input_file id="fl-23">
         <path>.\driverlib\</path>
         <kind>object</kind>
         <file>epi.obj</file>
         <name>epi.obj</name>
      </input_file>
      <input_file id="fl-24">
         <path>.\driverlib\</path>
         <kind>object</kind>
         <file>epi_workaround_ccs.obj</file>
         <name>epi_workaround_ccs.obj</name>
      </input_file>
      <input_file id="fl-25">
         <path>.\driverlib\</path>
         <kind>object</kind>
         <file>flash.obj</file>
         <name>flash.obj</name>
      </input_file>
      <input_file id="fl-26">
         <path>.\driverlib\</path>
         <kind>object</kind>
         <file>fpu.obj</file>
         <name>fpu.obj</name>
      </input_file>
      <input_file id="fl-27">
         <path>.\driverlib\</path>
         <kind>object</kind>
         <file>gpio.obj</file>
         <name>gpio.obj</name>
      </input_file>
      <input_file id="fl-28">
         <path>.\driverlib\</path>
         <kind>object</kind>
         <file>hibernate.obj</file>
         <name>hibernate.obj</name>
      </input_file>
      <input_file id="fl-29">
         <path>.\driverlib\</path>
         <kind>object</kind>
         <file>i2c.obj</file>
         <name>i2c.obj</name>
      </input_file>
      <input_file id="fl-2a">
         <path>.\driverlib\</path>
         <kind>object</kind>
         <file>interrupt.obj</file>
         <name>interrupt.obj</name>
      </input_file>
      <input_file id="fl-2b">
         <path>.\driverlib\</path>
         <kind>object</kind>
         <file>lcd.obj</file>
         <name>lcd.obj</name>
      </input_file>
      <input_file id="fl-2c">
         <path>.\driverlib\</path>
         <kind>object</kind>
         <file>mpu.obj</file>
         <name>mpu.obj</name>
      </input_file>
      <input_file id="fl-2d">
         <path>.\driverlib\</path>
         <kind>object</kind>
         <file>onewire.obj</file>
         <name>onewire.obj</name>
      </input_file>
      <input_file id="fl-2e">
         <path>.\driverlib\</path>
         <kind>object</kind>
         <file>pwm.obj</file>
         <name>pwm.obj</name>
      </input_file>
      <input_file id="fl-2f">
         <path>.\driverlib\</path>
         <kind>object</kind>
         <file>qei.obj</file>
         <name>qei.obj</name>
      </input_file>
      <input_file id="fl-30">
         <path>.\driverlib\</path>
         <kind>object</kind>
         <file>shamd5.obj</file>
         <name>shamd5.obj</name>
      </input_file>
      <input_file id="fl-31">
         <path>.\driverlib\</path>
         <kind>object</kind>
         <file>ssi.obj</file>
         <name>ssi.obj</name>
      </input_file>
      <input_file id="fl-32">
         <path>.\driverlib\</path>
         <kind>object</kind>
         <file>sw_crc.obj</file>
         <name>sw_crc.obj</name>
      </input_file>
      <input_file id="fl-33">
         <path>.\driverlib\</path>
         <kind>object</kind>
         <file>sysctl.obj</file>
         <name>sysctl.obj</name>
      </input_file>
      <input_file id="fl-34">
         <path>.\driverlib\</path>
         <kind>object</kind>
         <file>sysexc.obj</file>
         <name>sysexc.obj</name>
      </input_file>
      <input_file id="fl-35">
         <path>.\driverlib\</path>
         <kind>object</kind>
         <file>systick.obj</file>
         <name>systick.obj</name>
      </input_file>
      <input_file id="fl-36">
         <path>.\driverlib\</path>
         <kind>object</kind>
         <file>timer.obj</file>
         <name>timer.obj</name>
      </input_file>
      <input_file id="fl-37">
         <path>.\driverlib\</path>
         <kind>object</kind>
         <file>uart.obj</file>
         <name>uart.obj</name>
      </input_file>
      <input_file id="fl-38">
         <path>.\driverlib\</path>
         <kind>object</kind>
         <file>uartstdio.obj</file>
         <name>uartstdio.obj</name>
      </input_file>
      <input_file id="fl-39">
         <path>.\driverlib\</path>
         <kind>object</kind>
         <file>udma.obj</file>
         <name>udma.obj</name>
      </input_file>
      <input_file id="fl-3a">
         <path>.\driverlib\</path>
         <kind>object</kind>
         <file>usb.obj</file>
         <name>usb.obj</name>
      </input_file>
      <input_file id="fl-3b">
         <path>.\driverlib\</path>
         <kind>object</kind>
         <file>watchdog.obj</file>
         <name>watchdog.obj</name>
      </input_file>
      <input_file id="fl-43">
         <kind>object</kind>
         <file>&lt;internal&gt;</file>
         <name>&lt;internal&gt;</name>
      </input_file>
      <input_file id="fl-f9">
         <path>I:\ti\ccs1240\ccs\tools\compiler\ti-cgt-arm_20.2.7.LTS\lib\</path>
         <kind>archive</kind>
         <file>rtsv7M4_T_le_v4SPD16_eabi.lib</file>
         <name>e_powf.c.obj</name>
      </input_file>
      <input_file id="fl-fa">
         <path>I:\ti\ccs1240\ccs\tools\compiler\ti-cgt-arm_20.2.7.LTS\lib\</path>
         <kind>archive</kind>
         <file>rtsv7M4_T_le_v4SPD16_eabi.lib</file>
         <name>e_sqrtf.c.obj</name>
      </input_file>
      <input_file id="fl-fb">
         <path>I:\ti\ccs1240\ccs\tools\compiler\ti-cgt-arm_20.2.7.LTS\lib\</path>
         <kind>archive</kind>
         <file>rtsv7M4_T_le_v4SPD16_eabi.lib</file>
         <name>s_scalbnf.c.obj</name>
      </input_file>
      <input_file id="fl-fc">
         <path>I:\ti\ccs1240\ccs\tools\compiler\ti-cgt-arm_20.2.7.LTS\lib\</path>
         <kind>archive</kind>
         <file>rtsv7M4_T_le_v4SPD16_eabi.lib</file>
         <name>e_atan2.c.obj</name>
      </input_file>
      <input_file id="fl-fd">
         <path>I:\ti\ccs1240\ccs\tools\compiler\ti-cgt-arm_20.2.7.LTS\lib\</path>
         <kind>archive</kind>
         <file>rtsv7M4_T_le_v4SPD16_eabi.lib</file>
         <name>e_sqrt.c.obj</name>
      </input_file>
      <input_file id="fl-fe">
         <path>I:\ti\ccs1240\ccs\tools\compiler\ti-cgt-arm_20.2.7.LTS\lib\</path>
         <kind>archive</kind>
         <file>rtsv7M4_T_le_v4SPD16_eabi.lib</file>
         <name>s_atan.c.obj</name>
      </input_file>
      <input_file id="fl-ff">
         <path>I:\ti\ccs1240\ccs\tools\compiler\ti-cgt-arm_20.2.7.LTS\lib\</path>
         <kind>archive</kind>
         <file>rtsv7M4_T_le_v4SPD16_eabi.lib</file>
         <name>sprintf.c.obj</name>
      </input_file>
      <input_file id="fl-100">
         <path>I:\ti\ccs1240\ccs\tools\compiler\ti-cgt-arm_20.2.7.LTS\lib\</path>
         <kind>archive</kind>
         <file>rtsv7M4_T_le_v4SPD16_eabi.lib</file>
         <name>s_copysignf.c.obj</name>
      </input_file>
      <input_file id="fl-101">
         <path>I:\ti\ccs1240\ccs\tools\compiler\ti-cgt-arm_20.2.7.LTS\lib\</path>
         <kind>archive</kind>
         <file>rtsv7M4_T_le_v4SPD16_eabi.lib</file>
         <name>fd_add_t2.asm.obj</name>
      </input_file>
      <input_file id="fl-102">
         <path>I:\ti\ccs1240\ccs\tools\compiler\ti-cgt-arm_20.2.7.LTS\lib\</path>
         <kind>archive</kind>
         <file>rtsv7M4_T_le_v4SPD16_eabi.lib</file>
         <name>fd_cmp_t2.asm.obj</name>
      </input_file>
      <input_file id="fl-103">
         <path>I:\ti\ccs1240\ccs\tools\compiler\ti-cgt-arm_20.2.7.LTS\lib\</path>
         <kind>archive</kind>
         <file>rtsv7M4_T_le_v4SPD16_eabi.lib</file>
         <name>fd_div_t2.asm.obj</name>
      </input_file>
      <input_file id="fl-104">
         <path>I:\ti\ccs1240\ccs\tools\compiler\ti-cgt-arm_20.2.7.LTS\lib\</path>
         <kind>archive</kind>
         <file>rtsv7M4_T_le_v4SPD16_eabi.lib</file>
         <name>fd_mul_t2.asm.obj</name>
      </input_file>
      <input_file id="fl-105">
         <path>I:\ti\ccs1240\ccs\tools\compiler\ti-cgt-arm_20.2.7.LTS\lib\</path>
         <kind>archive</kind>
         <file>rtsv7M4_T_le_v4SPD16_eabi.lib</file>
         <name>fd_toi_t2.asm.obj</name>
      </input_file>
      <input_file id="fl-106">
         <path>I:\ti\ccs1240\ccs\tools\compiler\ti-cgt-arm_20.2.7.LTS\lib\</path>
         <kind>archive</kind>
         <file>rtsv7M4_T_le_v4SPD16_eabi.lib</file>
         <name>fd_tos_t2.asm.obj</name>
      </input_file>
      <input_file id="fl-107">
         <path>I:\ti\ccs1240\ccs\tools\compiler\ti-cgt-arm_20.2.7.LTS\lib\</path>
         <kind>archive</kind>
         <file>rtsv7M4_T_le_v4SPD16_eabi.lib</file>
         <name>fs_tod_t2.asm.obj</name>
      </input_file>
      <input_file id="fl-108">
         <path>I:\ti\ccs1240\ccs\tools\compiler\ti-cgt-arm_20.2.7.LTS\lib\</path>
         <kind>archive</kind>
         <file>rtsv7M4_T_le_v4SPD16_eabi.lib</file>
         <name>i_tofd_t2.asm.obj</name>
      </input_file>
      <input_file id="fl-109">
         <path>I:\ti\ccs1240\ccs\tools\compiler\ti-cgt-arm_20.2.7.LTS\lib\</path>
         <kind>archive</kind>
         <file>rtsv7M4_T_le_v4SPD16_eabi.lib</file>
         <name>memcpy_t2.asm.obj</name>
      </input_file>
      <input_file id="fl-10a">
         <path>I:\ti\ccs1240\ccs\tools\compiler\ti-cgt-arm_20.2.7.LTS\lib\</path>
         <kind>archive</kind>
         <file>rtsv7M4_T_le_v4SPD16_eabi.lib</file>
         <name>u_divt2.asm.obj</name>
      </input_file>
      <input_file id="fl-10b">
         <path>I:\ti\ccs1240\ccs\tools\compiler\ti-cgt-arm_20.2.7.LTS\lib\</path>
         <kind>archive</kind>
         <file>rtsv7M4_T_le_v4SPD16_eabi.lib</file>
         <name>copy_zero_init.c.obj</name>
      </input_file>
      <input_file id="fl-10c">
         <path>I:\ti\ccs1240\ccs\tools\compiler\ti-cgt-arm_20.2.7.LTS\lib\</path>
         <kind>archive</kind>
         <file>rtsv7M4_T_le_v4SPD16_eabi.lib</file>
         <name>copy_decompress_none.c.obj</name>
      </input_file>
      <input_file id="fl-10d">
         <path>I:\ti\ccs1240\ccs\tools\compiler\ti-cgt-arm_20.2.7.LTS\lib\</path>
         <kind>archive</kind>
         <file>rtsv7M4_T_le_v4SPD16_eabi.lib</file>
         <name>copy_decompress_lzss.c.obj</name>
      </input_file>
      <input_file id="fl-10e">
         <path>I:\ti\ccs1240\ccs\tools\compiler\ti-cgt-arm_20.2.7.LTS\lib\</path>
         <kind>archive</kind>
         <file>rtsv7M4_T_le_v4SPD16_eabi.lib</file>
         <name>rand.c.obj</name>
      </input_file>
      <input_file id="fl-10f">
         <path>I:\ti\ccs1240\ccs\tools\compiler\ti-cgt-arm_20.2.7.LTS\lib\</path>
         <kind>archive</kind>
         <file>rtsv7M4_T_le_v4SPD16_eabi.lib</file>
         <name>strcpy.c.obj</name>
      </input_file>
      <input_file id="fl-110">
         <path>I:\ti\ccs1240\ccs\tools\compiler\ti-cgt-arm_20.2.7.LTS\lib\</path>
         <kind>archive</kind>
         <file>rtsv7M4_T_le_v4SPD16_eabi.lib</file>
         <name>boot_cortex_m.c.obj</name>
      </input_file>
      <input_file id="fl-111">
         <path>I:\ti\ccs1240\ccs\tools\compiler\ti-cgt-arm_20.2.7.LTS\lib\</path>
         <kind>archive</kind>
         <file>rtsv7M4_T_le_v4SPD16_eabi.lib</file>
         <name>time.c.obj</name>
      </input_file>
      <input_file id="fl-112">
         <path>I:\ti\ccs1240\ccs\tools\compiler\ti-cgt-arm_20.2.7.LTS\lib\</path>
         <kind>archive</kind>
         <file>rtsv7M4_T_le_v4SPD16_eabi.lib</file>
         <name>errno.c.obj</name>
      </input_file>
      <input_file id="fl-113">
         <path>I:\ti\ccs1240\ccs\tools\compiler\ti-cgt-arm_20.2.7.LTS\lib\</path>
         <kind>archive</kind>
         <file>rtsv7M4_T_le_v4SPD16_eabi.lib</file>
         <name>_printfi.c.obj</name>
      </input_file>
      <input_file id="fl-114">
         <path>I:\ti\ccs1240\ccs\tools\compiler\ti-cgt-arm_20.2.7.LTS\lib\</path>
         <kind>archive</kind>
         <file>rtsv7M4_T_le_v4SPD16_eabi.lib</file>
         <name>div0.asm.obj</name>
      </input_file>
      <input_file id="fl-115">
         <path>I:\ti\ccs1240\ccs\tools\compiler\ti-cgt-arm_20.2.7.LTS\lib\</path>
         <kind>archive</kind>
         <file>rtsv7M4_T_le_v4SPD16_eabi.lib</file>
         <name>memset_t2.asm.obj</name>
      </input_file>
      <input_file id="fl-116">
         <path>I:\ti\ccs1240\ccs\tools\compiler\ti-cgt-arm_20.2.7.LTS\lib\</path>
         <kind>archive</kind>
         <file>rtsv7M4_T_le_v4SPD16_eabi.lib</file>
         <name>ull_div_t2.asm.obj</name>
      </input_file>
      <input_file id="fl-117">
         <path>I:\ti\ccs1240\ccs\tools\compiler\ti-cgt-arm_20.2.7.LTS\lib\</path>
         <kind>archive</kind>
         <file>rtsv7M4_T_le_v4SPD16_eabi.lib</file>
         <name>autoinit.c.obj</name>
      </input_file>
      <input_file id="fl-118">
         <path>I:\ti\ccs1240\ccs\tools\compiler\ti-cgt-arm_20.2.7.LTS\lib\</path>
         <kind>archive</kind>
         <file>rtsv7M4_T_le_v4SPD16_eabi.lib</file>
         <name>pre_init.c.obj</name>
      </input_file>
      <input_file id="fl-119">
         <path>I:\ti\ccs1240\ccs\tools\compiler\ti-cgt-arm_20.2.7.LTS\lib\</path>
         <kind>archive</kind>
         <file>rtsv7M4_T_le_v4SPD16_eabi.lib</file>
         <name>cpy_tbl.c.obj</name>
      </input_file>
      <input_file id="fl-11a">
         <path>I:\ti\ccs1240\ccs\tools\compiler\ti-cgt-arm_20.2.7.LTS\lib\</path>
         <kind>archive</kind>
         <file>rtsv7M4_T_le_v4SPD16_eabi.lib</file>
         <name>exit.c.obj</name>
      </input_file>
      <input_file id="fl-11b">
         <path>I:\ti\ccs1240\ccs\tools\compiler\ti-cgt-arm_20.2.7.LTS\lib\</path>
         <kind>archive</kind>
         <file>rtsv7M4_T_le_v4SPD16_eabi.lib</file>
         <name>_lock.c.obj</name>
      </input_file>
      <input_file id="fl-11c">
         <path>I:\ti\ccs1240\ccs\tools\compiler\ti-cgt-arm_20.2.7.LTS\lib\</path>
         <kind>archive</kind>
         <file>rtsv7M4_T_le_v4SPD16_eabi.lib</file>
         <name>_ltoa.c.obj</name>
      </input_file>
      <input_file id="fl-11d">
         <path>I:\ti\ccs1240\ccs\tools\compiler\ti-cgt-arm_20.2.7.LTS\lib\</path>
         <kind>archive</kind>
         <file>rtsv7M4_T_le_v4SPD16_eabi.lib</file>
         <name>args_main.c.obj</name>
      </input_file>
      <input_file id="fl-11e">
         <path>I:\ti\ccs1240\ccs\tools\compiler\ti-cgt-arm_20.2.7.LTS\lib\</path>
         <kind>archive</kind>
         <file>rtsv7M4_T_le_v4SPD16_eabi.lib</file>
         <name>atoi.c.obj</name>
      </input_file>
      <input_file id="fl-11f">
         <path>I:\ti\ccs1240\ccs\tools\compiler\ti-cgt-arm_20.2.7.LTS\lib\</path>
         <kind>archive</kind>
         <file>rtsv7M4_T_le_v4SPD16_eabi.lib</file>
         <name>ctype.c.obj</name>
      </input_file>
      <input_file id="fl-120">
         <path>I:\ti\ccs1240\ccs\tools\compiler\ti-cgt-arm_20.2.7.LTS\lib\</path>
         <kind>archive</kind>
         <file>rtsv7M4_T_le_v4SPD16_eabi.lib</file>
         <name>memccpy.c.obj</name>
      </input_file>
      <input_file id="fl-121">
         <path>I:\ti\ccs1240\ccs\tools\compiler\ti-cgt-arm_20.2.7.LTS\lib\</path>
         <kind>archive</kind>
         <file>rtsv7M4_T_le_v4SPD16_eabi.lib</file>
         <name>strchr.c.obj</name>
      </input_file>
      <input_file id="fl-122">
         <path>I:\ti\ccs1240\ccs\tools\compiler\ti-cgt-arm_20.2.7.LTS\lib\</path>
         <kind>archive</kind>
         <file>rtsv7M4_T_le_v4SPD16_eabi.lib</file>
         <name>strlen.c.obj</name>
      </input_file>
      <input_file id="fl-123">
         <path>I:\ti\ccs1240\ccs\tools\compiler\ti-cgt-arm_20.2.7.LTS\lib\</path>
         <kind>archive</kind>
         <file>rtsv7M4_T_le_v4SPD16_eabi.lib</file>
         <name>hosttime.c.obj</name>
      </input_file>
      <input_file id="fl-124">
         <path>I:\ti\ccs1240\ccs\tools\compiler\ti-cgt-arm_20.2.7.LTS\lib\</path>
         <kind>archive</kind>
         <file>rtsv7M4_T_le_v4SPD16_eabi.lib</file>
         <name>trgmsg.c.obj</name>
      </input_file>
      <input_file id="fl-125">
         <path>I:\ti\ccs1240\ccs\tools\compiler\ti-cgt-arm_20.2.7.LTS\lib\</path>
         <kind>archive</kind>
         <file>rtsv7M4_T_le_v4SPD16_eabi.lib</file>
         <name>wcslen.c.obj</name>
      </input_file>
      <input_file id="fl-126">
         <path>I:\ti\ccs1240\ccs\tools\compiler\ti-cgt-arm_20.2.7.LTS\lib\</path>
         <kind>archive</kind>
         <file>rtsv7M4_T_le_v4SPD16_eabi.lib</file>
         <name>s_frexp.c.obj</name>
      </input_file>
      <input_file id="fl-127">
         <path>I:\ti\ccs1240\ccs\tools\compiler\ti-cgt-arm_20.2.7.LTS\lib\</path>
         <kind>archive</kind>
         <file>rtsv7M4_T_le_v4SPD16_eabi.lib</file>
         <name>s_scalbn.c.obj</name>
      </input_file>
      <input_file id="fl-128">
         <path>I:\ti\ccs1240\ccs\tools\compiler\ti-cgt-arm_20.2.7.LTS\lib\</path>
         <kind>archive</kind>
         <file>rtsv7M4_T_le_v4SPD16_eabi.lib</file>
         <name>hostopen.c.obj</name>
      </input_file>
      <input_file id="fl-129">
         <path>I:\ti\ccs1240\ccs\tools\compiler\ti-cgt-arm_20.2.7.LTS\lib\</path>
         <kind>archive</kind>
         <file>rtsv7M4_T_le_v4SPD16_eabi.lib</file>
         <name>s_copysign.c.obj</name>
      </input_file>
   </input_file_list>
   <object_component_list>
      <object_component id="oc-12">
         <name>.intvecs</name>
         <load_address>0x0</load_address>
         <run_address>0x0</run_address>
         <size>0x26c</size>
         <input_file_ref idref="fl-4"/>
      </object_component>
      <object_component id="oc-10b">
         <name>.text</name>
         <load_address>0x26c</load_address>
         <run_address>0x26c</run_address>
         <size>0x1558</size>
         <input_file_ref idref="fl-3"/>
      </object_component>
      <object_component id="oc-c9">
         <name>.text</name>
         <load_address>0x17c4</load_address>
         <run_address>0x17c4</run_address>
         <size>0xfa0</size>
         <input_file_ref idref="fl-33"/>
      </object_component>
      <object_component id="oc-1ba">
         <name>.text</name>
         <load_address>0x2764</load_address>
         <run_address>0x2764</run_address>
         <size>0xc18</size>
         <input_file_ref idref="fl-27"/>
      </object_component>
      <object_component id="oc-31e">
         <name>.text:__TI_printfi</name>
         <load_address>0x337c</load_address>
         <run_address>0x337c</run_address>
         <size>0xa4e</size>
         <input_file_ref idref="fl-113"/>
      </object_component>
      <object_component id="oc-35a">
         <name>.text:_nop</name>
         <load_address>0x3dca</load_address>
         <run_address>0x3dca</run_address>
         <size>0x2</size>
         <input_file_ref idref="fl-11b"/>
      </object_component>
      <object_component id="oc-e1">
         <name>.text</name>
         <load_address>0x3dcc</load_address>
         <run_address>0x3dcc</run_address>
         <size>0x8ac</size>
         <input_file_ref idref="fl-14"/>
      </object_component>
      <object_component id="oc-1f7">
         <name>.text</name>
         <load_address>0x4678</load_address>
         <run_address>0x4678</run_address>
         <size>0x83c</size>
         <input_file_ref idref="fl-1a"/>
      </object_component>
      <object_component id="oc-2d0">
         <name>.text</name>
         <load_address>0x4eb4</load_address>
         <run_address>0x4eb4</run_address>
         <size>0x6fc</size>
         <input_file_ref idref="fl-29"/>
      </object_component>
      <object_component id="oc-cf">
         <name>.text</name>
         <load_address>0x55b0</load_address>
         <run_address>0x55b0</run_address>
         <size>0x6f4</size>
         <input_file_ref idref="fl-7"/>
      </object_component>
      <object_component id="oc-1e9">
         <name>.text</name>
         <load_address>0x5ca4</load_address>
         <run_address>0x5ca4</run_address>
         <size>0x62e</size>
         <input_file_ref idref="fl-37"/>
      </object_component>
      <object_component id="oc-3ba">
         <name>.text</name>
         <load_address>0x62d2</load_address>
         <run_address>0x62d2</run_address>
         <size>0x2</size>
         <input_file_ref idref="fl-114"/>
      </object_component>
      <object_component id="oc-1ef">
         <name>.text</name>
         <load_address>0x62d4</load_address>
         <run_address>0x62d4</run_address>
         <size>0x4a8</size>
         <input_file_ref idref="fl-38"/>
      </object_component>
      <object_component id="oc-171">
         <name>.text</name>
         <load_address>0x677c</load_address>
         <run_address>0x677c</run_address>
         <size>0x3c0</size>
         <input_file_ref idref="fl-2a"/>
      </object_component>
      <object_component id="oc-2c6">
         <name>.text</name>
         <load_address>0x6b3c</load_address>
         <run_address>0x6b3c</run_address>
         <size>0x362</size>
         <input_file_ref idref="fl-31"/>
      </object_component>
      <object_component id="oc-33f">
         <name>.text:atan</name>
         <load_address>0x6ea0</load_address>
         <run_address>0x6ea0</run_address>
         <size>0x2ec</size>
         <input_file_ref idref="fl-fe"/>
      </object_component>
      <object_component id="oc-e7">
         <name>.text</name>
         <load_address>0x718c</load_address>
         <run_address>0x718c</run_address>
         <size>0x2e4</size>
         <input_file_ref idref="fl-f"/>
      </object_component>
      <object_component id="oc-412">
         <name>.text:_pconv_a</name>
         <load_address>0x7470</load_address>
         <run_address>0x7470</run_address>
         <size>0x270</size>
         <input_file_ref idref="fl-113"/>
      </object_component>
      <object_component id="oc-1c8">
         <name>.text</name>
         <load_address>0x76e0</load_address>
         <run_address>0x76e0</run_address>
         <size>0x1f8</size>
         <input_file_ref idref="fl-16"/>
      </object_component>
      <object_component id="oc-21f">
         <name>.text:atan2</name>
         <load_address>0x78d8</load_address>
         <run_address>0x78d8</run_address>
         <size>0x1e4</size>
         <input_file_ref idref="fl-fc"/>
      </object_component>
      <object_component id="oc-400">
         <name>.text:_pconv_g</name>
         <load_address>0x7abc</load_address>
         <run_address>0x7abc</run_address>
         <size>0x1d0</size>
         <input_file_ref idref="fl-113"/>
      </object_component>
      <object_component id="oc-33a">
         <name>.text</name>
         <load_address>0x7c8c</load_address>
         <run_address>0x7c8c</run_address>
         <size>0x1b6</size>
         <input_file_ref idref="fl-101"/>
      </object_component>
      <object_component id="oc-db">
         <name>.text</name>
         <load_address>0x7e44</load_address>
         <run_address>0x7e44</run_address>
         <size>0x1b0</size>
         <input_file_ref idref="fl-6"/>
      </object_component>
      <object_component id="oc-9b">
         <name>.text</name>
         <load_address>0x7ff4</load_address>
         <run_address>0x7ff4</run_address>
         <size>0x1b0</size>
         <input_file_ref idref="fl-2"/>
      </object_component>
      <object_component id="oc-1c0">
         <name>.text</name>
         <load_address>0x81a4</load_address>
         <run_address>0x81a4</run_address>
         <size>0x18c</size>
         <input_file_ref idref="fl-18"/>
      </object_component>
      <object_component id="oc-237">
         <name>.text:sqrt</name>
         <load_address>0x8330</load_address>
         <run_address>0x8330</run_address>
         <size>0x158</size>
         <input_file_ref idref="fl-fd"/>
      </object_component>
      <object_component id="oc-40c">
         <name>.text:_pconv_e</name>
         <load_address>0x8488</load_address>
         <run_address>0x8488</run_address>
         <size>0x13c</size>
         <input_file_ref idref="fl-113"/>
      </object_component>
      <object_component id="oc-ed">
         <name>.text</name>
         <load_address>0x85c4</load_address>
         <run_address>0x85c4</run_address>
         <size>0x138</size>
         <input_file_ref idref="fl-12"/>
      </object_component>
      <object_component id="oc-225">
         <name>.text</name>
         <load_address>0x86fc</load_address>
         <run_address>0x86fc</run_address>
         <size>0x136</size>
         <input_file_ref idref="fl-103"/>
      </object_component>
      <object_component id="oc-49b">
         <name>.text:fcvt</name>
         <load_address>0x8834</load_address>
         <run_address>0x8834</run_address>
         <size>0x124</size>
         <input_file_ref idref="fl-113"/>
      </object_component>
      <object_component id="oc-105">
         <name>.text</name>
         <load_address>0x8958</load_address>
         <run_address>0x8958</run_address>
         <size>0x118</size>
         <input_file_ref idref="fl-17"/>
      </object_component>
      <object_component id="oc-4af">
         <name>.text:scalbn</name>
         <load_address>0x8a70</load_address>
         <run_address>0x8a70</run_address>
         <size>0x110</size>
         <input_file_ref idref="fl-127"/>
      </object_component>
      <object_component id="oc-1d5">
         <name>.text</name>
         <load_address>0x8b80</load_address>
         <run_address>0x8b80</run_address>
         <size>0xfc</size>
         <input_file_ref idref="fl-104"/>
      </object_component>
      <object_component id="oc-f3">
         <name>.text</name>
         <load_address>0x8c7c</load_address>
         <run_address>0x8c7c</run_address>
         <size>0xc0</size>
         <input_file_ref idref="fl-13"/>
      </object_component>
      <object_component id="oc-f9">
         <name>.text</name>
         <load_address>0x8d3c</load_address>
         <run_address>0x8d3c</run_address>
         <size>0xb4</size>
         <input_file_ref idref="fl-19"/>
      </object_component>
      <object_component id="oc-3f5">
         <name>.text:_ltostr</name>
         <load_address>0x8df0</load_address>
         <run_address>0x8df0</run_address>
         <size>0xb1</size>
         <input_file_ref idref="fl-113"/>
      </object_component>
      <object_component id="oc-d5">
         <name>.text</name>
         <load_address>0x8ea4</load_address>
         <run_address>0x8ea4</run_address>
         <size>0xb0</size>
         <input_file_ref idref="fl-9"/>
      </object_component>
      <object_component id="oc-3b">
         <name>.text</name>
         <load_address>0x8f54</load_address>
         <run_address>0x8f54</run_address>
         <size>0x9c</size>
         <input_file_ref idref="fl-109"/>
      </object_component>
      <object_component id="oc-481">
         <name>.text</name>
         <load_address>0x8ff0</load_address>
         <run_address>0x8ff0</run_address>
         <size>0x96</size>
         <input_file_ref idref="fl-116"/>
      </object_component>
      <object_component id="oc-18e">
         <name>.text</name>
         <load_address>0x9088</load_address>
         <run_address>0x9088</run_address>
         <size>0x88</size>
         <input_file_ref idref="fl-35"/>
      </object_component>
      <object_component id="oc-3fb">
         <name>.text:__aeabi_cdcmple</name>
         <load_address>0x9110</load_address>
         <run_address>0x9110</run_address>
         <size>0x86</size>
         <input_file_ref idref="fl-102"/>
      </object_component>
      <object_component id="oc-438">
         <name>.text:__aeabi_cdrcmple</name>
         <load_address>0x9196</load_address>
         <run_address>0x9196</run_address>
         <size>0x86</size>
         <input_file_ref idref="fl-102"/>
      </object_component>
      <object_component id="oc-8f">
         <name>.text</name>
         <load_address>0x921c</load_address>
         <run_address>0x921c</run_address>
         <size>0x7a</size>
         <input_file_ref idref="fl-115"/>
      </object_component>
      <object_component id="oc-494">
         <name>.text:_mcpy</name>
         <load_address>0x9296</load_address>
         <run_address>0x9296</run_address>
         <size>0x6e</size>
         <input_file_ref idref="fl-113"/>
      </object_component>
      <object_component id="oc-22a">
         <name>.text</name>
         <load_address>0x9304</load_address>
         <run_address>0x9304</run_address>
         <size>0x6e</size>
         <input_file_ref idref="fl-106"/>
      </object_component>
      <object_component id="oc-15">
         <name>.text:decompress:lzss:__TI_decompress_lzss</name>
         <load_address>0x9372</load_address>
         <run_address>0x9372</run_address>
         <size>0x68</size>
         <input_file_ref idref="fl-10d"/>
      </object_component>
      <object_component id="oc-4a9">
         <name>.text:frexp</name>
         <load_address>0x93dc</load_address>
         <run_address>0x93dc</run_address>
         <size>0x64</size>
         <input_file_ref idref="fl-126"/>
      </object_component>
      <object_component id="oc-194">
         <name>.text</name>
         <load_address>0x9440</load_address>
         <run_address>0x9440</run_address>
         <size>0x5c</size>
         <input_file_ref idref="fl-8"/>
      </object_component>
      <object_component id="oc-406">
         <name>.text:_pconv_f</name>
         <load_address>0x949c</load_address>
         <run_address>0x949c</run_address>
         <size>0x56</size>
         <input_file_ref idref="fl-113"/>
      </object_component>
      <object_component id="oc-488">
         <name>.text:__TI_ltoa</name>
         <load_address>0x94f2</load_address>
         <run_address>0x94f2</run_address>
         <size>0x54</size>
         <input_file_ref idref="fl-11c"/>
      </object_component>
      <object_component id="oc-48e">
         <name>.text:_ecpy</name>
         <load_address>0x9546</load_address>
         <run_address>0x9546</run_address>
         <size>0x52</size>
         <input_file_ref idref="fl-113"/>
      </object_component>
      <object_component id="oc-3ef">
         <name>.text:atoi</name>
         <load_address>0x9598</load_address>
         <run_address>0x9598</run_address>
         <size>0x4c</size>
         <input_file_ref idref="fl-11e"/>
      </object_component>
      <object_component id="oc-ff">
         <name>.text</name>
         <load_address>0x95e4</load_address>
         <run_address>0x95e4</run_address>
         <size>0x4c</size>
         <input_file_ref idref="fl-15"/>
      </object_component>
      <object_component id="oc-30c">
         <name>.text:HOSTtime</name>
         <load_address>0x9630</load_address>
         <run_address>0x9630</run_address>
         <size>0x48</size>
         <input_file_ref idref="fl-123"/>
      </object_component>
      <object_component id="oc-1da">
         <name>.text</name>
         <load_address>0x9678</load_address>
         <run_address>0x9678</run_address>
         <size>0x48</size>
         <input_file_ref idref="fl-105"/>
      </object_component>
      <object_component id="oc-12b">
         <name>.text:__TI_auto_init_nobinit_nopinit:__TI_auto_init_nobinit_nopinit</name>
         <load_address>0x96c0</load_address>
         <run_address>0x96c0</run_address>
         <size>0x44</size>
         <input_file_ref idref="fl-117"/>
      </object_component>
      <object_component id="oc-2f6">
         <name>.text</name>
         <load_address>0x9704</load_address>
         <run_address>0x9704</run_address>
         <size>0x40</size>
         <input_file_ref idref="fl-10a"/>
      </object_component>
      <object_component id="oc-20b">
         <name>.text:sprintf</name>
         <load_address>0x9744</load_address>
         <run_address>0x9744</run_address>
         <size>0x40</size>
         <input_file_ref idref="fl-ff"/>
      </object_component>
      <object_component id="oc-4a1">
         <name>.text:_fcpy</name>
         <load_address>0x9784</load_address>
         <run_address>0x9784</run_address>
         <size>0x3e</size>
         <input_file_ref idref="fl-113"/>
      </object_component>
      <object_component id="oc-177">
         <name>.text</name>
         <load_address>0x97c2</load_address>
         <run_address>0x97c2</run_address>
         <size>0x3e</size>
         <input_file_ref idref="fl-1e"/>
      </object_component>
      <object_component id="oc-3c9">
         <name>.text:__TI_writemsg</name>
         <load_address>0x9800</load_address>
         <run_address>0x9800</run_address>
         <size>0x38</size>
         <input_file_ref idref="fl-124"/>
      </object_component>
      <object_component id="oc-21a">
         <name>.text</name>
         <load_address>0x9838</load_address>
         <run_address>0x9838</run_address>
         <size>0x38</size>
         <input_file_ref idref="fl-107"/>
      </object_component>
      <object_component id="oc-3cf">
         <name>.text:__TI_readmsg</name>
         <load_address>0x9870</load_address>
         <run_address>0x9870</run_address>
         <size>0x34</size>
         <input_file_ref idref="fl-124"/>
      </object_component>
      <object_component id="oc-59">
         <name>.text:_c_int00_noargs:_c_int00_noargs</name>
         <load_address>0x98a4</load_address>
         <run_address>0x98a4</run_address>
         <size>0x34</size>
         <input_file_ref idref="fl-110"/>
      </object_component>
      <object_component id="oc-1d0">
         <name>.text</name>
         <load_address>0x98d8</load_address>
         <run_address>0x98d8</run_address>
         <size>0x2e</size>
         <input_file_ref idref="fl-108"/>
      </object_component>
      <object_component id="oc-205">
         <name>.text:srand</name>
         <load_address>0x9908</load_address>
         <run_address>0x9908</run_address>
         <size>0x24</size>
         <input_file_ref idref="fl-10e"/>
      </object_component>
      <object_component id="oc-418">
         <name>.text:memccpy</name>
         <load_address>0x992c</load_address>
         <run_address>0x992c</run_address>
         <size>0x1c</size>
         <input_file_ref idref="fl-120"/>
      </object_component>
      <object_component id="oc-4fa">
         <name>.text:copysign</name>
         <load_address>0x9948</load_address>
         <run_address>0x9948</run_address>
         <size>0x1a</size>
         <input_file_ref idref="fl-129"/>
      </object_component>
      <object_component id="oc-324">
         <name>.text:_outs</name>
         <load_address>0x9962</load_address>
         <run_address>0x9962</run_address>
         <size>0x18</size>
         <input_file_ref idref="fl-ff"/>
      </object_component>
      <object_component id="oc-4b5">
         <name>.text:strchr</name>
         <load_address>0x997a</load_address>
         <run_address>0x997a</run_address>
         <size>0x16</size>
         <input_file_ref idref="fl-121"/>
      </object_component>
      <object_component id="oc-23d">
         <name>.text:strcpy</name>
         <load_address>0x9990</load_address>
         <run_address>0x9990</run_address>
         <size>0x14</size>
         <input_file_ref idref="fl-10f"/>
      </object_component>
      <object_component id="oc-3e9">
         <name>.text:strlen</name>
         <load_address>0x99a4</load_address>
         <run_address>0x99a4</run_address>
         <size>0x14</size>
         <input_file_ref idref="fl-122"/>
      </object_component>
      <object_component id="oc-41e">
         <name>.text:wcslen</name>
         <load_address>0x99b8</load_address>
         <run_address>0x99b8</run_address>
         <size>0x12</size>
         <input_file_ref idref="fl-125"/>
      </object_component>
      <object_component id="oc-1a3">
         <name>.text</name>
         <load_address>0x99ca</load_address>
         <run_address>0x99ca</run_address>
         <size>0xe</size>
         <input_file_ref idref="fl-5"/>
      </object_component>
      <object_component id="oc-1ff">
         <name>.text:__time32</name>
         <load_address>0x99d8</load_address>
         <run_address>0x99d8</run_address>
         <size>0xe</size>
         <input_file_ref idref="fl-111"/>
      </object_component>
      <object_component id="oc-1b">
         <name>.text:decompress:none:__TI_decompress_none</name>
         <load_address>0x99e6</load_address>
         <run_address>0x99e6</run_address>
         <size>0xe</size>
         <input_file_ref idref="fl-10c"/>
      </object_component>
      <object_component id="oc-4d">
         <name>.text:decompress:ZI:__TI_zero_init</name>
         <load_address>0x99f4</load_address>
         <run_address>0x99f4</run_address>
         <size>0xc</size>
         <input_file_ref idref="fl-10b"/>
      </object_component>
      <object_component id="oc-27">
         <name>.text</name>
         <load_address>0x9a00</load_address>
         <run_address>0x9a00</run_address>
         <size>0xc</size>
         <input_file_ref idref="fl-4"/>
      </object_component>
      <object_component id="oc-32a">
         <name>.text:_outc</name>
         <load_address>0x9a0c</load_address>
         <run_address>0x9a0c</run_address>
         <size>0xa</size>
         <input_file_ref idref="fl-ff"/>
      </object_component>
      <object_component id="oc-34e">
         <name>.text:__aeabi_errno_addr</name>
         <load_address>0x9a18</load_address>
         <run_address>0x9a18</run_address>
         <size>0x8</size>
         <input_file_ref idref="fl-112"/>
      </object_component>
      <object_component id="oc-186">
         <name>.text:SysCtlDelay</name>
         <load_address>0x9a20</load_address>
         <run_address>0x9a20</run_address>
         <size>0x6</size>
         <input_file_ref idref="fl-33"/>
      </object_component>
      <object_component id="oc-95">
         <name>.text:_system_pre_init</name>
         <load_address>0x9a26</load_address>
         <run_address>0x9a26</run_address>
         <size>0x4</size>
         <input_file_ref idref="fl-118"/>
      </object_component>
      <object_component id="oc-11f">
         <name>.text:abort:abort</name>
         <load_address>0x9a2a</load_address>
         <run_address>0x9a2a</run_address>
         <size>0x4</size>
         <input_file_ref idref="fl-11a"/>
      </object_component>
      <object_component id="oc-334">
         <name>.const:.string:Emulogic_Bitmaps</name>
         <load_address>0x9a30</load_address>
         <run_address>0x9a30</run_address>
         <size>0x3ac</size>
         <input_file_ref idref="fl-e"/>
      </object_component>
      <object_component id="oc-183">
         <name>.const:g_pppui32XTALtoVCO</name>
         <load_address>0x9ddc</load_address>
         <run_address>0x9ddc</run_address>
         <size>0x1b0</size>
         <input_file_ref idref="fl-33"/>
      </object_component>
      <object_component id="oc-47c">
         <name>.const:.string:_ctypes_</name>
         <load_address>0x9f8c</load_address>
         <run_address>0x9f8c</run_address>
         <size>0x101</size>
         <input_file_ref idref="fl-11f"/>
      </object_component>
      <object_component id="oc-1e1">
         <name>.const:.string:$P$T0$1</name>
         <load_address>0xa08d</load_address>
         <run_address>0xa08d</run_address>
         <size>0x2</size>
         <input_file_ref idref="fl-13"/>
      </object_component>
      <object_component id="oc-2be">
         <name>.const:g_ppui32GPIOIntMapSnowflake</name>
         <load_address>0xa090</load_address>
         <run_address>0xa090</run_address>
         <size>0xd8</size>
         <input_file_ref idref="fl-27"/>
      </object_component>
      <object_component id="oc-2bb">
         <name>.const:g_ppui32GPIOIntMapBlizzard</name>
         <load_address>0xa168</load_address>
         <run_address>0xa168</run_address>
         <size>0xc0</size>
         <input_file_ref idref="fl-27"/>
      </object_component>
      <object_component id="oc-288">
         <name>.const:g_pui32Regs</name>
         <load_address>0xa228</load_address>
         <run_address>0xa228</run_address>
         <size>0x9c</size>
         <input_file_ref idref="fl-2a"/>
      </object_component>
      <object_component id="oc-2fb">
         <name>.const</name>
         <load_address>0xa2c4</load_address>
         <run_address>0xa2c4</run_address>
         <size>0x4</size>
         <input_file_ref idref="fl-38"/>
      </object_component>
      <object_component id="oc-43d">
         <name>.const:$O1$$</name>
         <load_address>0xa2c8</load_address>
         <run_address>0xa2c8</run_address>
         <size>0x98</size>
         <input_file_ref idref="fl-fe"/>
      </object_component>
      <object_component id="oc-2c1">
         <name>.const:g_pui32GPIOBaseAddrs</name>
         <load_address>0xa360</load_address>
         <run_address>0xa360</run_address>
         <size>0x90</size>
         <input_file_ref idref="fl-27"/>
      </object_component>
      <object_component id="oc-17d">
         <name>.const:g_pui32Xtals</name>
         <load_address>0xa3f0</load_address>
         <run_address>0xa3f0</run_address>
         <size>0x6c</size>
         <input_file_ref idref="fl-33"/>
      </object_component>
      <object_component id="oc-3a7">
         <name>.const:g_ppui32I2CIntMapSnowflake</name>
         <load_address>0xa45c</load_address>
         <run_address>0xa45c</run_address>
         <size>0x50</size>
         <input_file_ref idref="fl-29"/>
      </object_component>
      <object_component id="oc-2e5">
         <name>.const:g_ppui32UARTIntMap</name>
         <load_address>0xa4ac</load_address>
         <run_address>0xa4ac</run_address>
         <size>0x40</size>
         <input_file_ref idref="fl-37"/>
      </object_component>
      <object_component id="oc-2e8">
         <name>.const:g_ppui32UARTIntMapSnowflake</name>
         <load_address>0xa4ec</load_address>
         <run_address>0xa4ec</run_address>
         <size>0x40</size>
         <input_file_ref idref="fl-37"/>
      </object_component>
      <object_component id="oc-3a4">
         <name>.const:g_ppui32I2CIntMap</name>
         <load_address>0xa52c</load_address>
         <run_address>0xa52c</run_address>
         <size>0x30</size>
         <input_file_ref idref="fl-29"/>
      </object_component>
      <object_component id="oc-16e">
         <name>.const:g_sXTALtoMEMTIM</name>
         <load_address>0xa55c</load_address>
         <run_address>0xa55c</run_address>
         <size>0x30</size>
         <input_file_ref idref="fl-33"/>
      </object_component>
      <object_component id="oc-39a">
         <name>.const:g_ppui32SSIIntMap</name>
         <load_address>0xa58c</load_address>
         <run_address>0xa58c</run_address>
         <size>0x20</size>
         <input_file_ref idref="fl-31"/>
      </object_component>
      <object_component id="oc-39d">
         <name>.const:g_ppui32SSIIntMapSnowflake</name>
         <load_address>0xa5ac</load_address>
         <run_address>0xa5ac</run_address>
         <size>0x20</size>
         <input_file_ref idref="fl-31"/>
      </object_component>
      <object_component id="oc-285">
         <name>.const:g_pui32Priority</name>
         <load_address>0xa5cc</load_address>
         <run_address>0xa5cc</run_address>
         <size>0x20</size>
         <input_file_ref idref="fl-2a"/>
      </object_component>
      <object_component id="oc-28e">
         <name>.const:g_pui32Dii16Regs</name>
         <load_address>0xa5ec</load_address>
         <run_address>0xa5ec</run_address>
         <size>0x14</size>
         <input_file_ref idref="fl-2a"/>
      </object_component>
      <object_component id="oc-28b">
         <name>.const:g_pui32EnRegs</name>
         <load_address>0xa600</load_address>
         <run_address>0xa600</run_address>
         <size>0x14</size>
         <input_file_ref idref="fl-2a"/>
      </object_component>
      <object_component id="oc-291">
         <name>.const:g_pui32PendRegs</name>
         <load_address>0xa614</load_address>
         <run_address>0xa614</run_address>
         <size>0x14</size>
         <input_file_ref idref="fl-2a"/>
      </object_component>
      <object_component id="oc-294">
         <name>.const:g_pui32UnpendRegs</name>
         <load_address>0xa628</load_address>
         <run_address>0xa628</run_address>
         <size>0x14</size>
         <input_file_ref idref="fl-2a"/>
      </object_component>
      <object_component id="oc-3c0">
         <name>.const:.string</name>
         <load_address>0xa63c</load_address>
         <run_address>0xa63c</run_address>
         <size>0x12</size>
         <input_file_ref idref="fl-38"/>
      </object_component>
      <object_component id="oc-1e4">
         <name>.const:.string:$P$T1$2</name>
         <load_address>0xa64e</load_address>
         <run_address>0xa64e</run_address>
         <size>0x2</size>
         <input_file_ref idref="fl-13"/>
      </object_component>
      <object_component id="oc-2f3">
         <name>.const:g_ui32UARTBase</name>
         <load_address>0xa650</load_address>
         <run_address>0xa650</run_address>
         <size>0xc</size>
         <input_file_ref idref="fl-38"/>
      </object_component>
      <object_component id="oc-2ed">
         <name>.const:g_ui32UARTPeriph</name>
         <load_address>0xa65c</load_address>
         <run_address>0xa65c</run_address>
         <size>0xc</size>
         <input_file_ref idref="fl-38"/>
      </object_component>
      <object_component id="oc-180">
         <name>.const:g_pui32VCOFrequencies</name>
         <load_address>0xa668</load_address>
         <run_address>0xa668</run_address>
         <size>0x8</size>
         <input_file_ref idref="fl-33"/>
      </object_component>
      <object_component id="oc-550">
         <name>.cinit..data.load</name>
         <load_address>0xa670</load_address>
         <run_address>0xa670</run_address>
         <size>0x2d</size>
      </object_component>
      <object_component id="oc-54d">
         <name>__TI_handler_table</name>
         <load_address>0xa6a0</load_address>
         <run_address>0xa6a0</run_address>
         <size>0xc</size>
      </object_component>
      <object_component id="oc-551">
         <name>.cinit..bss.load</name>
         <load_address>0xa6b0</load_address>
         <run_address>0xa6b0</run_address>
         <size>0x8</size>
      </object_component>
      <object_component id="oc-54f">
         <name>.cinit..vtable.load</name>
         <load_address>0xa6b8</load_address>
         <run_address>0xa6b8</run_address>
         <size>0x8</size>
      </object_component>
      <object_component id="oc-54e">
         <name>__TI_cinit_table</name>
         <load_address>0xa6c0</load_address>
         <run_address>0xa6c0</run_address>
         <size>0x18</size>
      </object_component>
      <object_component id="oc-282">
         <name>.vtable</name>
         <uninitialized>true</uninitialized>
         <run_address>0x20000000</run_address>
         <size>0x26c</size>
         <input_file_ref idref="fl-2a"/>
      </object_component>
      <object_component id="oc-211">
         <name>.data</name>
         <load_address>0x20007a30</load_address>
         <run_address>0x20007a30</run_address>
         <size>0x20</size>
         <input_file_ref idref="fl-3"/>
      </object_component>
      <object_component id="oc-1ae">
         <name>.data</name>
         <load_address>0x20007a70</load_address>
         <run_address>0x20007a70</run_address>
         <size>0x4</size>
         <input_file_ref idref="fl-7"/>
      </object_component>
      <object_component id="oc-214">
         <name>.data:FontStyle_Emulogic</name>
         <load_address>0x20007a50</load_address>
         <run_address>0x20007a50</run_address>
         <size>0x10</size>
         <input_file_ref idref="fl-e"/>
      </object_component>
      <object_component id="oc-2f0">
         <name>.data</name>
         <load_address>0x20007a68</load_address>
         <run_address>0x20007a68</run_address>
         <size>0x5</size>
         <input_file_ref idref="fl-38"/>
      </object_component>
      <object_component id="oc-319">
         <name>.data</name>
         <load_address>0x20007a78</load_address>
         <run_address>0x20007a78</run_address>
         <size>0x4</size>
         <input_file_ref idref="fl-10e"/>
      </object_component>
      <object_component id="oc-448">
         <name>.data</name>
         <load_address>0x20007a74</load_address>
         <run_address>0x20007a74</run_address>
         <size>0x4</size>
         <input_file_ref idref="fl-112"/>
      </object_component>
      <object_component id="oc-264">
         <name>.data:$O1$$</name>
         <load_address>0x20007a60</load_address>
         <run_address>0x20007a60</run_address>
         <size>0x8</size>
         <input_file_ref idref="fl-11b"/>
      </object_component>
      <object_component id="oc-1b6">
         <name>.bss:FIFOs</name>
         <uninitialized>true</uninitialized>
         <run_address>0x2000729c</run_address>
         <size>0x150</size>
         <input_file_ref idref="fl-6"/>
      </object_component>
      <object_component id="oc-1a8">
         <name>.bss:threadControlBlocks</name>
         <uninitialized>true</uninitialized>
         <run_address>0x200070e4</run_address>
         <size>0x1b8</size>
         <input_file_ref idref="fl-7"/>
      </object_component>
      <object_component id="oc-1b1">
         <name>.bss:threadStacks</name>
         <uninitialized>true</uninitialized>
         <run_address>0x2000026c</run_address>
         <size>0x5000</size>
         <input_file_ref idref="fl-7"/>
      </object_component>
      <object_component id="oc-1a0">
         <name>.bss:pthreadControlBlocks</name>
         <uninitialized>true</uninitialized>
         <run_address>0x20007764</run_address>
         <size>0x48</size>
         <input_file_ref idref="fl-7"/>
      </object_component>
      <object_component id="oc-19d">
         <name>.bss</name>
         <uninitialized>true</uninitialized>
         <run_address>0x200077bc</run_address>
         <size>0x8</size>
         <input_file_ref idref="fl-7"/>
      </object_component>
      <object_component id="oc-305">
         <name>.bss:g_pui8OversampleFactor</name>
         <uninitialized>true</uninitialized>
         <run_address>0x200077c4</run_address>
         <size>0x8</size>
         <input_file_ref idref="fl-1a"/>
      </object_component>
      <object_component id="oc-46d">
         <name>.bss:_CIOBUF_</name>
         <uninitialized>true</uninitialized>
         <run_address>0x20007644</run_address>
         <size>0x120</size>
         <input_file_ref idref="fl-124"/>
      </object_component>
      <object_component id="oc-1ab">
         <name>.common:IBit_State</name>
         <uninitialized>true</uninitialized>
         <run_address>0x200077e8</run_address>
         <size>0x4</size>
      </object_component>
      <object_component id="oc-111">
         <name>.common:sem_I2CA</name>
         <uninitialized>true</uninitialized>
         <run_address>0x200077fc</run_address>
         <size>0x4</size>
      </object_component>
      <object_component id="oc-114">
         <name>.common:sem_SPIA</name>
         <uninitialized>true</uninitialized>
         <run_address>0x20007818</run_address>
         <size>0x4</size>
      </object_component>
      <object_component id="oc-115">
         <name>.common:sem_PCA9555_Debounce</name>
         <uninitialized>true</uninitialized>
         <run_address>0x20007810</run_address>
         <size>0x4</size>
      </object_component>
      <object_component id="oc-116">
         <name>.common:sem_Joystick_Debounce</name>
         <uninitialized>true</uninitialized>
         <run_address>0x20007800</run_address>
         <size>0x4</size>
      </object_component>
      <object_component id="oc-117">
         <name>.common:sem_KillCube</name>
         <uninitialized>true</uninitialized>
         <run_address>0x20007804</run_address>
         <size>0x4</size>
      </object_component>
      <object_component id="oc-118">
         <name>.common:sem_Menu</name>
         <uninitialized>true</uninitialized>
         <run_address>0x2000780c</run_address>
         <size>0x4</size>
      </object_component>
      <object_component id="oc-119">
         <name>.common:sem_Lev</name>
         <uninitialized>true</uninitialized>
         <run_address>0x20007808</run_address>
         <size>0x4</size>
      </object_component>
      <object_component id="oc-11a">
         <name>.common:sem_Pic</name>
         <uninitialized>true</uninitialized>
         <run_address>0x20007814</run_address>
         <size>0x4</size>
      </object_component>
      <object_component id="oc-11d">
         <name>.common:sem_Draw</name>
         <uninitialized>true</uninitialized>
         <run_address>0x200077f8</run_address>
         <size>0x4</size>
      </object_component>
      <object_component id="oc-11b">
         <name>.common:sem_Calc</name>
         <uninitialized>true</uninitialized>
         <run_address>0x200077f4</run_address>
         <size>0x4</size>
      </object_component>
      <object_component id="oc-11c">
         <name>.common:sem_UART</name>
         <uninitialized>true</uninitialized>
         <run_address>0x2000781c</run_address>
         <size>0x4</size>
      </object_component>
      <object_component id="oc-22f">
         <name>.common:sel_x</name>
         <uninitialized>true</uninitialized>
         <run_address>0x200077d4</run_address>
         <size>0x8</size>
      </object_component>
      <object_component id="oc-230">
         <name>.common:sel_y</name>
         <uninitialized>true</uninitialized>
         <run_address>0x200077dc</run_address>
         <size>0x8</size>
      </object_component>
      <object_component id="oc-232">
         <name>.common:sel_ang</name>
         <uninitialized>true</uninitialized>
         <run_address>0x200077f0</run_address>
         <size>0x4</size>
      </object_component>
      <object_component id="oc-233">
         <name>.common:packet</name>
         <uninitialized>true</uninitialized>
         <run_address>0x20007820</run_address>
         <size>0x3</size>
      </object_component>
      <object_component id="oc-231">
         <name>.common:res_on_clr</name>
         <uninitialized>true</uninitialized>
         <run_address>0x2000526c</run_address>
         <size>0x1c20</size>
      </object_component>
      <object_component id="oc-236">
         <name>.common:res_on_mv</name>
         <uninitialized>true</uninitialized>
         <run_address>0x20006e8c</run_address>
         <size>0x258</size>
      </object_component>
      <object_component id="oc-234">
         <name>.common:mvX</name>
         <uninitialized>true</uninitialized>
         <run_address>0x200073ec</run_address>
         <size>0x12c</size>
      </object_component>
      <object_component id="oc-235">
         <name>.common:mvY</name>
         <uninitialized>true</uninitialized>
         <run_address>0x20007518</run_address>
         <size>0x12c</size>
      </object_component>
      <object_component id="oc-217">
         <name>.common:lev_x</name>
         <uninitialized>true</uninitialized>
         <run_address>0x20007824</run_address>
         <size>0x2</size>
      </object_component>
      <object_component id="oc-218">
         <name>.common:lev_y</name>
         <uninitialized>true</uninitialized>
         <run_address>0x20007826</run_address>
         <size>0x2</size>
      </object_component>
      <object_component id="oc-219">
         <name>.common:lev_z</name>
         <uninitialized>true</uninitialized>
         <run_address>0x20007828</run_address>
         <size>0x2</size>
      </object_component>
      <object_component id="oc-243">
         <name>.common:prevLev</name>
         <uninitialized>true</uninitialized>
         <run_address>0x200077ac</run_address>
         <size>0x10</size>
      </object_component>
      <object_component id="oc-199">
         <name>.common:SystemTime</name>
         <uninitialized>true</uninitialized>
         <run_address>0x200077ec</run_address>
         <size>0x4</size>
      </object_component>
      <object_component id="oc-19c">
         <name>.common:CurrentlyRunningThread</name>
         <uninitialized>true</uninitialized>
         <run_address>0x200077e4</run_address>
         <size>0x4</size>
      </object_component>
      <object_component id="oc-3d5">
         <name>.common:parmbuf</name>
         <uninitialized>true</uninitialized>
         <run_address>0x200077cc</run_address>
         <size>0x8</size>
      </object_component>
      <object_component id="oc-24">
         <name>.stack</name>
         <uninitialized>true</uninitialized>
         <run_address>0x20007830</run_address>
         <size>0x4</size>
         <input_file_ref idref="fl-110"/>
      </object_component>
      <object_component id="oc-553">
         <name>.stack</name>
         <uninitialized>true</uninitialized>
         <run_address>0x20007830</run_address>
         <size>0x0</size>
      </object_component>
      <object_component id="oc-b7">
         <name>.debug_info</name>
         <load_address>0x0</load_address>
         <run_address>0x0</run_address>
         <size>0x943</size>
         <input_file_ref idref="fl-2"/>
      </object_component>
      <object_component id="oc-9c">
         <name>.debug_info</name>
         <load_address>0x943</load_address>
         <run_address>0x943</run_address>
         <size>0x4e8</size>
         <input_file_ref idref="fl-2"/>
      </object_component>
      <object_component id="oc-169">
         <name>.debug_info</name>
         <load_address>0xe2b</load_address>
         <run_address>0xe2b</run_address>
         <size>0x7e</size>
         <input_file_ref idref="fl-2"/>
      </object_component>
      <object_component id="oc-70">
         <name>.debug_info</name>
         <load_address>0xea9</load_address>
         <run_address>0xea9</run_address>
         <size>0x26b</size>
         <input_file_ref idref="fl-2"/>
      </object_component>
      <object_component id="oc-256">
         <name>.debug_info</name>
         <load_address>0x1114</load_address>
         <run_address>0x1114</run_address>
         <size>0xc2</size>
         <input_file_ref idref="fl-2"/>
      </object_component>
      <object_component id="oc-24a">
         <name>.debug_info</name>
         <load_address>0x11d6</load_address>
         <run_address>0x11d6</run_address>
         <size>0xcd</size>
         <input_file_ref idref="fl-2"/>
      </object_component>
      <object_component id="oc-b2">
         <name>.debug_info</name>
         <load_address>0x12a3</load_address>
         <run_address>0x12a3</run_address>
         <size>0x8b</size>
         <input_file_ref idref="fl-2"/>
      </object_component>
      <object_component id="oc-ad">
         <name>.debug_info</name>
         <load_address>0x132e</load_address>
         <run_address>0x132e</run_address>
         <size>0x2a4</size>
         <input_file_ref idref="fl-2"/>
      </object_component>
      <object_component id="oc-188">
         <name>.debug_info</name>
         <load_address>0x15d2</load_address>
         <run_address>0x15d2</run_address>
         <size>0xef</size>
         <input_file_ref idref="fl-2"/>
      </object_component>
      <object_component id="oc-75">
         <name>.debug_info</name>
         <load_address>0x16c1</load_address>
         <run_address>0x16c1</run_address>
         <size>0xbb</size>
         <input_file_ref idref="fl-2"/>
      </object_component>
      <object_component id="oc-15f">
         <name>.debug_info</name>
         <load_address>0x177c</load_address>
         <run_address>0x177c</run_address>
         <size>0x2c</size>
         <input_file_ref idref="fl-2"/>
      </object_component>
      <object_component id="oc-164">
         <name>.debug_info</name>
         <load_address>0x17a8</load_address>
         <run_address>0x17a8</run_address>
         <size>0x1a2</size>
         <input_file_ref idref="fl-2"/>
      </object_component>
      <object_component id="oc-300">
         <name>.debug_info</name>
         <load_address>0x194a</load_address>
         <run_address>0x194a</run_address>
         <size>0x2c</size>
         <input_file_ref idref="fl-2"/>
      </object_component>
      <object_component id="oc-112">
         <name>.debug_info</name>
         <load_address>0x1976</load_address>
         <run_address>0x1976</run_address>
         <size>0xd3e</size>
         <input_file_ref idref="fl-3"/>
      </object_component>
      <object_component id="oc-212">
         <name>.debug_info</name>
         <load_address>0x26b4</load_address>
         <run_address>0x26b4</run_address>
         <size>0x2bb</size>
         <input_file_ref idref="fl-3"/>
      </object_component>
      <object_component id="oc-10c">
         <name>.debug_info</name>
         <load_address>0x296f</load_address>
         <run_address>0x296f</run_address>
         <size>0x1fd6</size>
         <input_file_ref idref="fl-3"/>
      </object_component>
      <object_component id="oc-245">
         <name>.debug_info</name>
         <load_address>0x4945</load_address>
         <run_address>0x4945</run_address>
         <size>0x189</size>
         <input_file_ref idref="fl-3"/>
      </object_component>
      <object_component id="oc-24f">
         <name>.debug_info</name>
         <load_address>0x4ace</load_address>
         <run_address>0x4ace</run_address>
         <size>0x3b</size>
         <input_file_ref idref="fl-3"/>
      </object_component>
      <object_component id="oc-25b">
         <name>.debug_info</name>
         <load_address>0x4b09</load_address>
         <run_address>0x4b09</run_address>
         <size>0x35</size>
         <input_file_ref idref="fl-3"/>
      </object_component>
      <object_component id="oc-2f">
         <name>.debug_info</name>
         <load_address>0x4b3e</load_address>
         <run_address>0x4b3e</run_address>
         <size>0x2a1</size>
         <input_file_ref idref="fl-4"/>
      </object_component>
      <object_component id="oc-13">
         <name>.debug_info</name>
         <load_address>0x4ddf</load_address>
         <run_address>0x4ddf</run_address>
         <size>0xe0</size>
         <input_file_ref idref="fl-4"/>
      </object_component>
      <object_component id="oc-28">
         <name>.debug_info</name>
         <load_address>0x4ebf</load_address>
         <run_address>0x4ebf</run_address>
         <size>0x25c</size>
         <input_file_ref idref="fl-4"/>
      </object_component>
      <object_component id="oc-36">
         <name>.debug_info</name>
         <load_address>0x511b</load_address>
         <run_address>0x511b</run_address>
         <size>0x84</size>
         <input_file_ref idref="fl-4"/>
      </object_component>
      <object_component id="oc-1a6">
         <name>.debug_info</name>
         <load_address>0x519f</load_address>
         <run_address>0x519f</run_address>
         <size>0x140</size>
         <input_file_ref idref="fl-5"/>
      </object_component>
      <object_component id="oc-2ba">
         <name>.debug_info</name>
         <load_address>0x52df</load_address>
         <run_address>0x52df</run_address>
         <size>0x340</size>
         <input_file_ref idref="fl-6"/>
      </object_component>
      <object_component id="oc-1b7">
         <name>.debug_info</name>
         <load_address>0x561f</load_address>
         <run_address>0x561f</run_address>
         <size>0xce</size>
         <input_file_ref idref="fl-6"/>
      </object_component>
      <object_component id="oc-dc">
         <name>.debug_info</name>
         <load_address>0x56ed</load_address>
         <run_address>0x56ed</run_address>
         <size>0x3cb</size>
         <input_file_ref idref="fl-6"/>
      </object_component>
      <object_component id="oc-38d">
         <name>.debug_info</name>
         <load_address>0x5ab8</load_address>
         <run_address>0x5ab8</run_address>
         <size>0xb2</size>
         <input_file_ref idref="fl-6"/>
      </object_component>
      <object_component id="oc-19a">
         <name>.debug_info</name>
         <load_address>0x5b6a</load_address>
         <run_address>0x5b6a</run_address>
         <size>0x573</size>
         <input_file_ref idref="fl-7"/>
      </object_component>
      <object_component id="oc-1a9">
         <name>.debug_info</name>
         <load_address>0x60dd</load_address>
         <run_address>0x60dd</run_address>
         <size>0xf0</size>
         <input_file_ref idref="fl-7"/>
      </object_component>
      <object_component id="oc-1b2">
         <name>.debug_info</name>
         <load_address>0x61cd</load_address>
         <run_address>0x61cd</run_address>
         <size>0xe2</size>
         <input_file_ref idref="fl-7"/>
      </object_component>
      <object_component id="oc-1a1">
         <name>.debug_info</name>
         <load_address>0x62af</load_address>
         <run_address>0x62af</run_address>
         <size>0xf2</size>
         <input_file_ref idref="fl-7"/>
      </object_component>
      <object_component id="oc-19e">
         <name>.debug_info</name>
         <load_address>0x63a1</load_address>
         <run_address>0x63a1</run_address>
         <size>0x118</size>
         <input_file_ref idref="fl-7"/>
      </object_component>
      <object_component id="oc-1af">
         <name>.debug_info</name>
         <load_address>0x64b9</load_address>
         <run_address>0x64b9</run_address>
         <size>0xe4</size>
         <input_file_ref idref="fl-7"/>
      </object_component>
      <object_component id="oc-d0">
         <name>.debug_info</name>
         <load_address>0x659d</load_address>
         <run_address>0x659d</run_address>
         <size>0xe40</size>
         <input_file_ref idref="fl-7"/>
      </object_component>
      <object_component id="oc-196">
         <name>.debug_info</name>
         <load_address>0x73dd</load_address>
         <run_address>0x73dd</run_address>
         <size>0x13c</size>
         <input_file_ref idref="fl-8"/>
      </object_component>
      <object_component id="oc-1ac">
         <name>.debug_info</name>
         <load_address>0x7519</load_address>
         <run_address>0x7519</run_address>
         <size>0x362</size>
         <input_file_ref idref="fl-9"/>
      </object_component>
      <object_component id="oc-d8">
         <name>.debug_info</name>
         <load_address>0x787b</load_address>
         <run_address>0x787b</run_address>
         <size>0x3e1</size>
         <input_file_ref idref="fl-9"/>
      </object_component>
      <object_component id="oc-436">
         <name>.debug_info</name>
         <load_address>0x7c5c</load_address>
         <run_address>0x7c5c</run_address>
         <size>0xeb</size>
         <input_file_ref idref="fl-e"/>
      </object_component>
      <object_component id="oc-335">
         <name>.debug_info</name>
         <load_address>0x7d47</load_address>
         <run_address>0x7d47</run_address>
         <size>0xee</size>
         <input_file_ref idref="fl-e"/>
      </object_component>
      <object_component id="oc-215">
         <name>.debug_info</name>
         <load_address>0x7e35</load_address>
         <run_address>0x7e35</run_address>
         <size>0xf4</size>
         <input_file_ref idref="fl-e"/>
      </object_component>
      <object_component id="oc-1cf">
         <name>.debug_info</name>
         <load_address>0x7f29</load_address>
         <run_address>0x7f29</run_address>
         <size>0x3ad</size>
         <input_file_ref idref="fl-f"/>
      </object_component>
      <object_component id="oc-e9">
         <name>.debug_info</name>
         <load_address>0x82d6</load_address>
         <run_address>0x82d6</run_address>
         <size>0x114f</size>
         <input_file_ref idref="fl-f"/>
      </object_component>
      <object_component id="oc-1e0">
         <name>.debug_info</name>
         <load_address>0x9425</load_address>
         <run_address>0x9425</run_address>
         <size>0x371</size>
         <input_file_ref idref="fl-12"/>
      </object_component>
      <object_component id="oc-f1">
         <name>.debug_info</name>
         <load_address>0x9796</load_address>
         <run_address>0x9796</run_address>
         <size>0x7bc</size>
         <input_file_ref idref="fl-12"/>
      </object_component>
      <object_component id="oc-1e8">
         <name>.debug_info</name>
         <load_address>0x9f52</load_address>
         <run_address>0x9f52</run_address>
         <size>0x421</size>
         <input_file_ref idref="fl-13"/>
      </object_component>
      <object_component id="oc-1e2">
         <name>.debug_info</name>
         <load_address>0xa373</load_address>
         <run_address>0xa373</run_address>
         <size>0xe2</size>
         <input_file_ref idref="fl-13"/>
      </object_component>
      <object_component id="oc-1e5">
         <name>.debug_info</name>
         <load_address>0xa455</load_address>
         <run_address>0xa455</run_address>
         <size>0xe2</size>
         <input_file_ref idref="fl-13"/>
      </object_component>
      <object_component id="oc-f7">
         <name>.debug_info</name>
         <load_address>0xa537</load_address>
         <run_address>0xa537</run_address>
         <size>0x5b7</size>
         <input_file_ref idref="fl-13"/>
      </object_component>
      <object_component id="oc-1c7">
         <name>.debug_info</name>
         <load_address>0xaaee</load_address>
         <run_address>0xaaee</run_address>
         <size>0x41e</size>
         <input_file_ref idref="fl-14"/>
      </object_component>
      <object_component id="oc-e3">
         <name>.debug_info</name>
         <load_address>0xaf0c</load_address>
         <run_address>0xaf0c</run_address>
         <size>0x1b41</size>
         <input_file_ref idref="fl-14"/>
      </object_component>
      <object_component id="oc-103">
         <name>.debug_info</name>
         <load_address>0xca4d</load_address>
         <run_address>0xca4d</run_address>
         <size>0x29e</size>
         <input_file_ref idref="fl-15"/>
      </object_component>
      <object_component id="oc-2d7">
         <name>.debug_info</name>
         <load_address>0xcceb</load_address>
         <run_address>0xcceb</run_address>
         <size>0x4d9</size>
         <input_file_ref idref="fl-16"/>
      </object_component>
      <object_component id="oc-1cc">
         <name>.debug_info</name>
         <load_address>0xd1c4</load_address>
         <run_address>0xd1c4</run_address>
         <size>0x8d8</size>
         <input_file_ref idref="fl-16"/>
      </object_component>
      <object_component id="oc-1fe">
         <name>.debug_info</name>
         <load_address>0xda9c</load_address>
         <run_address>0xda9c</run_address>
         <size>0x63a</size>
         <input_file_ref idref="fl-17"/>
      </object_component>
      <object_component id="oc-106">
         <name>.debug_info</name>
         <load_address>0xe0d6</load_address>
         <run_address>0xe0d6</run_address>
[...]
      </symbol>
      <symbol id="sm-a66">
         <name>UARTRxErrorClear</name>
         <value>0x61ef</value>
         <object_component_ref idref="oc-1e9"/>
      </symbol>
      <symbol id="sm-a67">
         <name>UARTModemControlSet</name>
         <value>0x5f39</value>
         <object_component_ref idref="oc-1e9"/>
      </symbol>
      <symbol id="sm-a68">
         <name>UARTFlowControlSet</name>
         <value>0x5fbb</value>
         <object_component_ref idref="oc-1e9"/>
      </symbol>
      <symbol id="sm-a69">
         <name>UARTConfigSetExpClk</name>
         <value>0x5d71</value>
         <object_component_ref idref="oc-1e9"/>
      </symbol>
      <symbol id="sm-a6a">
         <name>UARTSmartCardDisable</name>
         <value>0x5f23</value>
         <object_component_ref idref="oc-1e9"/>
      </symbol>
      <symbol id="sm-a6b">
         <name>UARTDisable</name>
         <value>0x5e57</value>
         <object_component_ref idref="oc-1e9"/>
      </symbol>
      <symbol id="sm-a6c">
         <name>UART9BitDisable</name>
         <value>0x6239</value>
         <object_component_ref idref="oc-1e9"/>
      </symbol>
      <symbol id="sm-a6d">
         <name>UARTFIFOLevelGet</name>
         <value>0x5d49</value>
         <object_component_ref idref="oc-1e9"/>
      </symbol>
      <symbol id="sm-a6e">
         <name>UARTBusy</name>
         <value>0x60f1</value>
         <object_component_ref idref="oc-1e9"/>
      </symbol>
      <symbol id="sm-a6f">
         <name>UARTDisableSIR</name>
         <value>0x5edb</value>
         <object_component_ref idref="oc-1e9"/>
      </symbol>
      <symbol id="sm-a70">
         <name>UARTLoopbackEnable</name>
         <value>0x62bd</value>
         <object_component_ref idref="oc-1e9"/>
      </symbol>
      <symbol id="sm-a71">
         <name>UARTIntEnable</name>
         <value>0x614d</value>
         <object_component_ref idref="oc-1e9"/>
      </symbol>
      <symbol id="sm-a72">
         <name>UARTCharsAvail</name>
         <value>0x6017</value>
         <object_component_ref idref="oc-1e9"/>
      </symbol>
      <symbol id="sm-a73">
         <name>UARTCharGetNonBlocking</name>
         <value>0x6053</value>
         <object_component_ref idref="oc-1e9"/>
      </symbol>
      <symbol id="sm-a74">
         <name>UARTClockSourceSet</name>
         <value>0x61ff</value>
         <object_component_ref idref="oc-1e9"/>
      </symbol>
      <symbol id="sm-a75">
         <name>UARTTxIntModeGet</name>
         <value>0x6005</value>
         <object_component_ref idref="oc-1e9"/>
      </symbol>
      <symbol id="sm-a76">
         <name>UARTModemStatusGet</name>
         <value>0x5fa7</value>
         <object_component_ref idref="oc-1e9"/>
      </symbol>
      <symbol id="sm-a77">
         <name>UARTIntDisable</name>
         <value>0x6165</value>
         <object_component_ref idref="oc-1e9"/>
      </symbol>
      <symbol id="sm-a78">
         <name>UARTCharPut</name>
         <value>0x60a9</value>
         <object_component_ref idref="oc-1e9"/>
      </symbol>
      <symbol id="sm-a79">
         <name>UARTParityModeSet</name>
         <value>0x5d03</value>
         <object_component_ref idref="oc-1e9"/>
      </symbol>
      <symbol id="sm-a7a">
         <name>UARTRxErrorGet</name>
         <value>0x61dd</value>
         <object_component_ref idref="oc-1e9"/>
      </symbol>
      <symbol id="sm-a7b">
         <name>UARTConfigGetExpClk</name>
         <value>0x5de7</value>
         <object_component_ref idref="oc-1e9"/>
      </symbol>
      <symbol id="sm-a7c">
         <name>UARTEnableSIR</name>
         <value>0x5ead</value>
         <object_component_ref idref="oc-1e9"/>
      </symbol>
      <symbol id="sm-a7d">
         <name>UARTEnable</name>
         <value>0x5e33</value>
         <object_component_ref idref="oc-1e9"/>
      </symbol>
      <symbol id="sm-a7e">
         <name>UART9BitAddrSend</name>
         <value>0x6275</value>
         <object_component_ref idref="oc-1e9"/>
      </symbol>
      <symbol id="sm-a7f">
         <name>UARTModemControlGet</name>
         <value>0x5f95</value>
         <object_component_ref idref="oc-1e9"/>
      </symbol>
      <symbol id="sm-a80">
         <name>UARTSmartCardEnable</name>
         <value>0x5ef1</value>
         <object_component_ref idref="oc-1e9"/>
      </symbol>
      <symbol id="sm-a81">
         <name>UARTFlowControlGet</name>
         <value>0x5fd7</value>
         <object_component_ref idref="oc-1e9"/>
      </symbol>
      <symbol id="sm-a82">
         <name>UARTFIFOEnable</name>
         <value>0x5e81</value>
         <object_component_ref idref="oc-1e9"/>
      </symbol>
      <symbol id="sm-a83">
         <name>UARTIntClear</name>
         <value>0x619b</value>
         <object_component_ref idref="oc-1e9"/>
      </symbol>
      <symbol id="sm-a84">
         <name>UARTIntStatus</name>
         <value>0x617d</value>
         <object_component_ref idref="oc-1e9"/>
      </symbol>
      <symbol id="sm-a85">
         <name>UARTDMADisable</name>
         <value>0x61c5</value>
         <object_component_ref idref="oc-1e9"/>
      </symbol>
      <symbol id="sm-a86">
         <name>UART9BitEnable</name>
         <value>0x6223</value>
         <object_component_ref idref="oc-1e9"/>
      </symbol>
      <symbol id="sm-a87">
         <name>UARTSpaceAvail</name>
         <value>0x6035</value>
         <object_component_ref idref="oc-1e9"/>
      </symbol>
      <symbol id="sm-a88">
         <name>UARTCharGet</name>
         <value>0x606f</value>
         <object_component_ref idref="oc-1e9"/>
      </symbol>
      <symbol id="sm-a89">
         <name>UARTFIFOLevelSet</name>
         <value>0x5d31</value>
         <object_component_ref idref="oc-1e9"/>
      </symbol>
      <symbol id="sm-a8a">
         <name>UARTModemControlClear</name>
         <value>0x5f71</value>
         <object_component_ref idref="oc-1e9"/>
      </symbol>
      <symbol id="sm-a8b">
         <name>UARTParityModeGet</name>
         <value>0x5d1f</value>
         <object_component_ref idref="oc-1e9"/>
      </symbol>
      <symbol id="sm-a8c">
         <name>UARTIntRegister</name>
         <value>0x610f</value>
         <object_component_ref idref="oc-1e9"/>
      </symbol>
      <symbol id="sm-a8d">
         <name>UARTBreakCtl</name>
         <value>0x60c7</value>
         <object_component_ref idref="oc-1e9"/>
      </symbol>
      <symbol id="sm-a8e">
         <name>UART9BitAddrSet</name>
         <value>0x624f</value>
         <object_component_ref idref="oc-1e9"/>
      </symbol>
      <symbol id="sm-afe">
         <name>UARTgetc</name>
         <value>0x6425</value>
         <object_component_ref idref="oc-1ef"/>
      </symbol>
      <symbol id="sm-aff">
         <name>UARTgets</name>
         <value>0x636b</value>
         <object_component_ref idref="oc-1ef"/>
      </symbol>
      <symbol id="sm-b00">
         <name>UARTStdioConfig</name>
         <value>0x62d5</value>
         <object_component_ref idref="oc-1ef"/>
      </symbol>
      <symbol id="sm-b01">
         <name>UARTwrite</name>
         <value>0x631b</value>
         <object_component_ref idref="oc-1ef"/>
      </symbol>
      <symbol id="sm-b02">
         <name>UARTprintf</name>
         <value>0x6747</value>
         <object_component_ref idref="oc-1ef"/>
      </symbol>
      <symbol id="sm-b03">
         <name>UARTvprintf</name>
         <value>0x644d</value>
         <object_component_ref idref="oc-1ef"/>
      </symbol>
      <symbol id="sm-b57">
         <name>atan2</name>
         <value>0x78d9</value>
         <object_component_ref idref="oc-21f"/>
      </symbol>
      <symbol id="sm-b58">
         <name>atan2l</name>
         <value>0x78d9</value>
         <object_component_ref idref="oc-21f"/>
      </symbol>
      <symbol id="sm-b7a">
         <name>sqrtl</name>
         <value>0x8331</value>
         <object_component_ref idref="oc-237"/>
      </symbol>
      <symbol id="sm-b7b">
         <name>sqrt</name>
         <value>0x8331</value>
         <object_component_ref idref="oc-237"/>
      </symbol>
      <symbol id="sm-bb1">
         <name>atanl</name>
         <value>0x6ea1</value>
         <object_component_ref idref="oc-33f"/>
      </symbol>
      <symbol id="sm-bb2">
         <name>atan</name>
         <value>0x6ea1</value>
         <object_component_ref idref="oc-33f"/>
      </symbol>
      <symbol id="sm-bd9">
         <name>sprintf</name>
         <value>0x9745</value>
         <object_component_ref idref="oc-20b"/>
      </symbol>
      <symbol id="sm-bf1">
         <name>__aeabi_dsub</name>
         <value>0x7c8d</value>
         <object_component_ref idref="oc-33a"/>
      </symbol>
      <symbol id="sm-bf2">
         <name>__aeabi_dadd</name>
         <value>0x7c97</value>
         <object_component_ref idref="oc-33a"/>
      </symbol>
      <symbol id="sm-c14">
         <name>__aeabi_cdcmpeq</name>
         <value>0x9111</value>
         <object_component_ref idref="oc-3fb"/>
      </symbol>
      <symbol id="sm-c15">
         <name>__aeabi_cdcmple</name>
         <value>0x9111</value>
         <object_component_ref idref="oc-3fb"/>
      </symbol>
      <symbol id="sm-c16">
         <name>__aeabi_cdrcmple</name>
         <value>0x9197</value>
         <object_component_ref idref="oc-438"/>
      </symbol>
      <symbol id="sm-c2a">
         <name>__aeabi_ddiv</name>
         <value>0x86fd</value>
         <object_component_ref idref="oc-225"/>
      </symbol>
      <symbol id="sm-c35">
         <name>__aeabi_dmul</name>
         <value>0x8b81</value>
         <object_component_ref idref="oc-1d5"/>
      </symbol>
      <symbol id="sm-c3f">
         <name>__aeabi_d2iz</name>
         <value>0x9679</value>
         <object_component_ref idref="oc-1da"/>
      </symbol>
      <symbol id="sm-c4b">
         <name>__aeabi_d2f</name>
         <value>0x9305</value>
         <object_component_ref idref="oc-22a"/>
      </symbol>
      <symbol id="sm-c56">
         <name>__aeabi_f2d</name>
         <value>0x9839</value>
         <object_component_ref idref="oc-21a"/>
      </symbol>
      <symbol id="sm-c60">
         <name>__aeabi_i2d</name>
         <value>0x98d9</value>
         <object_component_ref idref="oc-1d0"/>
      </symbol>
      <symbol id="sm-c7b">
         <name>memcpy</name>
         <value>0x8f55</value>
         <object_component_ref idref="oc-3b"/>
      </symbol>
      <symbol id="sm-c7c">
         <name>__aeabi_memcpy</name>
         <value>0x8f55</value>
         <object_component_ref idref="oc-3b"/>
      </symbol>
      <symbol id="sm-c7d">
         <name>__aeabi_memcpy8</name>
         <value>0x8f55</value>
         <object_component_ref idref="oc-3b"/>
      </symbol>
      <symbol id="sm-c7e">
         <name>__aeabi_memcpy4</name>
         <value>0x8f55</value>
         <object_component_ref idref="oc-3b"/>
      </symbol>
      <symbol id="sm-c8d">
         <name>__aeabi_uidivmod</name>
         <value>0x9705</value>
         <object_component_ref idref="oc-2f6"/>
      </symbol>
      <symbol id="sm-c8e">
         <name>__aeabi_uidiv</name>
         <value>0x9705</value>
         <object_component_ref idref="oc-2f6"/>
      </symbol>
      <symbol id="sm-ca5">
         <name>__TI_zero_init</name>
         <value>0x99f5</value>
         <object_component_ref idref="oc-4d"/>
      </symbol>
      <symbol id="sm-cbc">
         <name>__TI_decompress_none</name>
         <value>0x99e7</value>
         <object_component_ref idref="oc-1b"/>
      </symbol>
      <symbol id="sm-cdf">
         <name>__TI_decompress_lzss</name>
         <value>0x9373</value>
         <object_component_ref idref="oc-15"/>
      </symbol>
      <symbol id="sm-cf7">
         <name>srand</name>
         <value>0x9909</value>
         <object_component_ref idref="oc-205"/>
      </symbol>
      <symbol id="sm-d05">
         <name>strcpy</name>
         <value>0x9991</value>
         <object_component_ref idref="oc-23d"/>
      </symbol>
      <symbol id="sm-d18">
         <name>__stack</name>
         <value>0x20007830</value>
         <object_component_ref idref="oc-24"/>
      </symbol>
      <symbol id="sm-d19">
         <name>_c_int00_noargs</name>
         <value>0x98a5</value>
         <object_component_ref idref="oc-59"/>
      </symbol>
      <symbol id="sm-d31">
         <name>__time32</name>
         <value>0x99d9</value>
         <object_component_ref idref="oc-1ff"/>
      </symbol>
      <symbol id="sm-d32">
         <name>time</name>
         <value>0x99d9</value>
         <object_component_ref idref="oc-1ff"/>
      </symbol>
      <symbol id="sm-d48">
         <name>__aeabi_errno_addr</name>
         <value>0x9a19</value>
         <object_component_ref idref="oc-34e"/>
      </symbol>
      <symbol id="sm-d49">
         <name>errno</name>
         <value>0x20007a74</value>
         <object_component_ref idref="oc-448"/>
      </symbol>
      <symbol id="sm-eae">
         <name>__TI_printfi</name>
         <value>0x337d</value>
         <object_component_ref idref="oc-31e"/>
      </symbol>
      <symbol id="sm-eb8">
         <name>__aeabi_idiv0</name>
         <value>0x62d3</value>
         <object_component_ref idref="oc-3ba"/>
      </symbol>
      <symbol id="sm-eb9">
         <name>__aeabi_ldiv0</name>
         <value>0x62d3</value>
         <object_component_ref idref="oc-3ba"/>
      </symbol>
      <symbol id="sm-ec8">
         <name>__aeabi_memset</name>
         <value>0x921f</value>
         <object_component_ref idref="oc-8f"/>
      </symbol>
      <symbol id="sm-ec9">
         <name>memset</name>
         <value>0x9225</value>
         <object_component_ref idref="oc-8f"/>
      </symbol>
      <symbol id="sm-eca">
         <name>__aeabi_memset8</name>
         <value>0x921f</value>
         <object_component_ref idref="oc-8f"/>
      </symbol>
      <symbol id="sm-ecb">
         <name>__aeabi_memset4</name>
         <value>0x921f</value>
         <object_component_ref idref="oc-8f"/>
      </symbol>
      <symbol id="sm-ecc">
         <name>__aeabi_memclr8</name>
         <value>0x921d</value>
         <object_component_ref idref="oc-8f"/>
      </symbol>
      <symbol id="sm-ecd">
         <name>__aeabi_memclr4</name>
         <value>0x921d</value>
         <object_component_ref idref="oc-8f"/>
      </symbol>
      <symbol id="sm-ece">
         <name>__aeabi_memclr</name>
         <value>0x921d</value>
         <object_component_ref idref="oc-8f"/>
      </symbol>
      <symbol id="sm-edb">
         <name>__aeabi_uldivmod</name>
         <value>0x8ff1</value>
         <object_component_ref idref="oc-481"/>
      </symbol>
      <symbol id="sm-f03">
         <name>__TI_auto_init_nobinit_nopinit</name>
         <value>0x96c1</value>
         <object_component_ref idref="oc-12b"/>
      </symbol>
      <symbol id="sm-f0d">
         <name>_system_pre_init</name>
         <value>0x9a27</value>
         <object_component_ref idref="oc-95"/>
      </symbol>
      <symbol id="sm-f19">
         <name>C$$EXIT</name>
         <value>0x9a2b</value>
         <object_component_ref idref="oc-11f"/>
      </symbol>
      <symbol id="sm-f1a">
         <name>abort</name>
         <value>0x9a2b</value>
         <object_component_ref idref="oc-11f"/>
      </symbol>
      <symbol id="sm-f2f">
         <name>_nop</name>
         <value>0x3dcb</value>
         <object_component_ref idref="oc-35a"/>
      </symbol>
      <symbol id="sm-f30">
         <name>_lock</name>
         <value>0x20007a60</value>
         <object_component_ref idref="oc-264"/>
      </symbol>
      <symbol id="sm-f31">
         <name>_unlock</name>
         <value>0x20007a64</value>
         <object_component_ref idref="oc-264"/>
      </symbol>
      <symbol id="sm-f40">
         <name>__TI_ltoa</name>
         <value>0x94f3</value>
         <object_component_ref idref="oc-488"/>
      </symbol>
      <symbol id="sm-f57">
         <name>atoi</name>
         <value>0x9599</value>
         <object_component_ref idref="oc-3ef"/>
      </symbol>
      <symbol id="sm-f62">
         <name>_ctypes_</name>
         <value>0x9f8c</value>
         <object_component_ref idref="oc-47c"/>
      </symbol>
      <symbol id="sm-f72">
         <name>memccpy</name>
         <value>0x992d</value>
         <object_component_ref idref="oc-418"/>
      </symbol>
      <symbol id="sm-f82">
         <name>strchr</name>
         <value>0x997b</value>
         <object_component_ref idref="oc-4b5"/>
      </symbol>
      <symbol id="sm-f90">
         <name>strlen</name>
         <value>0x99a5</value>
         <object_component_ref idref="oc-3e9"/>
      </symbol>
      <symbol id="sm-fa8">
         <name>HOSTtime</name>
         <value>0x9631</value>
         <object_component_ref idref="oc-30c"/>
      </symbol>
      <symbol id="sm-fcc">
         <name>__TI_readmsg</name>
         <value>0x9871</value>
         <object_component_ref idref="oc-3cf"/>
      </symbol>
      <symbol id="sm-fcd">
         <name>C$$IO$$</name>
         <value>0x982f</value>
         <object_component_ref idref="oc-3c9"/>
      </symbol>
      <symbol id="sm-fce">
         <name>__CIOBUF_</name>
         <value>0x20007644</value>
         <object_component_ref idref="oc-46d"/>
      </symbol>
      <symbol id="sm-fcf">
         <name>__TI_writemsg</name>
         <value>0x9801</value>
         <object_component_ref idref="oc-3c9"/>
      </symbol>
      <symbol id="sm-fe8">
         <name>wcslen</name>
         <value>0x99b9</value>
         <object_component_ref idref="oc-41e"/>
      </symbol>
      <symbol id="sm-ffe">
         <name>frexpl</name>
         <value>0x93dd</value>
         <object_component_ref idref="oc-4a9"/>
      </symbol>
      <symbol id="sm-fff">
         <name>frexp</name>
         <value>0x93dd</value>
         <object_component_ref idref="oc-4a9"/>
      </symbol>
      <symbol id="sm-101c">
         <name>scalbn</name>
         <value>0x8a71</value>
         <object_component_ref idref="oc-4af"/>
      </symbol>
      <symbol id="sm-101d">
         <name>scalbnl</name>
         <value>0x8a71</value>
         <object_component_ref idref="oc-4af"/>
      </symbol>
      <symbol id="sm-101e">
         <name>ldexpl</name>
         <value>0x8a71</value>
         <object_component_ref idref="oc-4af"/>
      </symbol>
      <symbol id="sm-101f">
         <name>ldexp</name>
         <value>0x8a71</value>
         <object_component_ref idref="oc-4af"/>
      </symbol>
      <symbol id="sm-1025">
         <name>parmbuf</name>
         <value>0x200077cc</value>
      </symbol>
      <symbol id="sm-102f">
         <name>copysign</name>
         <value>0x9949</value>
         <object_component_ref idref="oc-4fa"/>
      </symbol>
      <symbol id="sm-1030">
         <name>copysignl</name>
         <value>0x9949</value>
         <object_component_ref idref="oc-4fa"/>
      </symbol>
      <symbol id="sm-1031">
         <name>__TI_static_base__</name>
         <value>0x0</value>
      </symbol>
      <symbol id="sm-1034">
         <name>__mpu_init</name>
         <value>0x0</value>
      </symbol>
      <symbol id="sm-1035">
         <name>_system_post_cinit</name>
         <value>0x0</value>
      </symbol>
   </symbol_table>
   <title>Link successful</title>
</link_info>
