******************************************************************************
                  TI ARM Linker PC v20.2.7                     
******************************************************************************
>> Linked Sat Dec  9 21:54:04 2023

OUTPUT FILE NAME:   <Final Project.out>
ENTRY POINT SYMBOL: "_c_int00_noargs"  address: 000098a5


MEMORY CONFIGURATION

         name            origin    length      used     unused   attr    fill
----------------------  --------  ---------  --------  --------  ----  --------
  FLASH                 00000000   00040000  0000a6d6  0003592a  R  X
  SRAM                  20000000   00008000  00007a76  0000058a  RW X


SEGMENT ALLOCATION MAP

run origin  load origin   length   init length attrs members
----------  ----------- ---------- ----------- ----- -------
00000000    00000000    0000a6d8   0000a6d8    r-x
  00000000    00000000    0000026c   0000026c    r-- .intvecs
  0000026c    0000026c    000097c2   000097c2    r-x .text
  00009a30    00009a30    00000c40   00000c40    r-- .const
  0000a670    0000a670    00000068   00000068    r-- .cinit
20000000    20000000    00007a7c   00000000    rw-
  20000000    20000000    0000026c   00000000    rw- .vtable
  2000026c    2000026c    000075be   00000000    rw- .bss
  20007830    20007830    00000200   00000000    rw- .stack
  20007a30    20007a30    0000004c   00000000    rw- .data


SECTION ALLOCATION MAP

 output                                  attributes/
section   page    origin      length       input sections
--------  ----  ----------  ----------   ----------------
.intvecs   0    00000000    0000026c     
                  00000000    0000026c     tm4c123gh6pm_startup_ccs.obj (.intvecs)

.text      0    0000026c    000097c2     
                  0000026c    00001558     threads.obj (.text)
                  000017c4    00000fa0     sysctl.obj (.text)
                  00002764    00000c18     gpio.obj (.text)
                  0000337c    00000a4e     rtsv7M4_T_le_v4SPD16_eabi.lib : _printfi.c.obj (.text:__TI_printfi)
                  00003dca    00000002                                   : _lock.c.obj (.text:_nop)
                  00003dcc    000008ac     multimod_ST7789.obj (.text)
                  00004678    0000083c     adc.obj (.text)
                  00004eb4    000006fc     i2c.obj (.text)
                  000055b0    000006f4     G8RTOS_Scheduler.obj (.text)
                  00005ca4    0000062e     uart.obj (.text)
                  000062d2    00000002     rtsv7M4_T_le_v4SPD16_eabi.lib : div0.asm.obj (.text)
                  000062d4    000004a8     uartstdio.obj (.text)
                  0000677c    000003c0     interrupt.obj (.text)
                  00006b3c    00000362     ssi.obj (.text)
                  00006e9e    00000002     --HOLE-- [fill = 0]
                  00006ea0    000002ec     rtsv7M4_T_le_v4SPD16_eabi.lib : s_atan.c.obj (.text:atan)
                  0000718c    000002e4     multimod_BMI160.obj (.text)
                  00007470    00000270     rtsv7M4_T_le_v4SPD16_eabi.lib : _printfi.c.obj (.text:_pconv_a)
                  000076e0    000001f8     multimod_i2c.obj (.text)
                  000078d8    000001e4     rtsv7M4_T_le_v4SPD16_eabi.lib : e_atan2.c.obj (.text:atan2)
                  00007abc    000001d0                                   : _printfi.c.obj (.text:_pconv_g)
                  00007c8c    000001b6                                   : fd_add_t2.asm.obj (.text)
                  00007e42    00000002     --HOLE-- [fill = 0]
                  00007e44    000001b0     G8RTOS_IPC.obj (.text)
                  00007ff4    000001b0     main.obj (.text)
                  000081a4    0000018c     multimod_spi.obj (.text)
                  00008330    00000158     rtsv7M4_T_le_v4SPD16_eabi.lib : e_sqrt.c.obj (.text:sqrt)
                  00008488    0000013c                                   : _printfi.c.obj (.text:_pconv_e)
                  000085c4    00000138     multimod_OPT3001.obj (.text)
                  000086fc    00000136     rtsv7M4_T_le_v4SPD16_eabi.lib : fd_div_t2.asm.obj (.text)
                  00008832    00000002     --HOLE-- [fill = 0]
                  00008834    00000124                                   : _printfi.c.obj (.text:fcvt)
                  00008958    00000118     multimod_joystick.obj (.text)
                  00008a70    00000110     rtsv7M4_T_le_v4SPD16_eabi.lib : s_scalbn.c.obj (.text:scalbn)
                  00008b80    000000fc                                   : fd_mul_t2.asm.obj (.text)
                  00008c7c    000000c0     multimod_PCA9956b.obj (.text)
                  00008d3c    000000b4     multimod_uart.obj (.text)
                  00008df0    000000b1     rtsv7M4_T_le_v4SPD16_eabi.lib : _printfi.c.obj (.text:_ltostr)
                  00008ea1    00000003     --HOLE-- [fill = 0]
                  00008ea4    000000b0     G8RTOS_Semaphores.obj (.text)
                  00008f54    0000009c     rtsv7M4_T_le_v4SPD16_eabi.lib : memcpy_t2.asm.obj (.text)
                  00008ff0    00000096                                   : ull_div_t2.asm.obj (.text)
                  00009086    00000002     --HOLE-- [fill = 0]
                  00009088    00000088     systick.obj (.text)
                  00009110    00000086     rtsv7M4_T_le_v4SPD16_eabi.lib : fd_cmp_t2.asm.obj (.text:__aeabi_cdcmple)
                  00009196    00000086                                   : fd_cmp_t2.asm.obj (.text:__aeabi_cdrcmple)
                  0000921c    0000007a                                   : memset_t2.asm.obj (.text)
                  00009296    0000006e                                   : _printfi.c.obj (.text:_mcpy)
                  00009304    0000006e                                   : fd_tos_t2.asm.obj (.text)
                  00009372    00000068                                   : copy_decompress_lzss.c.obj (.text:decompress:lzss:__TI_decompress_lzss)
                  000093da    00000002     --HOLE-- [fill = 0]
                  000093dc    00000064                                   : s_frexp.c.obj (.text:frexp)
                  00009440    0000005c     G8RTOS_SchedulerASM.obj (.text)
                  0000949c    00000056     rtsv7M4_T_le_v4SPD16_eabi.lib : _printfi.c.obj (.text:_pconv_f)
                  000094f2    00000054                                   : _ltoa.c.obj (.text:__TI_ltoa)
                  00009546    00000052                                   : _printfi.c.obj (.text:_ecpy)
                  00009598    0000004c                                   : atoi.c.obj (.text:atoi)
                  000095e4    0000004c     multimod_buttons.obj (.text)
                  00009630    00000048     rtsv7M4_T_le_v4SPD16_eabi.lib : hosttime.c.obj (.text:HOSTtime)
                  00009678    00000048                                   : fd_toi_t2.asm.obj (.text)
                  000096c0    00000044                                   : autoinit.c.obj (.text:__TI_auto_init_nobinit_nopinit:__TI_auto_init_nobinit_nopinit)
                  00009704    00000040                                   : u_divt2.asm.obj (.text)
                  00009744    00000040                                   : sprintf.c.obj (.text:sprintf)
                  00009784    0000003e                                   : _printfi.c.obj (.text:_fcpy)
                  000097c2    0000003e     cpu.obj (.text)
                  00009800    00000038     rtsv7M4_T_le_v4SPD16_eabi.lib : trgmsg.c.obj (.text:__TI_writemsg)
                  00009838    00000038                                   : fs_tod_t2.asm.obj (.text)
                  00009870    00000034                                   : trgmsg.c.obj (.text:__TI_readmsg)
                  000098a4    00000034                                   : boot_cortex_m.c.obj (.text:_c_int00_noargs:_c_int00_noargs)
                  000098d8    0000002e                                   : i_tofd_t2.asm.obj (.text)
                  00009906    00000002     --HOLE-- [fill = 0]
                  00009908    00000024                                   : rand.c.obj (.text:srand)
                  0000992c    0000001c                                   : memccpy.c.obj (.text:memccpy)
                  00009948    0000001a                                   : s_copysign.c.obj (.text:copysign)
                  00009962    00000018                                   : sprintf.c.obj (.text:_outs)
                  0000997a    00000016                                   : strchr.c.obj (.text:strchr)
                  00009990    00000014                                   : strcpy.c.obj (.text:strcpy)
                  000099a4    00000014                                   : strlen.c.obj (.text:strlen)
                  000099b8    00000012                                   : wcslen.c.obj (.text:wcslen)
                  000099ca    0000000e     G8RTOS_CriticalSection.obj (.text)
                  000099d8    0000000e     rtsv7M4_T_le_v4SPD16_eabi.lib : time.c.obj (.text:__time32)
                  000099e6    0000000e                                   : copy_decompress_none.c.obj (.text:decompress:none:__TI_decompress_none)
                  000099f4    0000000c                                   : copy_zero_init.c.obj (.text:decompress:ZI:__TI_zero_init)
                  00009a00    0000000c     tm4c123gh6pm_startup_ccs.obj (.text)
                  00009a0c    0000000a     rtsv7M4_T_le_v4SPD16_eabi.lib : sprintf.c.obj (.text:_outc)
                  00009a16    00000002     --HOLE-- [fill = 0]
                  00009a18    00000008                                   : errno.c.obj (.text:__aeabi_errno_addr)
                  00009a20    00000006     sysctl.obj (.text:SysCtlDelay)
                  00009a26    00000004     rtsv7M4_T_le_v4SPD16_eabi.lib : pre_init.c.obj (.text:_system_pre_init)
                  00009a2a    00000004                                   : exit.c.obj (.text:abort:abort)

.const     0    00009a30    00000c40     
                  00009a30    000003ac     fontlibrary.obj (.const:.string:Emulogic_Bitmaps)
                  00009ddc    000001b0     sysctl.obj (.const:g_pppui32XTALtoVCO)
                  00009f8c    00000101     rtsv7M4_T_le_v4SPD16_eabi.lib : ctype.c.obj (.const:.string:_ctypes_)
                  0000a08d    00000002     multimod_PCA9956b.obj (.const:.string:$P$T0$1)
                  0000a08f    00000001     --HOLE-- [fill = 0]
                  0000a090    000000d8     gpio.obj (.const:g_ppui32GPIOIntMapSnowflake)
                  0000a168    000000c0     gpio.obj (.const:g_ppui32GPIOIntMapBlizzard)
                  0000a228    0000009c     interrupt.obj (.const:g_pui32Regs)
                  0000a2c4    00000004     uartstdio.obj (.const)
                  0000a2c8    00000098     rtsv7M4_T_le_v4SPD16_eabi.lib : s_atan.c.obj (.const:$O1$$)
                  0000a360    00000090     gpio.obj (.const:g_pui32GPIOBaseAddrs)
                  0000a3f0    0000006c     sysctl.obj (.const:g_pui32Xtals)
                  0000a45c    00000050     i2c.obj (.const:g_ppui32I2CIntMapSnowflake)
                  0000a4ac    00000040     uart.obj (.const:g_ppui32UARTIntMap)
                  0000a4ec    00000040     uart.obj (.const:g_ppui32UARTIntMapSnowflake)
                  0000a52c    00000030     i2c.obj (.const:g_ppui32I2CIntMap)
                  0000a55c    00000030     sysctl.obj (.const:g_sXTALtoMEMTIM)
                  0000a58c    00000020     ssi.obj (.const:g_ppui32SSIIntMap)
                  0000a5ac    00000020     ssi.obj (.const:g_ppui32SSIIntMapSnowflake)
                  0000a5cc    00000020     interrupt.obj (.const:g_pui32Priority)
                  0000a5ec    00000014     interrupt.obj (.const:g_pui32Dii16Regs)
                  0000a600    00000014     interrupt.obj (.const:g_pui32EnRegs)
                  0000a614    00000014     interrupt.obj (.const:g_pui32PendRegs)
                  0000a628    00000014     interrupt.obj (.const:g_pui32UnpendRegs)
                  0000a63c    00000012     uartstdio.obj (.const:.string)
                  0000a64e    00000002     multimod_PCA9956b.obj (.const:.string:$P$T1$2)
                  0000a650    0000000c     uartstdio.obj (.const:g_ui32UARTBase)
                  0000a65c    0000000c     uartstdio.obj (.const:g_ui32UARTPeriph)
                  0000a668    00000008     sysctl.obj (.const:g_pui32VCOFrequencies)

.cinit     0    0000a670    00000068     
                  0000a670    0000002d     (.cinit..data.load) [load image, compression = lzss]
                  0000a69d    00000003     --HOLE-- [fill = 0]
                  0000a6a0    0000000c     (__TI_handler_table)
                  0000a6ac    00000004     --HOLE-- [fill = 0]
                  0000a6b0    00000008     (.cinit..bss.load) [load image, compression = zero_init]
                  0000a6b8    00000008     (.cinit..vtable.load) [load image, compression = zero_init]
                  0000a6c0    00000018     (__TI_cinit_table)

.init_array 
*          0    00000000    00000000     UNINITIALIZED

.vtable    0    20000000    0000026c     UNINITIALIZED
                  20000000    0000026c     interrupt.obj (.vtable)

.bss       0    2000026c    000075be     UNINITIALIZED
                  2000026c    00005000     G8RTOS_Scheduler.obj (.bss:threadStacks)
                  2000526c    00001c20     (.common:res_on_clr)
                  20006e8c    00000258     (.common:res_on_mv)
                  200070e4    000001b8     G8RTOS_Scheduler.obj (.bss:threadControlBlocks)
                  2000729c    00000150     G8RTOS_IPC.obj (.bss:FIFOs)
                  200073ec    0000012c     (.common:mvX)
                  20007518    0000012c     (.common:mvY)
                  20007644    00000120     rtsv7M4_T_le_v4SPD16_eabi.lib : trgmsg.c.obj (.bss:_CIOBUF_)
                  20007764    00000048     G8RTOS_Scheduler.obj (.bss:pthreadControlBlocks)
                  200077ac    00000010     (.common:prevLev)
                  200077bc    00000008     G8RTOS_Scheduler.obj (.bss)
                  200077c4    00000008     adc.obj (.bss:g_pui8OversampleFactor)
                  200077cc    00000008     (.common:parmbuf)
                  200077d4    00000008     (.common:sel_x)
                  200077dc    00000008     (.common:sel_y)
                  200077e4    00000004     (.common:CurrentlyRunningThread)
                  200077e8    00000004     (.common:IBit_State)
                  200077ec    00000004     (.common:SystemTime)
                  200077f0    00000004     (.common:sel_ang)
                  200077f4    00000004     (.common:sem_Calc)
                  200077f8    00000004     (.common:sem_Draw)
                  200077fc    00000004     (.common:sem_I2CA)
                  20007800    00000004     (.common:sem_Joystick_Debounce)
                  20007804    00000004     (.common:sem_KillCube)
                  20007808    00000004     (.common:sem_Lev)
                  2000780c    00000004     (.common:sem_Menu)
                  20007810    00000004     (.common:sem_PCA9555_Debounce)
                  20007814    00000004     (.common:sem_Pic)
                  20007818    00000004     (.common:sem_SPIA)
                  2000781c    00000004     (.common:sem_UART)
                  20007820    00000003     (.common:packet)
                  20007823    00000001     --HOLE--
                  20007824    00000002     (.common:lev_x)
                  20007826    00000002     (.common:lev_y)
                  20007828    00000002     (.common:lev_z)

.data      0    20007a30    0000004c     UNINITIALIZED
                  20007a30    00000020     threads.obj (.data)
                  20007a50    00000010     fontlibrary.obj (.data:FontStyle_Emulogic)
                  20007a60    00000008     rtsv7M4_T_le_v4SPD16_eabi.lib : _lock.c.obj (.data:$O1$$)
                  20007a68    00000005     uartstdio.obj (.data)
                  20007a6d    00000003     --HOLE--
                  20007a70    00000004     G8RTOS_Scheduler.obj (.data)
                  20007a74    00000004     rtsv7M4_T_le_v4SPD16_eabi.lib : errno.c.obj (.data)
                  20007a78    00000004                                   : rand.c.obj (.data)

.stack     0    20007830    00000200     UNINITIALIZED
                  20007830    00000004     rtsv7M4_T_le_v4SPD16_eabi.lib : boot_cortex_m.c.obj (.stack)
                  20007834    000001fc     --HOLE--

__llvm_prf_cnts 
*          0    20000000    00000000     UNINITIALIZED

MODULE SUMMARY

       Module                         code    ro data   rw data
       ------                         ----    -------   -------
    .\
       threads.obj                    5464    0         8477   
       tm4c123gh6pm_startup_ccs.obj   12      620       0      
       main.obj                       432     0         48     
    +--+------------------------------+-------+---------+---------+
       Total:                         5908    620       8525   
                                                               
    .\G8RTOS\src\
       G8RTOS_Scheduler.obj           1780    0         21012  
       G8RTOS_IPC.obj                 432     0         336    
       G8RTOS_Semaphores.obj          176     0         0      
       G8RTOS_SchedulerASM.obj        92      0         0      
       G8RTOS_CriticalSection.obj     14      0         0      
    +--+------------------------------+-------+---------+---------+
       Total:                         2494    0         21348  
                                                               
    .\MultimodDrivers\src\
       multimod_ST7789.obj            2220    0         0      
       fontlibrary.obj                0       940       16     
       multimod_BMI160.obj            740     0         0      
       multimod_i2c.obj               504     0         0      
       multimod_spi.obj               396     0         0      
       multimod_OPT3001.obj           312     0         0      
       multimod_joystick.obj          280     0         0      
       multimod_PCA9956b.obj          192     4         0      
       multimod_uart.obj              180     0         0      
       multimod_buttons.obj           76      0         0      
    +--+------------------------------+-------+---------+---------+
       Total:                         4900    944       16     
                                                               
    .\driverlib\
       sysctl.obj                     4006    596       0      
       gpio.obj                       3096    552       0      
       adc.obj                        2108    0         8      
       i2c.obj                        1788    128       0      
       interrupt.obj                  960     268       620    
       uart.obj                       1582    128       0      
       uartstdio.obj                  1192    46        5      
       ssi.obj                        866     64        0      
       systick.obj                    136     0         0      
       cpu.obj                        62      0         0      
    +--+------------------------------+-------+---------+---------+
       Total:                         15796   1782      633    
                                                               
    I:\ti\ccs1240\ccs\tools\compiler\ti-cgt-arm_20.2.7.LTS\lib\rtsv7M4_T_le_v4SPD16_eabi.lib
       _printfi.c.obj                 4851    0         0      
       s_atan.c.obj                   748     152       0      
       e_atan2.c.obj                  484     0         0      
       fd_add_t2.asm.obj              438     0         0      
       trgmsg.c.obj                   108     0         288    
       e_sqrt.c.obj                   344     0         0      
       fd_div_t2.asm.obj              310     0         0      
       s_scalbn.c.obj                 272     0         0      
       fd_cmp_t2.asm.obj              268     0         0      
       ctype.c.obj                    0       257       0      
       fd_mul_t2.asm.obj              252     0         0      
       memcpy_t2.asm.obj              156     0         0      
       ull_div_t2.asm.obj             150     0         0      
       memset_t2.asm.obj              122     0         0      
       fd_tos_t2.asm.obj              110     0         0      
       copy_decompress_lzss.c.obj     104     0         0      
       s_frexp.c.obj                  100     0         0      
       sprintf.c.obj                  98      0         0      
       _ltoa.c.obj                    84      0         0      
       atoi.c.obj                     76      0         0      
       fd_toi_t2.asm.obj              72      0         0      
       hosttime.c.obj                 72      0         0      
       autoinit.c.obj                 68      0         0      
       u_divt2.asm.obj                64      0         0      
       fs_tod_t2.asm.obj              56      0         0      
       boot_cortex_m.c.obj            52      0         0      
       i_tofd_t2.asm.obj              46      0         0      
       rand.c.obj                     36      0         4      
       memccpy.c.obj                  28      0         0      
       s_copysign.c.obj               26      0         0      
       strchr.c.obj                   22      0         0      
       strcpy.c.obj                   20      0         0      
       strlen.c.obj                   20      0         0      
       wcslen.c.obj                   18      0         0      
       copy_decompress_none.c.obj     14      0         0      
       time.c.obj                     14      0         0      
       copy_zero_init.c.obj           12      0         0      
       errno.c.obj                    8       0         4      
       _lock.c.obj                    2       0         8      
       hostopen.c.obj                 0       0         8      
       exit.c.obj                     4       0         0      
       pre_init.c.obj                 4       0         0      
       div0.asm.obj                   2       0         0      
    +--+------------------------------+-------+---------+---------+
       Total:                         9735    409       312    
                                                               
       Stack:                         0       0         512    
       Linker Generated:              0       97        0      
    +--+------------------------------+-------+---------+---------+
       Grand Total:                   38833   3852      31346  


LINKER GENERATED COPY TABLES

__TI_cinit_table @ 0000a6c0 records: 3, size/record: 8, table size: 24
	.data: load addr=0000a670, load size=0000002d bytes, run addr=20007a30, run size=0000004c bytes, compression=lzss
	.bss: load addr=0000a6b0, load size=00000008 bytes, run addr=2000026c, run size=000075be bytes, compression=zero_init
	.vtable: load addr=0000a6b8, load size=00000008 bytes, run addr=20000000, run size=0000026c bytes, compression=zero_init


LINKER GENERATED HANDLER TABLE

__TI_handler_table @ 0000a6a0 records: 3, size/record: 4, table size: 12
	index: 0, handler: __TI_zero_init
	index: 1, handler: __TI_decompress_lzss
	index: 2, handler: __TI_decompress_none


GLOBAL SYMBOLS: SORTED ALPHABETICALLY BY Name 

address   name                              
-------   ----                              
00004e27  ADCBusy                           
00004e6f  ADCClockConfigGet                 
00004e45  ADCClockConfigSet                 
00004c41  ADCComparatorConfigure            
00004d15  ADCComparatorIntClear             
00004cc7  ADCComparatorIntDisable           
00004ce5  ADCComparatorIntEnable            
00004d03  ADCComparatorIntStatus            
00004c5d  ADCComparatorRegionSet            
00004c81  ADCComparatorReset                
00004c0f  ADCHardwareOversampleConfigure    
000047b3  ADCIntClear                       
00004d8f  ADCIntClearEx                     
00004719  ADCIntDisable                     
00004d2d  ADCIntDisableEx                   
00004735  ADCIntEnable                      
00004d45  ADCIntEnableEx                    
000046d3  ADCIntRegister                    
0000475b  ADCIntStatus                      
00004d5d  ADCIntStatusEx                    
000046fb  ADCIntUnregister                  
00004de1  ADCPhaseDelayGet                  
00004dcf  ADCPhaseDelaySet                  
00004a23  ADCProcessorTrigger               
00004dbd  ADCReferenceGet                   
00004da1  ADCReferenceSet                   
000047fd  ADCSequenceConfigure              
00004e0b  ADCSequenceDMADisable             
00004def  ADCSequenceDMAEnable              
000049e1  ADCSequenceDataGet                
000047e3  ADCSequenceDisable                
000047c9  ADCSequenceEnable                 
00004985  ADCSequenceOverflow               
0000499d  ADCSequenceOverflowClear          
00004899  ADCSequenceStepConfigure          
000049b3  ADCSequenceUnderflow              
000049cb  ADCSequenceUnderflowClear         
00004a4b  ADCSoftwareOversampleConfigure    
00004b7d  ADCSoftwareOversampleDataGet      
00004a9d  ADCSoftwareOversampleStepConfigure
00007223  BMI160_AccelXGetResult            
00007367  BMI160_AccelXYZGetResult          
00007247  BMI160_AccelYGetResult            
0000726b  BMI160_AccelZGetResult            
00007463  BMI160_GetDataStatus              
0000728f  BMI160_GyroXGetResult             
000073bb  BMI160_GyroXYZGetResult           
000072b3  BMI160_GyroYGetResult             
000072d7  BMI160_GyroZGetResult             
0000718d  BMI160_Init                       
000072fb  BMI160_MagXGetResult              
0000740f  BMI160_MagXYZGetResult            
0000731f  BMI160_MagYGetResult              
00007343  BMI160_MagZGetResult              
000071fb  BMI160_MultiReadRegister          
000071df  BMI160_ReadRegister               
000071b7  BMI160_WriteRegister              
00009a2b  C$$EXIT                           
0000982f  C$$IO$$                           
000097f7  CPUbasepriGet                     
000097e9  CPUbasepriSet                     
000097c3  CPUcpsid                          
000097d9  CPUcpsie                          
000097cf  CPUprimask                        
000097e5  CPUwfi                            
00000a31  Calc_Ang                          
200077e4  CurrentlyRunningThread            
00001531  Draw_Curs                         
00000f1d  Draw_Lev                          
000099d3  EndCriticalSection                
20007a50  FontStyle_Emulogic                
0000578d  G8RTOS_AddThread                  
00005995  G8RTOS_Add_APeriodicEvent         
00005a15  G8RTOS_Add_PeriodicEvent          
00005c6f  G8RTOS_GetNumberOfThreads         
00005c67  G8RTOS_GetThreadID                
0000568b  G8RTOS_Init                       
00007e45  G8RTOS_InitFIFO                   
00008ea5  G8RTOS_InitSemaphore              
00005bc9  G8RTOS_KillSelf                   
00005afd  G8RTOS_KillThread                 
000056df  G8RTOS_Launch                     
00007ead  G8RTOS_ReadFIFO                   
00005703  G8RTOS_Scheduler                  
00008f03  G8RTOS_SignalSemaphore            
00009449  G8RTOS_Start                      
00008ec3  G8RTOS_WaitSemaphore              
00007f37  G8RTOS_WriteFIFO                  
0000332d  GPIOADCTriggerDisable             
0000330f  GPIOADCTriggerEnable              
000032f1  GPIODMATriggerDisable             
000032d3  GPIODMATriggerEnable              
0000173f  GPIOD_Handler                     
0000281f  GPIODirModeGet                    
000027c3  GPIODirModeSet                    
0000172d  GPIOE_Handler                     
00002dd9  GPIOIntClear                      
00002d9d  GPIOIntDisable                    
00002d79  GPIOIntEnable                     
00002ded  GPIOIntRegister                   
00002e25  GPIOIntRegisterPin                
00002db7  GPIOIntStatus                     
0000290f  GPIOIntTypeGet                    
0000286b  GPIOIntTypeSet                    
00002e0b  GPIOIntUnregister                 
00002e53  GPIOIntUnregisterPin              
00002c07  GPIOPadConfigGet                  
00002999  GPIOPadConfigSet                  
00003271  GPIOPinConfigure                  
00002e77  GPIOPinRead                       
00002eaf  GPIOPinTypeADC                    
00002ed3  GPIOPinTypeCAN                    
00002ef7  GPIOPinTypeComparator             
00002f1b  GPIOPinTypeComparatorOutput       
00002f3f  GPIOPinTypeDIVSCLK                
00002f63  GPIOPinTypeEPI                    
00002f87  GPIOPinTypeEthernetLED            
00002fab  GPIOPinTypeEthernetMII            
00002fcf  GPIOPinTypeGPIOInput              
00002ff3  GPIOPinTypeGPIOOutput             
0000301d  GPIOPinTypeGPIOOutputOD           
00003041  GPIOPinTypeHibernateRTCCLK        
00003065  GPIOPinTypeI2C                    
00003089  GPIOPinTypeI2CSCL                 
000030ad  GPIOPinTypeLCD                    
000030d1  GPIOPinTypeOneWire                
000030f5  GPIOPinTypePWM                    
00003119  GPIOPinTypeQEI                    
0000313d  GPIOPinTypeSSI                    
00003161  GPIOPinTypeTimer                  
00003185  GPIOPinTypeTrace                  
000031a9  GPIOPinTypeUART                   
000031cd  GPIOPinTypeUSBAnalog              
000031f1  GPIOPinTypeUSBDigital             
00003215  GPIOPinTypeWakeHigh               
0000323b  GPIOPinTypeWakeLow                
00003261  GPIOPinWakeStatus                 
00002e8f  GPIOPinWrite                      
0000334b  GPIOUnlockPin                     
000016f1  Get_Joystick                      
00000d41  Get_Line                          
00009631  HOSTtime                          
000054ad  I2CFIFODataGet                    
000054c7  I2CFIFODataGetNonBlocking         
00005463  I2CFIFODataPut                    
00005485  I2CFIFODataPutNonBlocking         
00005453  I2CFIFOStatus                     
00005045  I2CIntRegister                    
00005063  I2CIntUnregister                  
00005589  I2CLoopbackEnable                 
00005503  I2CMasterBurstCountGet            
000054ed  I2CMasterBurstLengthSet           
000052ab  I2CMasterBusBusy                  
00005293  I2CMasterBusy                     
000052c3  I2CMasterControl                  
00005317  I2CMasterDataGet                  
00005301  I2CMasterDataPut                  
00005011  I2CMasterDisable                  
00004fdd  I2CMasterEnable                   
000052d5  I2CMasterErr                      
00005511  I2CMasterGlitchFilterConfigSet    
00004f13  I2CMasterInitExpClk               
0000520b  I2CMasterIntClear                 
00005221  I2CMasterIntClearEx               
000050d7  I2CMasterIntDisable               
000050e7  I2CMasterIntDisableEx             
0000507d  I2CMasterIntEnable                
0000508d  I2CMasterIntEnableEx              
00005131  I2CMasterIntStatus                
00005171  I2CMasterIntStatusEx              
00005285  I2CMasterLineStateGet             
00005263  I2CMasterSlaveAddrSet             
00005325  I2CMasterTimeoutSet               
00005413  I2CRxFIFOConfigSet                
0000543b  I2CRxFIFOFlush                    
00005337  I2CSlaveACKOverride               
00005369  I2CSlaveACKValueSet               
00004f9f  I2CSlaveAddressSet                
000053c3  I2CSlaveDataGet                   
000053ab  I2CSlaveDataPut                   
00005027  I2CSlaveDisable                   
00004ff3  I2CSlaveEnable                    
00005577  I2CSlaveFIFODisable               
0000555f  I2CSlaveFIFOEnable                
00004f85  I2CSlaveInit                      
0000523d  I2CSlaveIntClear                  
0000524f  I2CSlaveIntClearEx                
000050ff  I2CSlaveIntDisable                
00005117  I2CSlaveIntDisableEx              
000050a5  I2CSlaveIntEnable                 
000050bd  I2CSlaveIntEnableEx               
000051a1  I2CSlaveIntStatus                 
000051e9  I2CSlaveIntStatusEx               
0000539b  I2CSlaveStatus                    
000053d3  I2CTxFIFOConfigSet                
000053fb  I2CTxFIFOFlush                    
000076e1  I2C_Init                          
00007835  I2C_ReadMultiple                  
0000776d  I2C_ReadSingle                    
0000779d  I2C_WriteMultiple                 
00007737  I2C_WriteSingle                   
200077e8  IBit_State                        
0000026d  Idle_Thread                       
0000693d  IntDisable                        
000068cb  IntEnable                         
000069af  IntIsEnabled                      
0000678f  IntMasterDisable                  
0000677f  IntMasterEnable                   
00006aa5  IntPendClear                      
00006a35  IntPendSet                        
000068a7  IntPriorityGet                    
0000681f  IntPriorityGroupingGet            
00006805  IntPriorityGroupingSet            
00006aff  IntPriorityMaskGet                
00006af3  IntPriorityMaskSet                
00006857  IntPrioritySet                    
0000679f  IntRegister                       
00006b07  IntTrigger                        
000067f1  IntUnregister                     
000089e9  JOYSTICK_GetPress                 
000089fd  JOYSTICK_GetX                     
00008a1f  JOYSTICK_GetXY                    
00008a0d  JOYSTICK_GetY                     
00008959  JOYSTICK_Init                     
000089c5  JOYSTICK_IntEnable                
00000561  Level_Thread                      
000003a5  Menu_Thread                       
0000960f  MultimodButtons_Get               
000095e5  MultimodButtons_Init              
000086e5  OPT3001_GetChipID                 
00008653  OPT3001_GetResult                 
000085c5  OPT3001_Init                      
00008625  OPT3001_ReadRegister              
000086c5  OPT3001_SetHighLimit              
000086a5  OPT3001_SetLowLimit               
000085ed  OPT3001_WriteRegister             
00008d05  PCA9956b_DisableOutput            
00008cf7  PCA9956b_EnableOutput             
00008d13  PCA9956b_GetChipID                
00008c7d  PCA9956b_Init                     
00008ca3  PCA9956b_SetAllMax                
00008ccd  PCA9956b_SetAllOff                
0000946b  PendSV_Handler                    
00000729  Picture_Thread                    
000008ad  Read_JoystickPress                
00009a01  ResetISR                          
00000c59  Ret_Pixels                        
000081a5  SPI_Init                          
000082b3  SPI_ReadMultiple                  
0000822b  SPI_ReadSingle                    
00008253  SPI_WriteMultiple                 
0000820d  SPI_WriteSingle                   
00006df5  SSIAdvDataPutFrameEnd             
00006e1b  SSIAdvDataPutFrameEndNonBlocking  
00006e5d  SSIAdvFrameHoldDisable            
00006e47  SSIAdvFrameHoldEnable             
00006dc3  SSIAdvModeSet                     
00006d81  SSIBusy                           
00006db3  SSIClockSourceGet                 
00006d9f  SSIClockSourceSet                 
00006b9b  SSIConfigSetExpClk                
00006d69  SSIDMADisable                     
00006d51  SSIDMAEnable                      
00006d13  SSIDataGet                        
00006d2f  SSIDataGetNonBlocking             
00006cd9  SSIDataPut                        
00006cf3  SSIDataPutNonBlocking             
00006c2b  SSIDisable                        
00006c15  SSIEnable                         
00006cc7  SSIIntClear                       
00006c91  SSIIntDisable                     
00006c79  SSIIntEnable                      
00006c41  SSIIntRegister                    
00006ca9  SSIIntStatus                      
00006c5f  SSIIntUnregister                  
00006e89  SSILoopbackDisable                
00006e73  SSILoopbackEnable                 
00003ddb  ST7789_Deselect                   
00003fa1  ST7789_DrawHLine                  
00004341  ST7789_DrawLine                   
000042d3  ST7789_DrawPixel                  
0000440d  ST7789_DrawRectangle              
00004595  ST7789_DrawText                   
00003f0b  ST7789_DrawVLine                  
00004325  ST7789_Fill                       
00004505  ST7789_GetCharGlyph               
000041f1  ST7789_Init                       
00004055  ST7789_Line                       
00003e31  ST7789_ReadRegister               
00003dcd  ST7789_Select                     
00003df7  ST7789_SetCommand                 
00003de9  ST7789_SetData                    
00003e3f  ST7789_SetWindow                  
00003e05  ST7789_WriteCommand               
00003e1f  ST7789_WriteData                  
000099cb  StartCriticalSection              
00002721  SysCtlAltClkConfig                
00001e4d  SysCtlClockFreqSet                
00002315  SysCtlClockGet                    
00002705  SysCtlClockOutConfig              
00002145  SysCtlClockSet                    
00001d51  SysCtlDeepSleep                   
000024d5  SysCtlDeepSleepClockConfigSet     
000024b7  SysCtlDeepSleepClockSet           
00001d31  SysCtlDeepSleepPowerSet           
00009a21  SysCtlDelay                       
000018bb  SysCtlFlashSectorSizeGet          
0000188f  SysCtlFlashSizeGet                
000025ab  SysCtlGPIOAHBDisable              
0000258f  SysCtlGPIOAHBEnable               
00001cc5  SysCtlIntClear                    
00001cb1  SysCtlIntDisable                  
00001c99  SysCtlIntEnable                   
00001c75  SysCtlIntRegister                 
00001cd5  SysCtlIntStatus                   
00001c89  SysCtlIntUnregister               
00001d17  SysCtlLDODeepSleepGet             
00001d07  SysCtlLDODeepSleepSet             
00001d01  SysCtlLDOSleepGet                 
00001cf1  SysCtlLDOSleepSet                 
00001d87  SysCtlMOSCConfigSet               
000026e9  SysCtlNMIClear                    
000026d1  SysCtlNMIStatus                   
00001d9d  SysCtlPIOSCCalibrate              
00002579  SysCtlPWMClockGet                 
0000255f  SysCtlPWMClockSet                 
00001c1d  SysCtlPeripheralClockGating       
00001bd5  SysCtlPeripheralDeepSleepDisable  
00001b7d  SysCtlPeripheralDeepSleepEnable   
00001aad  SysCtlPeripheralDisable           
00001a6d  SysCtlPeripheralEnable            
000019a1  SysCtlPeripheralPowerOff          
00001961  SysCtlPeripheralPowerOn           
000018e1  SysCtlPeripheralPresent           
00001921  SysCtlPeripheralReady             
000019e1  SysCtlPeripheralReset             
00001b3d  SysCtlPeripheralSleepDisable      
00001af5  SysCtlPeripheralSleepEnable       
00001d41  SysCtlReset                       
00001dfd  SysCtlResetBehaviorGet            
00001ded  SysCtlResetBehaviorSet            
00001d73  SysCtlResetCauseClear             
00001d6d  SysCtlResetCauseGet               
00001885  SysCtlSRAMSizeGet                 
00001d49  SysCtlSleep                       
00001d21  SysCtlSleepPowerSet               
000025d3  SysCtlUSBPLLDisable               
000025c7  SysCtlUSBPLLEnable                
00002619  SysCtlVCOGet                      
00002601  SysCtlVoltageEventClear           
000025e5  SysCtlVoltageEventConfig          
000025f5  SysCtlVoltageEventStatus          
00009095  SysTickDisable                    
00009089  SysTickEnable                     
000090d9  SysTickIntDisable                 
000090cd  SysTickIntEnable                  
000090a1  SysTickIntRegister                
000090b9  SysTickIntUnregister              
000090f7  SysTickPeriodGet                  
000090e5  SysTickPeriodSet                  
000090ff  SysTickValueGet                   
000055db  SysTick_Handler                   
200077ec  SystemTime                        
00006275  UART9BitAddrSend                  
0000624f  UART9BitAddrSet                   
00006239  UART9BitDisable                   
00006223  UART9BitEnable                    
000060c7  UARTBreakCtl                      
000060f1  UARTBusy                          
0000606f  UARTCharGet                       
00006053  UARTCharGetNonBlocking            
000060a9  UARTCharPut                       
00006085  UARTCharPutNonBlocking            
00006017  UARTCharsAvail                    
00006213  UARTClockSourceGet                
000061ff  UARTClockSourceSet                
00005de7  UARTConfigGetExpClk               
00005d71  UARTConfigSetExpClk               
000061c5  UARTDMADisable                    
000061ad  UARTDMAEnable                     
00005e57  UARTDisable                       
00005edb  UARTDisableSIR                    
00005e33  UARTEnable                        
00005ead  UARTEnableSIR                     
00005e97  UARTFIFODisable                   
00005e81  UARTFIFOEnable                    
00005d49  UARTFIFOLevelGet                  
00005d31  UARTFIFOLevelSet                  
00005fd7  UARTFlowControlGet                
00005fbb  UARTFlowControlSet                
0000619b  UARTIntClear                      
00006165  UARTIntDisable                    
0000614d  UARTIntEnable                     
0000610f  UARTIntRegister                   
0000617d  UARTIntStatus                     
0000612d  UARTIntUnregister                 
000062bd  UARTLoopbackEnable                
00005f71  UARTModemControlClear             
00005f95  UARTModemControlGet               
00005f39  UARTModemControlSet               
00005fa7  UARTModemStatusGet                
00005d1f  UARTParityModeGet                 
00005d03  UARTParityModeSet                 
000061ef  UARTRxErrorClear                  
000061dd  UARTRxErrorGet                    
00005f23  UARTSmartCardDisable              
00005ef1  UARTSmartCardEnable               
00006035  UARTSpaceAvail                    
000062d5  UARTStdioConfig                   
00006005  UARTTxIntModeGet                  
00005fe9  UARTTxIntModeSet                  
00008d83  UART_BeagleBone_Init              
00008d3d  UART_Init                         
00000b35  UART_Thread                       
00006425  UARTgetc                          
0000636b  UARTgets                          
00006747  UARTprintf                        
0000644d  UARTvprintf                       
0000631b  UARTwrite                         
0000027b  UpdateCurs_Thread                 
20007644  __CIOBUF_                         
20007a30  __STACK_END                       
00000200  __STACK_SIZE                      
20007a30  __STACK_TOP                       
0000a6c0  __TI_CINIT_Base                   
0000a6d8  __TI_CINIT_Limit                  
0000a6a0  __TI_Handler_Table_Base           
0000a6ac  __TI_Handler_Table_Limit          
000096c1  __TI_auto_init_nobinit_nopinit    
00009373  __TI_decompress_lzss              
000099e7  __TI_decompress_none              
000094f3  __TI_ltoa                         
ffffffff  __TI_pprof_out_hndl               
0000337d  __TI_printfi                      
ffffffff  __TI_prof_data_size               
ffffffff  __TI_prof_data_start              
00009871  __TI_readmsg                      
00000000  __TI_static_base__                
00009801  __TI_writemsg                     
000099f5  __TI_zero_init                    
00009111  __aeabi_cdcmpeq                   
00009111  __aeabi_cdcmple                   
00009197  __aeabi_cdrcmple                  
00009305  __aeabi_d2f                       
00009679  __aeabi_d2iz                      
00007c97  __aeabi_dadd                      
000086fd  __aeabi_ddiv                      
00008b81  __aeabi_dmul                      
00007c8d  __aeabi_dsub                      
00009a19  __aeabi_errno_addr                
00009839  __aeabi_f2d                       
000098d9  __aeabi_i2d                       
000062d3  __aeabi_idiv0                     
000062d3  __aeabi_ldiv0                     
0000921d  __aeabi_memclr                    
0000921d  __aeabi_memclr4                   
0000921d  __aeabi_memclr8                   
00008f55  __aeabi_memcpy                    
00008f55  __aeabi_memcpy4                   
00008f55  __aeabi_memcpy8                   
0000921f  __aeabi_memset                    
0000921f  __aeabi_memset4                   
0000921f  __aeabi_memset8                   
00009705  __aeabi_uidiv                     
00009705  __aeabi_uidivmod                  
00008ff1  __aeabi_uldivmod                  
ffffffff  __binit__                         
ffffffff  __c_args__                        
UNDEFED   __mpu_init                        
20007830  __stack                           
20000000  __start___llvm_prf_cnts           
20000000  __stop___llvm_prf_cnts            
000099d9  __time32                          
000098a5  _c_int00_noargs                   
00009f8c  _ctypes_                          
20007a60  _lock                             
00003dcb  _nop                              
UNDEFED   _system_post_cinit                
00009a27  _system_pre_init                  
20007a64  _unlock                           
00009a2b  abort                             
00006ea1  atan                              
000078d9  atan2                             
000078d9  atan2l                            
00006ea1  atanl                             
00009599  atoi                              
ffffffff  binit                             
20007a49  cleared                           
20007a44  clrInd                            
00009949  copysign                          
00009949  copysignl                         
20007a30  curs_x                            
20007a34  curs_y                            
000041d5  delay_ms                          
000010d5  draw_Curs_Help                    
20007a74  errno                             
000093dd  frexp                             
000093dd  frexpl                            
20000000  g_pfnRAMVectors                   
00000000  g_pfnVectors                      
00001419  getPix                            
20007a4e  joystick_y                        
20007a4f  kill_cube                         
00008a71  ldexp                             
00008a71  ldexpl                            
20007824  lev_x                             
20007826  lev_y                             
20007828  lev_z                             
20007a4b  level                             
00007ff5  main                              
0000992d  memccpy                           
00008f55  memcpy                            
00009225  memset                            
20007a4a  menu                              
000080f1  multimod_init                     
20007a46  mvInd                             
00001349  mvRes                             
200073ec  mvX                               
20007518  mvY                               
20007a4d  num_cubes                         
20007820  packet                            
200077cc  parmbuf                           
20007a4c  pict                              
200077ac  prevLev                           
20007a38  prev_curs_x                       
20007a3c  prev_curs_y                       
00000685  read_acc                          
2000526c  res_on_clr                        
20006e8c  res_on_mv                         
00008a71  scalbn                            
00008a71  scalbnl                           
200077f0  sel_ang                           
20007a42  sel_clear                         
20007a40  sel_ind                           
200077d4  sel_x                             
200077dc  sel_y                             
200077f4  sem_Calc                          
200077f8  sem_Draw                          
200077fc  sem_I2CA                          
20007800  sem_Joystick_Debounce             
20007804  sem_KillCube                      
20007808  sem_Lev                           
2000780c  sem_Menu                          
20007810  sem_PCA9555_Debounce              
20007814  sem_Pic                           
20007818  sem_SPIA                          
2000781c  sem_UART                          
00005c3d  sleep                             
00009745  sprintf                           
00008331  sqrt                              
00008331  sqrtl                             
00009909  srand                             
0000997b  strchr                            
00009991  strcpy                            
000099a5  strlen                            
000099d9  time                              
20007a47  tmpMvInd                          
000099b9  wcslen                            
20007a48  zdown                             


GLOBAL SYMBOLS: SORTED BY Symbol Address 

address   name                              
-------   ----                              
00000000  __TI_static_base__                
00000000  g_pfnVectors                      
00000200  __STACK_SIZE                      
0000026d  Idle_Thread                       
0000027b  UpdateCurs_Thread                 
000003a5  Menu_Thread                       
00000561  Level_Thread                      
00000685  read_acc                          
00000729  Picture_Thread                    
000008ad  Read_JoystickPress                
00000a31  Calc_Ang                          
00000b35  UART_Thread                       
00000c59  Ret_Pixels                        
00000d41  Get_Line                          
00000f1d  Draw_Lev                          
000010d5  draw_Curs_Help                    
00001349  mvRes                             
00001419  getPix                            
00001531  Draw_Curs                         
000016f1  Get_Joystick                      
0000172d  GPIOE_Handler                     
0000173f  GPIOD_Handler                     
00001885  SysCtlSRAMSizeGet                 
0000188f  SysCtlFlashSizeGet                
000018bb  SysCtlFlashSectorSizeGet          
000018e1  SysCtlPeripheralPresent           
00001921  SysCtlPeripheralReady             
00001961  SysCtlPeripheralPowerOn           
000019a1  SysCtlPeripheralPowerOff          
000019e1  SysCtlPeripheralReset             
00001a6d  SysCtlPeripheralEnable            
00001aad  SysCtlPeripheralDisable           
00001af5  SysCtlPeripheralSleepEnable       
00001b3d  SysCtlPeripheralSleepDisable      
00001b7d  SysCtlPeripheralDeepSleepEnable   
00001bd5  SysCtlPeripheralDeepSleepDisable  
00001c1d  SysCtlPeripheralClockGating       
00001c75  SysCtlIntRegister                 
00001c89  SysCtlIntUnregister               
00001c99  SysCtlIntEnable                   
00001cb1  SysCtlIntDisable                  
00001cc5  SysCtlIntClear                    
00001cd5  SysCtlIntStatus                   
00001cf1  SysCtlLDOSleepSet                 
00001d01  SysCtlLDOSleepGet                 
00001d07  SysCtlLDODeepSleepSet             
00001d17  SysCtlLDODeepSleepGet             
00001d21  SysCtlSleepPowerSet               
00001d31  SysCtlDeepSleepPowerSet           
00001d41  SysCtlReset                       
00001d49  SysCtlSleep                       
00001d51  SysCtlDeepSleep                   
00001d6d  SysCtlResetCauseGet               
00001d73  SysCtlResetCauseClear             
00001d87  SysCtlMOSCConfigSet               
00001d9d  SysCtlPIOSCCalibrate              
00001ded  SysCtlResetBehaviorSet            
00001dfd  SysCtlResetBehaviorGet            
00001e4d  SysCtlClockFreqSet                
00002145  SysCtlClockSet                    
00002315  SysCtlClockGet                    
000024b7  SysCtlDeepSleepClockSet           
000024d5  SysCtlDeepSleepClockConfigSet     
0000255f  SysCtlPWMClockSet                 
00002579  SysCtlPWMClockGet                 
0000258f  SysCtlGPIOAHBEnable               
000025ab  SysCtlGPIOAHBDisable              
000025c7  SysCtlUSBPLLEnable                
000025d3  SysCtlUSBPLLDisable               
000025e5  SysCtlVoltageEventConfig          
000025f5  SysCtlVoltageEventStatus          
00002601  SysCtlVoltageEventClear           
00002619  SysCtlVCOGet                      
000026d1  SysCtlNMIStatus                   
000026e9  SysCtlNMIClear                    
00002705  SysCtlClockOutConfig              
00002721  SysCtlAltClkConfig                
000027c3  GPIODirModeSet                    
0000281f  GPIODirModeGet                    
0000286b  GPIOIntTypeSet                    
0000290f  GPIOIntTypeGet                    
00002999  GPIOPadConfigSet                  
00002c07  GPIOPadConfigGet                  
00002d79  GPIOIntEnable                     
00002d9d  GPIOIntDisable                    
00002db7  GPIOIntStatus                     
00002dd9  GPIOIntClear                      
00002ded  GPIOIntRegister                   
00002e0b  GPIOIntUnregister                 
00002e25  GPIOIntRegisterPin                
00002e53  GPIOIntUnregisterPin              
00002e77  GPIOPinRead                       
00002e8f  GPIOPinWrite                      
00002eaf  GPIOPinTypeADC                    
00002ed3  GPIOPinTypeCAN                    
00002ef7  GPIOPinTypeComparator             
00002f1b  GPIOPinTypeComparatorOutput       
00002f3f  GPIOPinTypeDIVSCLK                
00002f63  GPIOPinTypeEPI                    
00002f87  GPIOPinTypeEthernetLED            
00002fab  GPIOPinTypeEthernetMII            
00002fcf  GPIOPinTypeGPIOInput              
00002ff3  GPIOPinTypeGPIOOutput             
0000301d  GPIOPinTypeGPIOOutputOD           
00003041  GPIOPinTypeHibernateRTCCLK        
00003065  GPIOPinTypeI2C                    
00003089  GPIOPinTypeI2CSCL                 
000030ad  GPIOPinTypeLCD                    
000030d1  GPIOPinTypeOneWire                
000030f5  GPIOPinTypePWM                    
00003119  GPIOPinTypeQEI                    
0000313d  GPIOPinTypeSSI                    
00003161  GPIOPinTypeTimer                  
00003185  GPIOPinTypeTrace                  
000031a9  GPIOPinTypeUART                   
000031cd  GPIOPinTypeUSBAnalog              
000031f1  GPIOPinTypeUSBDigital             
00003215  GPIOPinTypeWakeHigh               
0000323b  GPIOPinTypeWakeLow                
00003261  GPIOPinWakeStatus                 
00003271  GPIOPinConfigure                  
000032d3  GPIODMATriggerEnable              
000032f1  GPIODMATriggerDisable             
0000330f  GPIOADCTriggerEnable              
0000332d  GPIOADCTriggerDisable             
0000334b  GPIOUnlockPin                     
0000337d  __TI_printfi                      
00003dcb  _nop                              
00003dcd  ST7789_Select                     
00003ddb  ST7789_Deselect                   
00003de9  ST7789_SetData                    
00003df7  ST7789_SetCommand                 
00003e05  ST7789_WriteCommand               
00003e1f  ST7789_WriteData                  
00003e31  ST7789_ReadRegister               
00003e3f  ST7789_SetWindow                  
00003f0b  ST7789_DrawVLine                  
00003fa1  ST7789_DrawHLine                  
00004055  ST7789_Line                       
000041d5  delay_ms                          
000041f1  ST7789_Init                       
000042d3  ST7789_DrawPixel                  
00004325  ST7789_Fill                       
00004341  ST7789_DrawLine                   
0000440d  ST7789_DrawRectangle              
00004505  ST7789_GetCharGlyph               
00004595  ST7789_DrawText                   
000046d3  ADCIntRegister                    
000046fb  ADCIntUnregister                  
00004719  ADCIntDisable                     
00004735  ADCIntEnable                      
0000475b  ADCIntStatus                      
000047b3  ADCIntClear                       
000047c9  ADCSequenceEnable                 
000047e3  ADCSequenceDisable                
000047fd  ADCSequenceConfigure              
00004899  ADCSequenceStepConfigure          
00004985  ADCSequenceOverflow               
0000499d  ADCSequenceOverflowClear          
000049b3  ADCSequenceUnderflow              
000049cb  ADCSequenceUnderflowClear         
000049e1  ADCSequenceDataGet                
00004a23  ADCProcessorTrigger               
00004a4b  ADCSoftwareOversampleConfigure    
00004a9d  ADCSoftwareOversampleStepConfigure
00004b7d  ADCSoftwareOversampleDataGet      
00004c0f  ADCHardwareOversampleConfigure    
00004c41  ADCComparatorConfigure            
00004c5d  ADCComparatorRegionSet            
00004c81  ADCComparatorReset                
00004cc7  ADCComparatorIntDisable           
00004ce5  ADCComparatorIntEnable            
00004d03  ADCComparatorIntStatus            
00004d15  ADCComparatorIntClear             
00004d2d  ADCIntDisableEx                   
00004d45  ADCIntEnableEx                    
00004d5d  ADCIntStatusEx                    
00004d8f  ADCIntClearEx                     
00004da1  ADCReferenceSet                   
00004dbd  ADCReferenceGet                   
00004dcf  ADCPhaseDelaySet                  
00004de1  ADCPhaseDelayGet                  
00004def  ADCSequenceDMAEnable              
00004e0b  ADCSequenceDMADisable             
00004e27  ADCBusy                           
00004e45  ADCClockConfigSet                 
00004e6f  ADCClockConfigGet                 
00004f13  I2CMasterInitExpClk               
00004f85  I2CSlaveInit                      
00004f9f  I2CSlaveAddressSet                
00004fdd  I2CMasterEnable                   
00004ff3  I2CSlaveEnable                    
00005011  I2CMasterDisable                  
00005027  I2CSlaveDisable                   
00005045  I2CIntRegister                    
00005063  I2CIntUnregister                  
0000507d  I2CMasterIntEnable                
0000508d  I2CMasterIntEnableEx              
000050a5  I2CSlaveIntEnable                 
000050bd  I2CSlaveIntEnableEx               
000050d7  I2CMasterIntDisable               
000050e7  I2CMasterIntDisableEx             
000050ff  I2CSlaveIntDisable                
00005117  I2CSlaveIntDisableEx              
00005131  I2CMasterIntStatus                
00005171  I2CMasterIntStatusEx              
000051a1  I2CSlaveIntStatus                 
000051e9  I2CSlaveIntStatusEx               
0000520b  I2CMasterIntClear                 
00005221  I2CMasterIntClearEx               
0000523d  I2CSlaveIntClear                  
0000524f  I2CSlaveIntClearEx                
00005263  I2CMasterSlaveAddrSet             
00005285  I2CMasterLineStateGet             
00005293  I2CMasterBusy                     
000052ab  I2CMasterBusBusy                  
000052c3  I2CMasterControl                  
000052d5  I2CMasterErr                      
00005301  I2CMasterDataPut                  
00005317  I2CMasterDataGet                  
00005325  I2CMasterTimeoutSet               
00005337  I2CSlaveACKOverride               
00005369  I2CSlaveACKValueSet               
0000539b  I2CSlaveStatus                    
000053ab  I2CSlaveDataPut                   
000053c3  I2CSlaveDataGet                   
000053d3  I2CTxFIFOConfigSet                
000053fb  I2CTxFIFOFlush                    
00005413  I2CRxFIFOConfigSet                
0000543b  I2CRxFIFOFlush                    
00005453  I2CFIFOStatus                     
00005463  I2CFIFODataPut                    
00005485  I2CFIFODataPutNonBlocking         
000054ad  I2CFIFODataGet                    
000054c7  I2CFIFODataGetNonBlocking         
000054ed  I2CMasterBurstLengthSet           
00005503  I2CMasterBurstCountGet            
00005511  I2CMasterGlitchFilterConfigSet    
0000555f  I2CSlaveFIFOEnable                
00005577  I2CSlaveFIFODisable               
00005589  I2CLoopbackEnable                 
000055db  SysTick_Handler                   
0000568b  G8RTOS_Init                       
000056df  G8RTOS_Launch                     
00005703  G8RTOS_Scheduler                  
0000578d  G8RTOS_AddThread                  
00005995  G8RTOS_Add_APeriodicEvent         
00005a15  G8RTOS_Add_PeriodicEvent          
00005afd  G8RTOS_KillThread                 
00005bc9  G8RTOS_KillSelf                   
00005c3d  sleep                             
00005c67  G8RTOS_GetThreadID                
00005c6f  G8RTOS_GetNumberOfThreads         
00005d03  UARTParityModeSet                 
00005d1f  UARTParityModeGet                 
00005d31  UARTFIFOLevelSet                  
00005d49  UARTFIFOLevelGet                  
00005d71  UARTConfigSetExpClk               
00005de7  UARTConfigGetExpClk               
00005e33  UARTEnable                        
00005e57  UARTDisable                       
00005e81  UARTFIFOEnable                    
00005e97  UARTFIFODisable                   
00005ead  UARTEnableSIR                     
00005edb  UARTDisableSIR                    
00005ef1  UARTSmartCardEnable               
00005f23  UARTSmartCardDisable              
00005f39  UARTModemControlSet               
00005f71  UARTModemControlClear             
00005f95  UARTModemControlGet               
00005fa7  UARTModemStatusGet                
00005fbb  UARTFlowControlSet                
00005fd7  UARTFlowControlGet                
00005fe9  UARTTxIntModeSet                  
00006005  UARTTxIntModeGet                  
00006017  UARTCharsAvail                    
00006035  UARTSpaceAvail                    
00006053  UARTCharGetNonBlocking            
0000606f  UARTCharGet                       
00006085  UARTCharPutNonBlocking            
000060a9  UARTCharPut                       
000060c7  UARTBreakCtl                      
000060f1  UARTBusy                          
0000610f  UARTIntRegister                   
0000612d  UARTIntUnregister                 
0000614d  UARTIntEnable                     
00006165  UARTIntDisable                    
0000617d  UARTIntStatus                     
0000619b  UARTIntClear                      
000061ad  UARTDMAEnable                     
000061c5  UARTDMADisable                    
000061dd  UARTRxErrorGet                    
000061ef  UARTRxErrorClear                  
000061ff  UARTClockSourceSet                
00006213  UARTClockSourceGet                
00006223  UART9BitEnable                    
00006239  UART9BitDisable                   
0000624f  UART9BitAddrSet                   
00006275  UART9BitAddrSend                  
000062bd  UARTLoopbackEnable                
000062d3  __aeabi_idiv0                     
000062d3  __aeabi_ldiv0                     
000062d5  UARTStdioConfig                   
0000631b  UARTwrite                         
0000636b  UARTgets                          
00006425  UARTgetc                          
0000644d  UARTvprintf                       
00006747  UARTprintf                        
0000677f  IntMasterEnable                   
0000678f  IntMasterDisable                  
0000679f  IntRegister                       
000067f1  IntUnregister                     
00006805  IntPriorityGroupingSet            
0000681f  IntPriorityGroupingGet            
00006857  IntPrioritySet                    
000068a7  IntPriorityGet                    
000068cb  IntEnable                         
0000693d  IntDisable                        
000069af  IntIsEnabled                      
00006a35  IntPendSet                        
00006aa5  IntPendClear                      
00006af3  IntPriorityMaskSet                
00006aff  IntPriorityMaskGet                
00006b07  IntTrigger                        
00006b9b  SSIConfigSetExpClk                
00006c15  SSIEnable                         
00006c2b  SSIDisable                        
00006c41  SSIIntRegister                    
00006c5f  SSIIntUnregister                  
00006c79  SSIIntEnable                      
00006c91  SSIIntDisable                     
00006ca9  SSIIntStatus                      
00006cc7  SSIIntClear                       
00006cd9  SSIDataPut                        
00006cf3  SSIDataPutNonBlocking             
00006d13  SSIDataGet                        
00006d2f  SSIDataGetNonBlocking             
00006d51  SSIDMAEnable                      
00006d69  SSIDMADisable                     
00006d81  SSIBusy                           
00006d9f  SSIClockSourceSet                 
00006db3  SSIClockSourceGet                 
00006dc3  SSIAdvModeSet                     
00006df5  SSIAdvDataPutFrameEnd             
00006e1b  SSIAdvDataPutFrameEndNonBlocking  
00006e47  SSIAdvFrameHoldEnable             
00006e5d  SSIAdvFrameHoldDisable            
00006e73  SSILoopbackEnable                 
00006e89  SSILoopbackDisable                
00006ea1  atan                              
00006ea1  atanl                             
0000718d  BMI160_Init                       
000071b7  BMI160_WriteRegister              
000071df  BMI160_ReadRegister               
000071fb  BMI160_MultiReadRegister          
00007223  BMI160_AccelXGetResult            
00007247  BMI160_AccelYGetResult            
0000726b  BMI160_AccelZGetResult            
0000728f  BMI160_GyroXGetResult             
000072b3  BMI160_GyroYGetResult             
000072d7  BMI160_GyroZGetResult             
000072fb  BMI160_MagXGetResult              
0000731f  BMI160_MagYGetResult              
00007343  BMI160_MagZGetResult              
00007367  BMI160_AccelXYZGetResult          
000073bb  BMI160_GyroXYZGetResult           
0000740f  BMI160_MagXYZGetResult            
00007463  BMI160_GetDataStatus              
000076e1  I2C_Init                          
00007737  I2C_WriteSingle                   
0000776d  I2C_ReadSingle                    
0000779d  I2C_WriteMultiple                 
00007835  I2C_ReadMultiple                  
000078d9  atan2                             
000078d9  atan2l                            
00007c8d  __aeabi_dsub                      
00007c97  __aeabi_dadd                      
00007e45  G8RTOS_InitFIFO                   
00007ead  G8RTOS_ReadFIFO                   
00007f37  G8RTOS_WriteFIFO                  
00007ff5  main                              
000080f1  multimod_init                     
000081a5  SPI_Init                          
0000820d  SPI_WriteSingle                   
0000822b  SPI_ReadSingle                    
00008253  SPI_WriteMultiple                 
000082b3  SPI_ReadMultiple                  
00008331  sqrt                              
00008331  sqrtl                             
000085c5  OPT3001_Init                      
000085ed  OPT3001_WriteRegister             
00008625  OPT3001_ReadRegister              
00008653  OPT3001_GetResult                 
000086a5  OPT3001_SetLowLimit               
000086c5  OPT3001_SetHighLimit              
000086e5  OPT3001_GetChipID                 
000086fd  __aeabi_ddiv                      
00008959  JOYSTICK_Init                     
000089c5  JOYSTICK_IntEnable                
000089e9  JOYSTICK_GetPress                 
000089fd  JOYSTICK_GetX                     
00008a0d  JOYSTICK_GetY                     
00008a1f  JOYSTICK_GetXY                    
00008a71  ldexp                             
00008a71  ldexpl                            
00008a71  scalbn                            
00008a71  scalbnl                           
00008b81  __aeabi_dmul                      
00008c7d  PCA9956b_Init                     
00008ca3  PCA9956b_SetAllMax                
00008ccd  PCA9956b_SetAllOff                
00008cf7  PCA9956b_EnableOutput             
00008d05  PCA9956b_DisableOutput            
00008d13  PCA9956b_GetChipID                
00008d3d  UART_Init                         
00008d83  UART_BeagleBone_Init              
00008ea5  G8RTOS_InitSemaphore              
00008ec3  G8RTOS_WaitSemaphore              
00008f03  G8RTOS_SignalSemaphore            
00008f55  __aeabi_memcpy                    
00008f55  __aeabi_memcpy4                   
00008f55  __aeabi_memcpy8                   
00008f55  memcpy                            
00008ff1  __aeabi_uldivmod                  
00009089  SysTickEnable                     
00009095  SysTickDisable                    
000090a1  SysTickIntRegister                
000090b9  SysTickIntUnregister              
000090cd  SysTickIntEnable                  
000090d9  SysTickIntDisable                 
000090e5  SysTickPeriodSet                  
000090f7  SysTickPeriodGet                  
000090ff  SysTickValueGet                   
00009111  __aeabi_cdcmpeq                   
00009111  __aeabi_cdcmple                   
00009197  __aeabi_cdrcmple                  
0000921d  __aeabi_memclr                    
0000921d  __aeabi_memclr4                   
0000921d  __aeabi_memclr8                   
0000921f  __aeabi_memset                    
0000921f  __aeabi_memset4                   
0000921f  __aeabi_memset8                   
00009225  memset                            
00009305  __aeabi_d2f                       
00009373  __TI_decompress_lzss              
000093dd  frexp                             
000093dd  frexpl                            
00009449  G8RTOS_Start                      
0000946b  PendSV_Handler                    
000094f3  __TI_ltoa                         
00009599  atoi                              
000095e5  MultimodButtons_Init              
0000960f  MultimodButtons_Get               
00009631  HOSTtime                          
00009679  __aeabi_d2iz                      
000096c1  __TI_auto_init_nobinit_nopinit    
00009705  __aeabi_uidiv                     
00009705  __aeabi_uidivmod                  
00009745  sprintf                           
000097c3  CPUcpsid                          
000097cf  CPUprimask                        
000097d9  CPUcpsie                          
000097e5  CPUwfi                            
000097e9  CPUbasepriSet                     
000097f7  CPUbasepriGet                     
00009801  __TI_writemsg                     
0000982f  C$$IO$$                           
00009839  __aeabi_f2d                       
00009871  __TI_readmsg                      
000098a5  _c_int00_noargs                   
000098d9  __aeabi_i2d                       
00009909  srand                             
0000992d  memccpy                           
00009949  copysign                          
00009949  copysignl                         
0000997b  strchr                            
00009991  strcpy                            
000099a5  strlen                            
000099b9  wcslen                            
000099cb  StartCriticalSection              
000099d3  EndCriticalSection                
000099d9  __time32                          
000099d9  time                              
000099e7  __TI_decompress_none              
000099f5  __TI_zero_init                    
00009a01  ResetISR                          
00009a19  __aeabi_errno_addr                
00009a21  SysCtlDelay                       
00009a27  _system_pre_init                  
00009a2b  C$$EXIT                           
00009a2b  abort                             
00009f8c  _ctypes_                          
0000a6a0  __TI_Handler_Table_Base           
0000a6ac  __TI_Handler_Table_Limit          
0000a6c0  __TI_CINIT_Base                   
0000a6d8  __TI_CINIT_Limit                  
20000000  __start___llvm_prf_cnts           
20000000  __stop___llvm_prf_cnts            
20000000  g_pfnRAMVectors                   
2000526c  res_on_clr                        
20006e8c  res_on_mv                         
200073ec  mvX                               
20007518  mvY                               
20007644  __CIOBUF_                         
200077ac  prevLev                           
200077cc  parmbuf                           
200077d4  sel_x                             
200077dc  sel_y                             
200077e4  CurrentlyRunningThread            
200077e8  IBit_State                        
200077ec  SystemTime                        
200077f0  sel_ang                           
200077f4  sem_Calc                          
200077f8  sem_Draw                          
200077fc  sem_I2CA                          
20007800  sem_Joystick_Debounce             
20007804  sem_KillCube                      
20007808  sem_Lev                           
2000780c  sem_Menu                          
20007810  sem_PCA9555_Debounce              
20007814  sem_Pic                           
20007818  sem_SPIA                          
2000781c  sem_UART                          
20007820  packet                            
20007824  lev_x                             
20007826  lev_y                             
20007828  lev_z                             
20007830  __stack                           
20007a30  __STACK_END                       
20007a30  __STACK_TOP                       
20007a30  curs_x                            
20007a34  curs_y                            
20007a38  prev_curs_x                       
20007a3c  prev_curs_y                       
20007a40  sel_ind                           
20007a42  sel_clear                         
20007a44  clrInd                            
20007a46  mvInd                             
20007a47  tmpMvInd                          
20007a48  zdown                             
20007a49  cleared                           
20007a4a  menu                              
20007a4b  level                             
20007a4c  pict                              
20007a4d  num_cubes                         
20007a4e  joystick_y                        
20007a4f  kill_cube                         
20007a50  FontStyle_Emulogic                
20007a60  _lock                             
20007a64  _unlock                           
20007a74  errno                             
ffffffff  __TI_pprof_out_hndl               
ffffffff  __TI_prof_data_size               
ffffffff  __TI_prof_data_start              
ffffffff  __binit__                         
ffffffff  __c_args__                        
ffffffff  binit                             
UNDEFED   __mpu_init                        
UNDEFED   _system_post_cinit                

[559 symbols]
