******************************************************************************
                  TI ARM Linker PC v20.2.7                     
******************************************************************************
>> Linked Thu Nov  9 17:56:11 2023

OUTPUT FILE NAME:   <Lab Quiz.out>
ENTRY POINT SYMBOL: "_c_int00_noargs"  address: 000065cd


MEMORY CONFIGURATION

         name            origin    length      used     unused   attr    fill
----------------------  --------  ---------  --------  --------  ----  --------
  FLASH                 00000000   00040000  00006e2a  000391d6  R  X
  SRAM                  20000000   00008000  000069b0  00001650  RW X


SEGMENT ALLOCATION MAP

run origin  load origin   length   init length attrs members
----------  ----------- ---------- ----------- ----- -------
00000000    00000000    00006e30   00006e30    r-x
  00000000    00000000    0000026c   0000026c    r-- .intvecs
  0000026c    0000026c    0000646c   0000646c    r-x .text
  000066d8    000066d8    000006fa   000006fa    r-- .const
  00006dd8    00006dd8    00000058   00000058    r-- .cinit
20000000    20000000    000069b0   00000000    rw-
  20000000    20000000    0000026c   00000000    rw- .vtable
  2000026c    2000026c    00006504   00000000    rw- .bss
  20006770    20006770    00000200   00000000    rw- .stack
  20006970    20006970    00000040   00000000    rw- .data


SECTION ALLOCATION MAP

 output                                  attributes/
section   page    origin      length       input sections
--------  ----  ----------  ----------   ----------------
.intvecs   0    00000000    0000026c     
                  00000000    0000026c     tm4c123gh6pm_startup_ccs.obj (.intvecs)

.text      0    0000026c    0000646c     
                  0000026c    00000fa0     sysctl.obj (.text)
                  0000120c    00000c18     gpio.obj (.text)
                  00001e24    0000083c     adc.obj (.text)
                  00002660    00000738     multimod_ST7789.obj (.text)
                  00002d98    000006fc     i2c.obj (.text)
                  00003494    000006f0     G8RTOS_Scheduler.obj (.text)
                  00003b84    0000062e     uart.obj (.text)
                  000041b2    00000002     rtsv7M4_T_le_v4SPD16_eabi.lib : _lock.c.obj (.text:_nop)
                  000041b4    000004a8     uartstdio.obj (.text)
                  0000465c    00000488     threads.obj (.text)
                  00004ae4    000003c0     interrupt.obj (.text)
                  00004ea4    00000362     ssi.obj (.text)
                  00005206    00000002     rtsv7M4_T_le_v4SPD16_eabi.lib : div0.asm.obj (.text)
                  00005208    000002e4     multimod_BMI160.obj (.text)
                  000054ec    00000238     main.obj (.text)
                  00005724    000001f8     multimod_i2c.obj (.text)
                  0000591c    000001a0     G8RTOS_IPC.obj (.text)
                  00005abc    0000018c     multimod_spi.obj (.text)
                  00005c48    00000138     multimod_OPT3001.obj (.text)
                  00005d80    00000118     multimod_joystick.obj (.text)
                  00005e98    000000fc     rtsv7M4_T_le_v4SPD16_eabi.lib : fd_mul_t2.asm.obj (.text)
                  00005f94    000000c0     multimod_PCA9956b.obj (.text)
                  00006054    000000b0     G8RTOS_Semaphores.obj (.text)
                  00006104    0000009c     rtsv7M4_T_le_v4SPD16_eabi.lib : memcpy_t2.asm.obj (.text)
                  000061a0    00000088     systick.obj (.text)
                  00006228    0000007a     rtsv7M4_T_le_v4SPD16_eabi.lib : memset_t2.asm.obj (.text)
                  000062a2    00000068                                   : copy_decompress_lzss.c.obj (.text:decompress:lzss:__TI_decompress_lzss)
                  0000630a    00000002     --HOLE-- [fill = 0]
                  0000630c    0000005c     G8RTOS_SchedulerASM.obj (.text)
                  00006368    00000058     multimod_uart.obj (.text)
                  000063c0    0000004c     multimod_buttons.obj (.text)
                  0000640c    00000048     rtsv7M4_T_le_v4SPD16_eabi.lib : hosttime.c.obj (.text:HOSTtime)
                  00006454    00000048                                   : fd_toi_t2.asm.obj (.text)
                  0000649c    00000044                                   : autoinit.c.obj (.text:__TI_auto_init_nobinit_nopinit:__TI_auto_init_nobinit_nopinit)
                  000064e0    00000040                                   : u_divt2.asm.obj (.text)
                  00006520    0000003e     cpu.obj (.text)
                  0000655e    00000002     --HOLE-- [fill = 0]
                  00006560    00000038     rtsv7M4_T_le_v4SPD16_eabi.lib : trgmsg.c.obj (.text:__TI_writemsg)
                  00006598    00000034                                   : trgmsg.c.obj (.text:__TI_readmsg)
                  000065cc    00000034                                   : boot_cortex_m.c.obj (.text:_c_int00_noargs:_c_int00_noargs)
                  00006600    00000034                                   : rand.c.obj (.text:rand)
                  00006634    0000002e                                   : i_tofd_t2.asm.obj (.text)
                  00006662    00000002     --HOLE-- [fill = 0]
                  00006664    00000024                                   : rand.c.obj (.text:srand)
                  00006688    0000000e     G8RTOS_CriticalSection.obj (.text)
                  00006696    0000000e     rtsv7M4_T_le_v4SPD16_eabi.lib : time.c.obj (.text:__time32)
                  000066a4    0000000e                                   : copy_decompress_none.c.obj (.text:decompress:none:__TI_decompress_none)
                  000066b2    0000000c                                   : copy_zero_init.c.obj (.text:decompress:ZI:__TI_zero_init)
                  000066be    0000000c     tm4c123gh6pm_startup_ccs.obj (.text)
                  000066ca    00000006     sysctl.obj (.text:SysCtlDelay)
                  000066d0    00000004     rtsv7M4_T_le_v4SPD16_eabi.lib : pre_init.c.obj (.text:_system_pre_init)
                  000066d4    00000004                                   : exit.c.obj (.text:abort:abort)

.const     0    000066d8    000006fa     
                  000066d8    000001b0     sysctl.obj (.const:g_pppui32XTALtoVCO)
                  00006888    000000d8     gpio.obj (.const:g_ppui32GPIOIntMapSnowflake)
                  00006960    000000c0     gpio.obj (.const:g_ppui32GPIOIntMapBlizzard)
                  00006a20    0000009c     interrupt.obj (.const:g_pui32Regs)
                  00006abc    00000090     gpio.obj (.const:g_pui32GPIOBaseAddrs)
                  00006b4c    0000006c     sysctl.obj (.const:g_pui32Xtals)
                  00006bb8    00000050     i2c.obj (.const:g_ppui32I2CIntMapSnowflake)
                  00006c08    00000040     uart.obj (.const:g_ppui32UARTIntMap)
                  00006c48    00000040     uart.obj (.const:g_ppui32UARTIntMapSnowflake)
                  00006c88    00000030     i2c.obj (.const:g_ppui32I2CIntMap)
                  00006cb8    00000030     sysctl.obj (.const:g_sXTALtoMEMTIM)
                  00006ce8    00000020     ssi.obj (.const:g_ppui32SSIIntMap)
                  00006d08    00000020     ssi.obj (.const:g_ppui32SSIIntMapSnowflake)
                  00006d28    00000020     interrupt.obj (.const:g_pui32Priority)
                  00006d48    00000014     interrupt.obj (.const:g_pui32Dii16Regs)
                  00006d5c    00000014     interrupt.obj (.const:g_pui32EnRegs)
                  00006d70    00000014     interrupt.obj (.const:g_pui32PendRegs)
                  00006d84    00000014     interrupt.obj (.const:g_pui32UnpendRegs)
                  00006d98    00000012     uartstdio.obj (.const:.string)
                  00006daa    00000002     multimod_PCA9956b.obj (.const:.string:$P$T0$1)
                  00006dac    0000000c     uartstdio.obj (.const:g_ui32UARTBase)
                  00006db8    0000000c     uartstdio.obj (.const:g_ui32UARTPeriph)
                  00006dc4    00000008     sysctl.obj (.const:g_pui32VCOFrequencies)
                  00006dcc    00000004     uartstdio.obj (.const)
                  00006dd0    00000002     multimod_PCA9956b.obj (.const:.string:$P$T1$2)

.cinit     0    00006dd8    00000058     
                  00006dd8    0000001f     (.cinit..data.load) [load image, compression = lzss]
                  00006df7    00000001     --HOLE-- [fill = 0]
                  00006df8    0000000c     (__TI_handler_table)
                  00006e04    00000004     --HOLE-- [fill = 0]
                  00006e08    00000008     (.cinit..bss.load) [load image, compression = zero_init]
                  00006e10    00000008     (.cinit..vtable.load) [load image, compression = zero_init]
                  00006e18    00000018     (__TI_cinit_table)

.init_array 
*          0    00000000    00000000     UNINITIALIZED

.vtable    0    20000000    0000026c     UNINITIALIZED
                  20000000    0000026c     interrupt.obj (.vtable)

.bss       0    2000026c    00006504     UNINITIALIZED
                  2000026c    00006000     G8RTOS_Scheduler.obj (.bss:threadStacks)
                  2000626c    00000210     G8RTOS_Scheduler.obj (.bss:threadControlBlocks)
                  2000647c    00000150     G8RTOS_IPC.obj (.bss:FIFOs)
                  200065cc    00000120     rtsv7M4_T_le_v4SPD16_eabi.lib : trgmsg.c.obj (.bss:_CIOBUF_)
                  200066ec    00000048     G8RTOS_Scheduler.obj (.bss:pthreadControlBlocks)
                  20006734    00000008     G8RTOS_Scheduler.obj (.bss)
                  2000673c    00000008     adc.obj (.bss:g_pui8OversampleFactor)
                  20006744    00000008     (.common:parmbuf)
                  2000674c    00000004     (.common:CurrentlyRunningThread)
                  20006750    00000004     (.common:IBit_State)
                  20006754    00000004     (.common:SystemTime)
                  20006758    00000004     (.common:s)
                  2000675c    00000004     (.common:sem_I2CA)
                  20006760    00000004     (.common:sem_Joystick_Debounce)
                  20006764    00000004     (.common:sem_KillCube)
                  20006768    00000004     (.common:sem_PCA9555_Debounce)
                  2000676c    00000004     (.common:sem_SPIA)

.data      0    20006970    00000040     UNINITIALIZED
                  20006970    00000016     threads.obj (.data)
                  20006986    00000002     --HOLE--
                  20006988    00000010     threads.obj (.data:world_camera_pos)
                  20006998    00000008     rtsv7M4_T_le_v4SPD16_eabi.lib : _lock.c.obj (.data:$O1$$)
                  200069a0    00000005     uartstdio.obj (.data)
                  200069a5    00000003     --HOLE--
                  200069a8    00000004     G8RTOS_Scheduler.obj (.data)
                  200069ac    00000004     rtsv7M4_T_le_v4SPD16_eabi.lib : rand.c.obj (.data)

.stack     0    20006770    00000200     UNINITIALIZED
                  20006770    00000004     rtsv7M4_T_le_v4SPD16_eabi.lib : boot_cortex_m.c.obj (.stack)
                  20006774    000001fc     --HOLE--

__llvm_prf_cnts 
*          0    20000000    00000000     UNINITIALIZED

MODULE SUMMARY

       Module                         code    ro data   rw data
       ------                         ----    -------   -------
    .\
       threads.obj                    1160    0         38     
       tm4c123gh6pm_startup_ccs.obj   12      620       0      
       main.obj                       568     0         28     
    +--+------------------------------+-------+---------+---------+
       Total:                         1740    620       66     
                                                               
    .\G8RTOS\src\
       G8RTOS_Scheduler.obj           1776    0         25196  
       G8RTOS_IPC.obj                 416     0         336    
       G8RTOS_Semaphores.obj          176     0         0      
       G8RTOS_SchedulerASM.obj        92      0         0      
       G8RTOS_CriticalSection.obj     14      0         0      
    +--+------------------------------+-------+---------+---------+
       Total:                         2474    0         25532  
                                                               
    .\MultimodDrivers\src\
       multimod_ST7789.obj            1848    0         0      
       multimod_BMI160.obj            740     0         0      
       multimod_i2c.obj               504     0         0      
       multimod_spi.obj               396     0         0      
       multimod_OPT3001.obj           312     0         0      
       multimod_joystick.obj          280     0         0      
       multimod_PCA9956b.obj          192     4         0      
       multimod_uart.obj              88      0         0      
       multimod_buttons.obj           76      0         0      
    +--+------------------------------+-------+---------+---------+
       Total:                         4436    4         0      
                                                               
    .\driverlib\
       sysctl.obj                     4006    596       0      
       gpio.obj                       3096    552       0      
       adc.obj                        2108    0         8      
       i2c.obj                        1788    128       0      
       interrupt.obj                  960     268       620    
       uart.obj                       1582    128       0      
       uartstdio.obj                  1192    46        5      
       ssi.obj                        866     64        0      
       systick.obj                    136     0         0      
       cpu.obj                        62      0         0      
    +--+------------------------------+-------+---------+---------+
       Total:                         15796   1782      633    
                                                               
    I:\ti\ccs1240\ccs\tools\compiler\ti-cgt-arm_20.2.7.LTS\lib\rtsv7M4_T_le_v4SPD16_eabi.lib
       trgmsg.c.obj                   108     0         288    
       fd_mul_t2.asm.obj              252     0         0      
       memcpy_t2.asm.obj              156     0         0      
       memset_t2.asm.obj              122     0         0      
       copy_decompress_lzss.c.obj     104     0         0      
       rand.c.obj                     88      0         4      
       fd_toi_t2.asm.obj              72      0         0      
       hosttime.c.obj                 72      0         0      
       autoinit.c.obj                 68      0         0      
       u_divt2.asm.obj                64      0         0      
       boot_cortex_m.c.obj            52      0         0      
       i_tofd_t2.asm.obj              46      0         0      
       copy_decompress_none.c.obj     14      0         0      
       time.c.obj                     14      0         0      
       copy_zero_init.c.obj           12      0         0      
       _lock.c.obj                    2       0         8      
       hostopen.c.obj                 0       0         8      
       exit.c.obj                     4       0         0      
       pre_init.c.obj                 4       0         0      
       div0.asm.obj                   2       0         0      
    +--+------------------------------+-------+---------+---------+
       Total:                         1256    0         308    
                                                               
       Stack:                         0       0         512    
       Linker Generated:              0       83        0      
    +--+------------------------------+-------+---------+---------+
       Grand Total:                   25702   2489      27051  


LINKER GENERATED COPY TABLES

__TI_cinit_table @ 00006e18 records: 3, size/record: 8, table size: 24
	.data: load addr=00006dd8, load size=0000001f bytes, run addr=20006970, run size=00000040 bytes, compression=lzss
	.bss: load addr=00006e08, load size=00000008 bytes, run addr=2000026c, run size=00006504 bytes, compression=zero_init
	.vtable: load addr=00006e10, load size=00000008 bytes, run addr=20000000, run size=0000026c bytes, compression=zero_init


LINKER GENERATED HANDLER TABLE

__TI_handler_table @ 00006df8 records: 3, size/record: 4, table size: 12
	index: 0, handler: __TI_zero_init
	index: 1, handler: __TI_decompress_lzss
	index: 2, handler: __TI_decompress_none


GLOBAL SYMBOLS: SORTED ALPHABETICALLY BY Name 

address   name                              
-------   ----                              
000025d3  ADCBusy                           
0000261b  ADCClockConfigGet                 
000025f1  ADCClockConfigSet                 
000023ed  ADCComparatorConfigure            
000024c1  ADCComparatorIntClear             
00002473  ADCComparatorIntDisable           
00002491  ADCComparatorIntEnable            
000024af  ADCComparatorIntStatus            
00002409  ADCComparatorRegionSet            
0000242d  ADCComparatorReset                
000023bb  ADCHardwareOversampleConfigure    
00001f5f  ADCIntClear                       
0000253b  ADCIntClearEx                     
00001ec5  ADCIntDisable                     
000024d9  ADCIntDisableEx                   
00001ee1  ADCIntEnable                      
000024f1  ADCIntEnableEx                    
00001e7f  ADCIntRegister                    
00001f07  ADCIntStatus                      
00002509  ADCIntStatusEx                    
00001ea7  ADCIntUnregister                  
0000258d  ADCPhaseDelayGet                  
0000257b  ADCPhaseDelaySet                  
000021cf  ADCProcessorTrigger               
00002569  ADCReferenceGet                   
0000254d  ADCReferenceSet                   
00001fa9  ADCSequenceConfigure              
000025b7  ADCSequenceDMADisable             
0000259b  ADCSequenceDMAEnable              
0000218d  ADCSequenceDataGet                
00001f8f  ADCSequenceDisable                
00001f75  ADCSequenceEnable                 
00002131  ADCSequenceOverflow               
00002149  ADCSequenceOverflowClear          
00002045  ADCSequenceStepConfigure          
0000215f  ADCSequenceUnderflow              
00002177  ADCSequenceUnderflowClear         
000021f7  ADCSoftwareOversampleConfigure    
00002329  ADCSoftwareOversampleDataGet      
00002249  ADCSoftwareOversampleStepConfigure
0000529f  BMI160_AccelXGetResult            
000053e3  BMI160_AccelXYZGetResult          
000052c3  BMI160_AccelYGetResult            
000052e7  BMI160_AccelZGetResult            
000054df  BMI160_GetDataStatus              
0000530b  BMI160_GyroXGetResult             
00005437  BMI160_GyroXYZGetResult           
0000532f  BMI160_GyroYGetResult             
00005353  BMI160_GyroZGetResult             
00005209  BMI160_Init                       
00005377  BMI160_MagXGetResult              
0000548b  BMI160_MagXYZGetResult            
0000539b  BMI160_MagYGetResult              
000053bf  BMI160_MagZGetResult              
00005277  BMI160_MultiReadRegister          
0000525b  BMI160_ReadRegister               
00005233  BMI160_WriteRegister              
000066d5  C$$EXIT                           
0000658f  C$$IO$$                           
00006555  CPUbasepriGet                     
00006547  CPUbasepriSet                     
00006521  CPUcpsid                          
00006537  CPUcpsie                          
0000652d  CPUprimask                        
00006543  CPUwfi                            
2000674c  CurrentlyRunningThread            
00004941  Draw_Board                        
00006691  EndCriticalSection                
00003671  G8RTOS_AddThread                  
00003879  G8RTOS_Add_APeriodicEvent         
000038f9  G8RTOS_Add_PeriodicEvent          
00003b4d  G8RTOS_GetNumberOfThreads         
00003b45  G8RTOS_GetThreadID                
0000356f  G8RTOS_Init                       
0000591d  G8RTOS_InitFIFO                   
00006055  G8RTOS_InitSemaphore              
00003aa5  G8RTOS_KillSelf                   
000039dd  G8RTOS_KillThread                 
000035c3  G8RTOS_Launch                     
00005985  G8RTOS_ReadFIFO                   
000035e7  G8RTOS_Scheduler                  
000060b3  G8RTOS_SignalSemaphore            
00006315  G8RTOS_Start                      
00006073  G8RTOS_WaitSemaphore              
00005a0f  G8RTOS_WriteFIFO                  
00001dd5  GPIOADCTriggerDisable             
00001db7  GPIOADCTriggerEnable              
00001d99  GPIODMATriggerDisable             
00001d7b  GPIODMATriggerEnable              
00004a55  GPIOD_Handler                     
000012c7  GPIODirModeGet                    
0000126b  GPIODirModeSet                    
00004a3f  GPIOE_Handler                     
00001881  GPIOIntClear                      
00001845  GPIOIntDisable                    
00001821  GPIOIntEnable                     
00001895  GPIOIntRegister                   
000018cd  GPIOIntRegisterPin                
0000185f  GPIOIntStatus                     
000013b7  GPIOIntTypeGet                    
00001313  GPIOIntTypeSet                    
000018b3  GPIOIntUnregister                 
000018fb  GPIOIntUnregisterPin              
000016af  GPIOPadConfigGet                  
00001441  GPIOPadConfigSet                  
00001d19  GPIOPinConfigure                  
0000191f  GPIOPinRead                       
00001957  GPIOPinTypeADC                    
0000197b  GPIOPinTypeCAN                    
0000199f  GPIOPinTypeComparator             
000019c3  GPIOPinTypeComparatorOutput       
000019e7  GPIOPinTypeDIVSCLK                
00001a0b  GPIOPinTypeEPI                    
00001a2f  GPIOPinTypeEthernetLED            
00001a53  GPIOPinTypeEthernetMII            
00001a77  GPIOPinTypeGPIOInput              
00001a9b  GPIOPinTypeGPIOOutput             
00001ac5  GPIOPinTypeGPIOOutputOD           
00001ae9  GPIOPinTypeHibernateRTCCLK        
00001b0d  GPIOPinTypeI2C                    
00001b31  GPIOPinTypeI2CSCL                 
00001b55  GPIOPinTypeLCD                    
00001b79  GPIOPinTypeOneWire                
00001b9d  GPIOPinTypePWM                    
00001bc1  GPIOPinTypeQEI                    
00001be5  GPIOPinTypeSSI                    
00001c09  GPIOPinTypeTimer                  
00001c2d  GPIOPinTypeTrace                  
00001c51  GPIOPinTypeUART                   
00001c75  GPIOPinTypeUSBAnalog              
00001c99  GPIOPinTypeUSBDigital             
00001cbd  GPIOPinTypeWakeHigh               
00001ce3  GPIOPinTypeWakeLow                
00001d09  GPIOPinWakeStatus                 
00001937  GPIOPinWrite                      
00001df3  GPIOUnlockPin                     
00004a25  Get_Joystick                      
0000640d  HOSTtime                          
00003391  I2CFIFODataGet                    
000033ab  I2CFIFODataGetNonBlocking         
00003347  I2CFIFODataPut                    
00003369  I2CFIFODataPutNonBlocking         
00003337  I2CFIFOStatus                     
00002f29  I2CIntRegister                    
00002f47  I2CIntUnregister                  
0000346d  I2CLoopbackEnable                 
000033e7  I2CMasterBurstCountGet            
000033d1  I2CMasterBurstLengthSet           
0000318f  I2CMasterBusBusy                  
00003177  I2CMasterBusy                     
000031a7  I2CMasterControl                  
000031fb  I2CMasterDataGet                  
000031e5  I2CMasterDataPut                  
00002ef5  I2CMasterDisable                  
00002ec1  I2CMasterEnable                   
000031b9  I2CMasterErr                      
000033f5  I2CMasterGlitchFilterConfigSet    
00002df7  I2CMasterInitExpClk               
000030ef  I2CMasterIntClear                 
00003105  I2CMasterIntClearEx               
00002fbb  I2CMasterIntDisable               
00002fcb  I2CMasterIntDisableEx             
00002f61  I2CMasterIntEnable                
00002f71  I2CMasterIntEnableEx              
00003015  I2CMasterIntStatus                
00003055  I2CMasterIntStatusEx              
00003169  I2CMasterLineStateGet             
00003147  I2CMasterSlaveAddrSet             
00003209  I2CMasterTimeoutSet               
000032f7  I2CRxFIFOConfigSet                
0000331f  I2CRxFIFOFlush                    
0000321b  I2CSlaveACKOverride               
0000324d  I2CSlaveACKValueSet               
00002e83  I2CSlaveAddressSet                
000032a7  I2CSlaveDataGet                   
0000328f  I2CSlaveDataPut                   
00002f0b  I2CSlaveDisable                   
00002ed7  I2CSlaveEnable                    
0000345b  I2CSlaveFIFODisable               
00003443  I2CSlaveFIFOEnable                
00002e69  I2CSlaveInit                      
00003121  I2CSlaveIntClear                  
00003133  I2CSlaveIntClearEx                
00002fe3  I2CSlaveIntDisable                
00002ffb  I2CSlaveIntDisableEx              
00002f89  I2CSlaveIntEnable                 
00002fa1  I2CSlaveIntEnableEx               
00003085  I2CSlaveIntStatus                 
000030cd  I2CSlaveIntStatusEx               
0000327f  I2CSlaveStatus                    
000032b7  I2CTxFIFOConfigSet                
000032df  I2CTxFIFOFlush                    
00005725  I2C_Init                          
00005879  I2C_ReadMultiple                  
000057b1  I2C_ReadSingle                    
000057e1  I2C_WriteMultiple                 
0000577b  I2C_WriteSingle                   
20006750  IBit_State                        
0000465d  Idle_Thread                       
00004ca5  IntDisable                        
00004c33  IntEnable                         
00004d17  IntIsEnabled                      
00004af7  IntMasterDisable                  
00004ae7  IntMasterEnable                   
00004e0d  IntPendClear                      
00004d9d  IntPendSet                        
00004c0f  IntPriorityGet                    
00004b87  IntPriorityGroupingGet            
00004b6d  IntPriorityGroupingSet            
00004e67  IntPriorityMaskGet                
00004e5b  IntPriorityMaskSet                
00004bbf  IntPrioritySet                    
00004b07  IntRegister                       
00004e6f  IntTrigger                        
00004b59  IntUnregister                     
00005e11  JOYSTICK_GetPress                 
00005e25  JOYSTICK_GetX                     
00005e47  JOYSTICK_GetXY                    
00005e35  JOYSTICK_GetY                     
00005d81  JOYSTICK_Init                     
00005ded  JOYSTICK_IntEnable                
000063eb  MultimodButtons_Get               
000063c1  MultimodButtons_Init              
00005d69  OPT3001_GetChipID                 
00005cd7  OPT3001_GetResult                 
00005c49  OPT3001_Init                      
00005ca9  OPT3001_ReadRegister              
00005d49  OPT3001_SetHighLimit              
00005d29  OPT3001_SetLowLimit               
00005c71  OPT3001_WriteRegister             
00004769  Obstacle_Thread                   
0000601d  PCA9956b_DisableOutput            
0000600f  PCA9956b_EnableOutput             
0000602b  PCA9956b_GetChipID                
00005f95  PCA9956b_Init                     
00005fbb  PCA9956b_SetAllMax                
00005fe5  PCA9956b_SetAllOff                
00006337  PendSV_Handler                    
000049dd  Print_WorldCoords                 
00004835  Read_Buttons                      
000048e5  Read_JoystickPress                
000066bf  ResetISR                          
00005abd  SPI_Init                          
00005bcb  SPI_ReadMultiple                  
00005b43  SPI_ReadSingle                    
00005b6b  SPI_WriteMultiple                 
00005b25  SPI_WriteSingle                   
0000515d  SSIAdvDataPutFrameEnd             
00005183  SSIAdvDataPutFrameEndNonBlocking  
000051c5  SSIAdvFrameHoldDisable            
000051af  SSIAdvFrameHoldEnable             
0000512b  SSIAdvModeSet                     
000050e9  SSIBusy                           
0000511b  SSIClockSourceGet                 
00005107  SSIClockSourceSet                 
00004f03  SSIConfigSetExpClk                
000050d1  SSIDMADisable                     
000050b9  SSIDMAEnable                      
0000507b  SSIDataGet                        
00005097  SSIDataGetNonBlocking             
00005041  SSIDataPut                        
0000505b  SSIDataPutNonBlocking             
00004f93  SSIDisable                        
00004f7d  SSIEnable                         
0000502f  SSIIntClear                       
00004ff9  SSIIntDisable                     
00004fe1  SSIIntEnable                      
00004fa9  SSIIntRegister                    
00005011  SSIIntStatus                      
00004fc7  SSIIntUnregister                  
000051f1  SSILoopbackDisable                
000051db  SSILoopbackEnable                 
0000266f  ST7789_Deselect                   
00002835  ST7789_DrawHLine                  
00002bd5  ST7789_DrawLine                   
00002b67  ST7789_DrawPixel                  
00002ca1  ST7789_DrawRectangle              
0000279f  ST7789_DrawVLine                  
00002bb9  ST7789_Fill                       
00002a85  ST7789_Init                       
000028e9  ST7789_Line                       
000026c5  ST7789_ReadRegister               
00002661  ST7789_Select                     
0000268b  ST7789_SetCommand                 
0000267d  ST7789_SetData                    
000026d3  ST7789_SetWindow                  
00002699  ST7789_WriteCommand               
000026b3  ST7789_WriteData                  
0000471b  SpawnObs_Thread                   
00006689  StartCriticalSection              
000011c9  SysCtlAltClkConfig                
000008f5  SysCtlClockFreqSet                
00000dbd  SysCtlClockGet                    
000011ad  SysCtlClockOutConfig              
00000bed  SysCtlClockSet                    
000007f9  SysCtlDeepSleep                   
00000f7d  SysCtlDeepSleepClockConfigSet     
00000f5f  SysCtlDeepSleepClockSet           
000007d9  SysCtlDeepSleepPowerSet           
000066cb  SysCtlDelay                       
00000363  SysCtlFlashSectorSizeGet          
00000337  SysCtlFlashSizeGet                
00001053  SysCtlGPIOAHBDisable              
00001037  SysCtlGPIOAHBEnable               
0000076d  SysCtlIntClear                    
00000759  SysCtlIntDisable                  
00000741  SysCtlIntEnable                   
0000071d  SysCtlIntRegister                 
0000077d  SysCtlIntStatus                   
00000731  SysCtlIntUnregister               
000007bf  SysCtlLDODeepSleepGet             
000007af  SysCtlLDODeepSleepSet             
000007a9  SysCtlLDOSleepGet                 
00000799  SysCtlLDOSleepSet                 
0000082f  SysCtlMOSCConfigSet               
00001191  SysCtlNMIClear                    
00001179  SysCtlNMIStatus                   
00000845  SysCtlPIOSCCalibrate              
00001021  SysCtlPWMClockGet                 
00001007  SysCtlPWMClockSet                 
000006c5  SysCtlPeripheralClockGating       
0000067d  SysCtlPeripheralDeepSleepDisable  
00000625  SysCtlPeripheralDeepSleepEnable   
00000555  SysCtlPeripheralDisable           
00000515  SysCtlPeripheralEnable            
00000449  SysCtlPeripheralPowerOff          
00000409  SysCtlPeripheralPowerOn           
00000389  SysCtlPeripheralPresent           
000003c9  SysCtlPeripheralReady             
00000489  SysCtlPeripheralReset             
000005e5  SysCtlPeripheralSleepDisable      
0000059d  SysCtlPeripheralSleepEnable       
000007e9  SysCtlReset                       
000008a5  SysCtlResetBehaviorGet            
00000895  SysCtlResetBehaviorSet            
0000081b  SysCtlResetCauseClear             
00000815  SysCtlResetCauseGet               
0000032d  SysCtlSRAMSizeGet                 
000007f1  SysCtlSleep                       
000007c9  SysCtlSleepPowerSet               
0000107b  SysCtlUSBPLLDisable               
0000106f  SysCtlUSBPLLEnable                
000010c1  SysCtlVCOGet                      
000010a9  SysCtlVoltageEventClear           
0000108d  SysCtlVoltageEventConfig          
0000109d  SysCtlVoltageEventStatus          
000061ad  SysTickDisable                    
000061a1  SysTickEnable                     
000061f1  SysTickIntDisable                 
000061e5  SysTickIntEnable                  
000061b9  SysTickIntRegister                
000061d1  SysTickIntUnregister              
0000620f  SysTickPeriodGet                  
000061fd  SysTickPeriodSet                  
00006217  SysTickValueGet                   
000034bf  SysTick_Handler                   
20006754  SystemTime                        
00004155  UART9BitAddrSend                  
0000412f  UART9BitAddrSet                   
00004119  UART9BitDisable                   
00004103  UART9BitEnable                    
00003fa7  UARTBreakCtl                      
00003fd1  UARTBusy                          
00003f4f  UARTCharGet                       
00003f33  UARTCharGetNonBlocking            
00003f89  UARTCharPut                       
00003f65  UARTCharPutNonBlocking            
00003ef7  UARTCharsAvail                    
000040f3  UARTClockSourceGet                
000040df  UARTClockSourceSet                
00003cc7  UARTConfigGetExpClk               
00003c51  UARTConfigSetExpClk               
000040a5  UARTDMADisable                    
0000408d  UARTDMAEnable                     
00003d37  UARTDisable                       
00003dbb  UARTDisableSIR                    
00003d13  UARTEnable                        
00003d8d  UARTEnableSIR                     
00003d77  UARTFIFODisable                   
00003d61  UARTFIFOEnable                    
00003c29  UARTFIFOLevelGet                  
00003c11  UARTFIFOLevelSet                  
00003eb7  UARTFlowControlGet                
00003e9b  UARTFlowControlSet                
0000407b  UARTIntClear                      
00004045  UARTIntDisable                    
0000402d  UARTIntEnable                     
00003fef  UARTIntRegister                   
0000405d  UARTIntStatus                     
0000400d  UARTIntUnregister                 
0000419d  UARTLoopbackEnable                
00003e51  UARTModemControlClear             
00003e75  UARTModemControlGet               
00003e19  UARTModemControlSet               
00003e87  UARTModemStatusGet                
00003bff  UARTParityModeGet                 
00003be3  UARTParityModeSet                 
000040cf  UARTRxErrorClear                  
000040bd  UARTRxErrorGet                    
00003e03  UARTSmartCardDisable              
00003dd1  UARTSmartCardEnable               
00003f15  UARTSpaceAvail                    
000041b5  UARTStdioConfig                   
00003ee5  UARTTxIntModeGet                  
00003ec9  UARTTxIntModeSet                  
00006369  UART_Init                         
00004305  UARTgetc                          
0000424b  UARTgets                          
00004627  UARTprintf                        
0000432d  UARTvprintf                       
000041fb  UARTwrite                         
0000466b  UpdateDino_Thread                 
200065cc  __CIOBUF_                         
20006970  __STACK_END                       
00000200  __STACK_SIZE                      
20006970  __STACK_TOP                       
00006e18  __TI_CINIT_Base                   
00006e30  __TI_CINIT_Limit                  
00006df8  __TI_Handler_Table_Base           
00006e04  __TI_Handler_Table_Limit          
0000649d  __TI_auto_init_nobinit_nopinit    
000062a3  __TI_decompress_lzss              
000066a5  __TI_decompress_none              
ffffffff  __TI_pprof_out_hndl               
ffffffff  __TI_prof_data_size               
ffffffff  __TI_prof_data_start              
00006599  __TI_readmsg                      
00000000  __TI_static_base__                
00006561  __TI_writemsg                     
000066b3  __TI_zero_init                    
00006455  __aeabi_d2iz                      
00005e99  __aeabi_dmul                      
00006635  __aeabi_i2d                       
00005207  __aeabi_idiv0                     
00005207  __aeabi_ldiv0                     
00006229  __aeabi_memclr                    
00006229  __aeabi_memclr4                   
00006229  __aeabi_memclr8                   
00006105  __aeabi_memcpy                    
00006105  __aeabi_memcpy4                   
00006105  __aeabi_memcpy8                   
0000622b  __aeabi_memset                    
0000622b  __aeabi_memset4                   
0000622b  __aeabi_memset8                   
000064e1  __aeabi_uidiv                     
000064e1  __aeabi_uidivmod                  
ffffffff  __binit__                         
ffffffff  __c_args__                        
UNDEFED   __mpu_init                        
20006770  __stack                           
20000000  __start___llvm_prf_cnts           
20000000  __stop___llvm_prf_cnts            
00006697  __time32                          
000065cd  _c_int00_noargs                   
20006998  _lock                             
000041b3  _nop                              
UNDEFED   _system_post_cinit                
000066d1  _system_pre_init                  
2000699c  _unlock                           
000066d5  abort                             
20006980  air                               
ffffffff  binit                             
20006982  cleared                           
00002a69  delay_ms                          
20006970  dino_x                            
20006974  dino_y                            
20000000  g_pfnRAMVectors                   
00000000  g_pfnVectors                      
20006984  joystick_y                        
20006985  kill_cube                         
20006981  lost                              
000055d1  main                              
00006105  memcpy                            
00006231  memset                            
00005661  multimod_init                     
20006983  num_cubes                         
20006744  parmbuf                           
00005567  periodicEvent                     
20006978  prev_dino_x                       
2000697c  prev_dino_y                       
00006601  rand                              
20006758  s                                 
2000675c  sem_I2CA                          
20006760  sem_Joystick_Debounce             
20006764  sem_KillCube                      
20006768  sem_PCA9555_Debounce              
2000676c  sem_SPIA                          
00003b15  sleep                             
00006665  srand                             
000054ed  task0                             
0000551f  task1                             
00005547  tempThread                        
0000557b  testThread                        
00006697  time                              
20006988  world_camera_pos                  


GLOBAL SYMBOLS: SORTED BY Symbol Address 

address   name                              
-------   ----                              
00000000  __TI_static_base__                
00000000  g_pfnVectors                      
00000200  __STACK_SIZE                      
0000032d  SysCtlSRAMSizeGet                 
00000337  SysCtlFlashSizeGet                
00000363  SysCtlFlashSectorSizeGet          
00000389  SysCtlPeripheralPresent           
000003c9  SysCtlPeripheralReady             
00000409  SysCtlPeripheralPowerOn           
00000449  SysCtlPeripheralPowerOff          
00000489  SysCtlPeripheralReset             
00000515  SysCtlPeripheralEnable            
00000555  SysCtlPeripheralDisable           
0000059d  SysCtlPeripheralSleepEnable       
000005e5  SysCtlPeripheralSleepDisable      
00000625  SysCtlPeripheralDeepSleepEnable   
0000067d  SysCtlPeripheralDeepSleepDisable  
000006c5  SysCtlPeripheralClockGating       
0000071d  SysCtlIntRegister                 
00000731  SysCtlIntUnregister               
00000741  SysCtlIntEnable                   
00000759  SysCtlIntDisable                  
0000076d  SysCtlIntClear                    
0000077d  SysCtlIntStatus                   
00000799  SysCtlLDOSleepSet                 
000007a9  SysCtlLDOSleepGet                 
000007af  SysCtlLDODeepSleepSet             
000007bf  SysCtlLDODeepSleepGet             
000007c9  SysCtlSleepPowerSet               
000007d9  SysCtlDeepSleepPowerSet           
000007e9  SysCtlReset                       
000007f1  SysCtlSleep                       
000007f9  SysCtlDeepSleep                   
00000815  SysCtlResetCauseGet               
0000081b  SysCtlResetCauseClear             
0000082f  SysCtlMOSCConfigSet               
00000845  SysCtlPIOSCCalibrate              
00000895  SysCtlResetBehaviorSet            
000008a5  SysCtlResetBehaviorGet            
000008f5  SysCtlClockFreqSet                
00000bed  SysCtlClockSet                    
00000dbd  SysCtlClockGet                    
00000f5f  SysCtlDeepSleepClockSet           
00000f7d  SysCtlDeepSleepClockConfigSet     
00001007  SysCtlPWMClockSet                 
00001021  SysCtlPWMClockGet                 
00001037  SysCtlGPIOAHBEnable               
00001053  SysCtlGPIOAHBDisable              
0000106f  SysCtlUSBPLLEnable                
0000107b  SysCtlUSBPLLDisable               
0000108d  SysCtlVoltageEventConfig          
0000109d  SysCtlVoltageEventStatus          
000010a9  SysCtlVoltageEventClear           
000010c1  SysCtlVCOGet                      
00001179  SysCtlNMIStatus                   
00001191  SysCtlNMIClear                    
000011ad  SysCtlClockOutConfig              
000011c9  SysCtlAltClkConfig                
0000126b  GPIODirModeSet                    
000012c7  GPIODirModeGet                    
00001313  GPIOIntTypeSet                    
000013b7  GPIOIntTypeGet                    
00001441  GPIOPadConfigSet                  
000016af  GPIOPadConfigGet                  
00001821  GPIOIntEnable                     
00001845  GPIOIntDisable                    
0000185f  GPIOIntStatus                     
00001881  GPIOIntClear                      
00001895  GPIOIntRegister                   
000018b3  GPIOIntUnregister                 
000018cd  GPIOIntRegisterPin                
000018fb  GPIOIntUnregisterPin              
0000191f  GPIOPinRead                       
00001937  GPIOPinWrite                      
00001957  GPIOPinTypeADC                    
0000197b  GPIOPinTypeCAN                    
0000199f  GPIOPinTypeComparator             
000019c3  GPIOPinTypeComparatorOutput       
000019e7  GPIOPinTypeDIVSCLK                
00001a0b  GPIOPinTypeEPI                    
00001a2f  GPIOPinTypeEthernetLED            
00001a53  GPIOPinTypeEthernetMII            
00001a77  GPIOPinTypeGPIOInput              
00001a9b  GPIOPinTypeGPIOOutput             
00001ac5  GPIOPinTypeGPIOOutputOD           
00001ae9  GPIOPinTypeHibernateRTCCLK        
00001b0d  GPIOPinTypeI2C                    
00001b31  GPIOPinTypeI2CSCL                 
00001b55  GPIOPinTypeLCD                    
00001b79  GPIOPinTypeOneWire                
00001b9d  GPIOPinTypePWM                    
00001bc1  GPIOPinTypeQEI                    
00001be5  GPIOPinTypeSSI                    
00001c09  GPIOPinTypeTimer                  
00001c2d  GPIOPinTypeTrace                  
00001c51  GPIOPinTypeUART                   
00001c75  GPIOPinTypeUSBAnalog              
00001c99  GPIOPinTypeUSBDigital             
00001cbd  GPIOPinTypeWakeHigh               
00001ce3  GPIOPinTypeWakeLow                
00001d09  GPIOPinWakeStatus                 
00001d19  GPIOPinConfigure                  
00001d7b  GPIODMATriggerEnable              
00001d99  GPIODMATriggerDisable             
00001db7  GPIOADCTriggerEnable              
00001dd5  GPIOADCTriggerDisable             
00001df3  GPIOUnlockPin                     
00001e7f  ADCIntRegister                    
00001ea7  ADCIntUnregister                  
00001ec5  ADCIntDisable                     
00001ee1  ADCIntEnable                      
00001f07  ADCIntStatus                      
00001f5f  ADCIntClear                       
00001f75  ADCSequenceEnable                 
00001f8f  ADCSequenceDisable                
00001fa9  ADCSequenceConfigure              
00002045  ADCSequenceStepConfigure          
00002131  ADCSequenceOverflow               
00002149  ADCSequenceOverflowClear          
0000215f  ADCSequenceUnderflow              
00002177  ADCSequenceUnderflowClear         
0000218d  ADCSequenceDataGet                
000021cf  ADCProcessorTrigger               
000021f7  ADCSoftwareOversampleConfigure    
00002249  ADCSoftwareOversampleStepConfigure
00002329  ADCSoftwareOversampleDataGet      
000023bb  ADCHardwareOversampleConfigure    
000023ed  ADCComparatorConfigure            
00002409  ADCComparatorRegionSet            
0000242d  ADCComparatorReset                
00002473  ADCComparatorIntDisable           
00002491  ADCComparatorIntEnable            
000024af  ADCComparatorIntStatus            
000024c1  ADCComparatorIntClear             
000024d9  ADCIntDisableEx                   
000024f1  ADCIntEnableEx                    
00002509  ADCIntStatusEx                    
0000253b  ADCIntClearEx                     
0000254d  ADCReferenceSet                   
00002569  ADCReferenceGet                   
0000257b  ADCPhaseDelaySet                  
0000258d  ADCPhaseDelayGet                  
0000259b  ADCSequenceDMAEnable              
000025b7  ADCSequenceDMADisable             
000025d3  ADCBusy                           
000025f1  ADCClockConfigSet                 
0000261b  ADCClockConfigGet                 
00002661  ST7789_Select                     
0000266f  ST7789_Deselect                   
0000267d  ST7789_SetData                    
0000268b  ST7789_SetCommand                 
00002699  ST7789_WriteCommand               
000026b3  ST7789_WriteData                  
000026c5  ST7789_ReadRegister               
000026d3  ST7789_SetWindow                  
0000279f  ST7789_DrawVLine                  
00002835  ST7789_DrawHLine                  
000028e9  ST7789_Line                       
00002a69  delay_ms                          
00002a85  ST7789_Init                       
00002b67  ST7789_DrawPixel                  
00002bb9  ST7789_Fill                       
00002bd5  ST7789_DrawLine                   
00002ca1  ST7789_DrawRectangle              
00002df7  I2CMasterInitExpClk               
00002e69  I2CSlaveInit                      
00002e83  I2CSlaveAddressSet                
00002ec1  I2CMasterEnable                   
00002ed7  I2CSlaveEnable                    
00002ef5  I2CMasterDisable                  
00002f0b  I2CSlaveDisable                   
00002f29  I2CIntRegister                    
00002f47  I2CIntUnregister                  
00002f61  I2CMasterIntEnable                
00002f71  I2CMasterIntEnableEx              
00002f89  I2CSlaveIntEnable                 
00002fa1  I2CSlaveIntEnableEx               
00002fbb  I2CMasterIntDisable               
00002fcb  I2CMasterIntDisableEx             
00002fe3  I2CSlaveIntDisable                
00002ffb  I2CSlaveIntDisableEx              
00003015  I2CMasterIntStatus                
00003055  I2CMasterIntStatusEx              
00003085  I2CSlaveIntStatus                 
000030cd  I2CSlaveIntStatusEx               
000030ef  I2CMasterIntClear                 
00003105  I2CMasterIntClearEx               
00003121  I2CSlaveIntClear                  
00003133  I2CSlaveIntClearEx                
00003147  I2CMasterSlaveAddrSet             
00003169  I2CMasterLineStateGet             
00003177  I2CMasterBusy                     
0000318f  I2CMasterBusBusy                  
000031a7  I2CMasterControl                  
000031b9  I2CMasterErr                      
000031e5  I2CMasterDataPut                  
000031fb  I2CMasterDataGet                  
00003209  I2CMasterTimeoutSet               
0000321b  I2CSlaveACKOverride               
0000324d  I2CSlaveACKValueSet               
0000327f  I2CSlaveStatus                    
0000328f  I2CSlaveDataPut                   
000032a7  I2CSlaveDataGet                   
000032b7  I2CTxFIFOConfigSet                
000032df  I2CTxFIFOFlush                    
000032f7  I2CRxFIFOConfigSet                
0000331f  I2CRxFIFOFlush                    
00003337  I2CFIFOStatus                     
00003347  I2CFIFODataPut                    
00003369  I2CFIFODataPutNonBlocking         
00003391  I2CFIFODataGet                    
000033ab  I2CFIFODataGetNonBlocking         
000033d1  I2CMasterBurstLengthSet           
000033e7  I2CMasterBurstCountGet            
000033f5  I2CMasterGlitchFilterConfigSet    
00003443  I2CSlaveFIFOEnable                
0000345b  I2CSlaveFIFODisable               
0000346d  I2CLoopbackEnable                 
000034bf  SysTick_Handler                   
0000356f  G8RTOS_Init                       
000035c3  G8RTOS_Launch                     
000035e7  G8RTOS_Scheduler                  
00003671  G8RTOS_AddThread                  
00003879  G8RTOS_Add_APeriodicEvent         
000038f9  G8RTOS_Add_PeriodicEvent          
000039dd  G8RTOS_KillThread                 
00003aa5  G8RTOS_KillSelf                   
00003b15  sleep                             
00003b45  G8RTOS_GetThreadID                
00003b4d  G8RTOS_GetNumberOfThreads         
00003be3  UARTParityModeSet                 
00003bff  UARTParityModeGet                 
00003c11  UARTFIFOLevelSet                  
00003c29  UARTFIFOLevelGet                  
00003c51  UARTConfigSetExpClk               
00003cc7  UARTConfigGetExpClk               
00003d13  UARTEnable                        
00003d37  UARTDisable                       
00003d61  UARTFIFOEnable                    
00003d77  UARTFIFODisable                   
00003d8d  UARTEnableSIR                     
00003dbb  UARTDisableSIR                    
00003dd1  UARTSmartCardEnable               
00003e03  UARTSmartCardDisable              
00003e19  UARTModemControlSet               
00003e51  UARTModemControlClear             
00003e75  UARTModemControlGet               
00003e87  UARTModemStatusGet                
00003e9b  UARTFlowControlSet                
00003eb7  UARTFlowControlGet                
00003ec9  UARTTxIntModeSet                  
00003ee5  UARTTxIntModeGet                  
00003ef7  UARTCharsAvail                    
00003f15  UARTSpaceAvail                    
00003f33  UARTCharGetNonBlocking            
00003f4f  UARTCharGet                       
00003f65  UARTCharPutNonBlocking            
00003f89  UARTCharPut                       
00003fa7  UARTBreakCtl                      
00003fd1  UARTBusy                          
00003fef  UARTIntRegister                   
0000400d  UARTIntUnregister                 
0000402d  UARTIntEnable                     
00004045  UARTIntDisable                    
0000405d  UARTIntStatus                     
0000407b  UARTIntClear                      
0000408d  UARTDMAEnable                     
000040a5  UARTDMADisable                    
000040bd  UARTRxErrorGet                    
000040cf  UARTRxErrorClear                  
000040df  UARTClockSourceSet                
000040f3  UARTClockSourceGet                
00004103  UART9BitEnable                    
00004119  UART9BitDisable                   
0000412f  UART9BitAddrSet                   
00004155  UART9BitAddrSend                  
0000419d  UARTLoopbackEnable                
000041b3  _nop                              
000041b5  UARTStdioConfig                   
000041fb  UARTwrite                         
0000424b  UARTgets                          
00004305  UARTgetc                          
0000432d  UARTvprintf                       
00004627  UARTprintf                        
0000465d  Idle_Thread                       
0000466b  UpdateDino_Thread                 
0000471b  SpawnObs_Thread                   
00004769  Obstacle_Thread                   
00004835  Read_Buttons                      
000048e5  Read_JoystickPress                
00004941  Draw_Board                        
000049dd  Print_WorldCoords                 
00004a25  Get_Joystick                      
00004a3f  GPIOE_Handler                     
00004a55  GPIOD_Handler                     
00004ae7  IntMasterEnable                   
00004af7  IntMasterDisable                  
00004b07  IntRegister                       
00004b59  IntUnregister                     
00004b6d  IntPriorityGroupingSet            
00004b87  IntPriorityGroupingGet            
00004bbf  IntPrioritySet                    
00004c0f  IntPriorityGet                    
00004c33  IntEnable                         
00004ca5  IntDisable                        
00004d17  IntIsEnabled                      
00004d9d  IntPendSet                        
00004e0d  IntPendClear                      
00004e5b  IntPriorityMaskSet                
00004e67  IntPriorityMaskGet                
00004e6f  IntTrigger                        
00004f03  SSIConfigSetExpClk                
00004f7d  SSIEnable                         
00004f93  SSIDisable                        
00004fa9  SSIIntRegister                    
00004fc7  SSIIntUnregister                  
00004fe1  SSIIntEnable                      
00004ff9  SSIIntDisable                     
00005011  SSIIntStatus                      
0000502f  SSIIntClear                       
00005041  SSIDataPut                        
0000505b  SSIDataPutNonBlocking             
0000507b  SSIDataGet                        
00005097  SSIDataGetNonBlocking             
000050b9  SSIDMAEnable                      
000050d1  SSIDMADisable                     
000050e9  SSIBusy                           
00005107  SSIClockSourceSet                 
0000511b  SSIClockSourceGet                 
0000512b  SSIAdvModeSet                     
0000515d  SSIAdvDataPutFrameEnd             
00005183  SSIAdvDataPutFrameEndNonBlocking  
000051af  SSIAdvFrameHoldEnable             
000051c5  SSIAdvFrameHoldDisable            
000051db  SSILoopbackEnable                 
000051f1  SSILoopbackDisable                
00005207  __aeabi_idiv0                     
00005207  __aeabi_ldiv0                     
00005209  BMI160_Init                       
00005233  BMI160_WriteRegister              
0000525b  BMI160_ReadRegister               
00005277  BMI160_MultiReadRegister          
0000529f  BMI160_AccelXGetResult            
000052c3  BMI160_AccelYGetResult            
000052e7  BMI160_AccelZGetResult            
0000530b  BMI160_GyroXGetResult             
0000532f  BMI160_GyroYGetResult             
00005353  BMI160_GyroZGetResult             
00005377  BMI160_MagXGetResult              
0000539b  BMI160_MagYGetResult              
000053bf  BMI160_MagZGetResult              
000053e3  BMI160_AccelXYZGetResult          
00005437  BMI160_GyroXYZGetResult           
0000548b  BMI160_MagXYZGetResult            
000054df  BMI160_GetDataStatus              
000054ed  task0                             
0000551f  task1                             
00005547  tempThread                        
00005567  periodicEvent                     
0000557b  testThread                        
000055d1  main                              
00005661  multimod_init                     
00005725  I2C_Init                          
0000577b  I2C_WriteSingle                   
000057b1  I2C_ReadSingle                    
000057e1  I2C_WriteMultiple                 
00005879  I2C_ReadMultiple                  
0000591d  G8RTOS_InitFIFO                   
00005985  G8RTOS_ReadFIFO                   
00005a0f  G8RTOS_WriteFIFO                  
00005abd  SPI_Init                          
00005b25  SPI_WriteSingle                   
00005b43  SPI_ReadSingle                    
00005b6b  SPI_WriteMultiple                 
00005bcb  SPI_ReadMultiple                  
00005c49  OPT3001_Init                      
00005c71  OPT3001_WriteRegister             
00005ca9  OPT3001_ReadRegister              
00005cd7  OPT3001_GetResult                 
00005d29  OPT3001_SetLowLimit               
00005d49  OPT3001_SetHighLimit              
00005d69  OPT3001_GetChipID                 
00005d81  JOYSTICK_Init                     
00005ded  JOYSTICK_IntEnable                
00005e11  JOYSTICK_GetPress                 
00005e25  JOYSTICK_GetX                     
00005e35  JOYSTICK_GetY                     
00005e47  JOYSTICK_GetXY                    
00005e99  __aeabi_dmul                      
00005f95  PCA9956b_Init                     
00005fbb  PCA9956b_SetAllMax                
00005fe5  PCA9956b_SetAllOff                
0000600f  PCA9956b_EnableOutput             
0000601d  PCA9956b_DisableOutput            
0000602b  PCA9956b_GetChipID                
00006055  G8RTOS_InitSemaphore              
00006073  G8RTOS_WaitSemaphore              
000060b3  G8RTOS_SignalSemaphore            
00006105  __aeabi_memcpy                    
00006105  __aeabi_memcpy4                   
00006105  __aeabi_memcpy8                   
00006105  memcpy                            
000061a1  SysTickEnable                     
000061ad  SysTickDisable                    
000061b9  SysTickIntRegister                
000061d1  SysTickIntUnregister              
000061e5  SysTickIntEnable                  
000061f1  SysTickIntDisable                 
000061fd  SysTickPeriodSet                  
0000620f  SysTickPeriodGet                  
00006217  SysTickValueGet                   
00006229  __aeabi_memclr                    
00006229  __aeabi_memclr4                   
00006229  __aeabi_memclr8                   
0000622b  __aeabi_memset                    
0000622b  __aeabi_memset4                   
0000622b  __aeabi_memset8                   
00006231  memset                            
000062a3  __TI_decompress_lzss              
00006315  G8RTOS_Start                      
00006337  PendSV_Handler                    
00006369  UART_Init                         
000063c1  MultimodButtons_Init              
000063eb  MultimodButtons_Get               
0000640d  HOSTtime                          
00006455  __aeabi_d2iz                      
0000649d  __TI_auto_init_nobinit_nopinit    
000064e1  __aeabi_uidiv                     
000064e1  __aeabi_uidivmod                  
00006521  CPUcpsid                          
0000652d  CPUprimask                        
00006537  CPUcpsie                          
00006543  CPUwfi                            
00006547  CPUbasepriSet                     
00006555  CPUbasepriGet                     
00006561  __TI_writemsg                     
0000658f  C$$IO$$                           
00006599  __TI_readmsg                      
000065cd  _c_int00_noargs                   
00006601  rand                              
00006635  __aeabi_i2d                       
00006665  srand                             
00006689  StartCriticalSection              
00006691  EndCriticalSection                
00006697  __time32                          
00006697  time                              
000066a5  __TI_decompress_none              
000066b3  __TI_zero_init                    
000066bf  ResetISR                          
000066cb  SysCtlDelay                       
000066d1  _system_pre_init                  
000066d5  C$$EXIT                           
000066d5  abort                             
00006df8  __TI_Handler_Table_Base           
00006e04  __TI_Handler_Table_Limit          
00006e18  __TI_CINIT_Base                   
00006e30  __TI_CINIT_Limit                  
20000000  __start___llvm_prf_cnts           
20000000  __stop___llvm_prf_cnts            
20000000  g_pfnRAMVectors                   
200065cc  __CIOBUF_                         
20006744  parmbuf                           
2000674c  CurrentlyRunningThread            
20006750  IBit_State                        
20006754  SystemTime                        
20006758  s                                 
2000675c  sem_I2CA                          
20006760  sem_Joystick_Debounce             
20006764  sem_KillCube                      
20006768  sem_PCA9555_Debounce              
2000676c  sem_SPIA                          
20006770  __stack                           
20006970  __STACK_END                       
20006970  __STACK_TOP                       
20006970  dino_x                            
20006974  dino_y                            
20006978  prev_dino_x                       
2000697c  prev_dino_y                       
20006980  air                               
20006981  lost                              
20006982  cleared                           
20006983  num_cubes                         
20006984  joystick_y                        
20006985  kill_cube                         
20006988  world_camera_pos                  
20006998  _lock                             
2000699c  _unlock                           
ffffffff  __TI_pprof_out_hndl               
ffffffff  __TI_prof_data_size               
ffffffff  __TI_prof_data_start              
ffffffff  __binit__                         
ffffffff  __c_args__                        
ffffffff  binit                             
UNDEFED   __mpu_init                        
UNDEFED   _system_post_cinit                

[495 symbols]
