<?xml version="1.0" encoding="ISO-8859-1" ?>
<link_info>
   <banner>TI ARM Linker PC v20.2.7.LTS</banner>
   <copyright>Copyright (c) 1996-2018 Texas Instruments Incorporated</copyright>
   <link_time>0x654d638b</link_time>
   <link_errors>0x0</link_errors>
   <output_file>Lab Quiz.out</output_file>
   <entry_point>
      <name>_c_int00_noargs</name>
      <address>0x65cd</address>
   </entry_point>
   <input_file_list>
      <input_file id="fl-2">
         <path>.\</path>
         <kind>object</kind>
         <file>main.obj</file>
         <name>main.obj</name>
      </input_file>
      <input_file id="fl-3">
         <path>.\</path>
         <kind>object</kind>
         <file>threads.obj</file>
         <name>threads.obj</name>
      </input_file>
      <input_file id="fl-4">
         <path>.\</path>
         <kind>object</kind>
         <file>tm4c123gh6pm_startup_ccs.obj</file>
         <name>tm4c123gh6pm_startup_ccs.obj</name>
      </input_file>
      <input_file id="fl-5">
         <path>.\G8RTOS\src\</path>
         <kind>object</kind>
         <file>G8RTOS_CriticalSection.obj</file>
         <name>G8RTOS_CriticalSection.obj</name>
      </input_file>
      <input_file id="fl-6">
         <path>.\G8RTOS\src\</path>
         <kind>object</kind>
         <file>G8RTOS_IPC.obj</file>
         <name>G8RTOS_IPC.obj</name>
      </input_file>
      <input_file id="fl-7">
         <path>.\G8RTOS\src\</path>
         <kind>object</kind>
         <file>G8RTOS_Scheduler.obj</file>
         <name>G8RTOS_Scheduler.obj</name>
      </input_file>
      <input_file id="fl-8">
         <path>.\G8RTOS\src\</path>
         <kind>object</kind>
         <file>G8RTOS_SchedulerASM.obj</file>
         <name>G8RTOS_SchedulerASM.obj</name>
      </input_file>
      <input_file id="fl-9">
         <path>.\G8RTOS\src\</path>
         <kind>object</kind>
         <file>G8RTOS_Semaphores.obj</file>
         <name>G8RTOS_Semaphores.obj</name>
      </input_file>
      <input_file id="fl-a">
         <path>.\MiscFunctions\LinAlg\src\</path>
         <kind>object</kind>
         <file>linalg.obj</file>
         <name>linalg.obj</name>
      </input_file>
      <input_file id="fl-b">
         <path>.\MiscFunctions\LinAlg\src\</path>
         <kind>object</kind>
         <file>quaternions.obj</file>
         <name>quaternions.obj</name>
      </input_file>
      <input_file id="fl-c">
         <path>.\MiscFunctions\LinAlg\src\</path>
         <kind>object</kind>
         <file>vect3d.obj</file>
         <name>vect3d.obj</name>
      </input_file>
      <input_file id="fl-d">
         <path>.\MiscFunctions\Shapes\src\</path>
         <kind>object</kind>
         <file>cube.obj</file>
         <name>cube.obj</name>
      </input_file>
      <input_file id="fl-e">
         <path>.\MultimodDrivers\src\</path>
         <kind>object</kind>
         <file>multimod_BMI160.obj</file>
         <name>multimod_BMI160.obj</name>
      </input_file>
      <input_file id="fl-f">
         <path>.\MultimodDrivers\src\</path>
         <kind>object</kind>
         <file>multimod_LaunchpadButtons.obj</file>
         <name>multimod_LaunchpadButtons.obj</name>
      </input_file>
      <input_file id="fl-10">
         <path>.\MultimodDrivers\src\</path>
         <kind>object</kind>
         <file>multimod_LaunchpadLED.obj</file>
         <name>multimod_LaunchpadLED.obj</name>
      </input_file>
      <input_file id="fl-11">
         <path>.\MultimodDrivers\src\</path>
         <kind>object</kind>
         <file>multimod_OPT3001.obj</file>
         <name>multimod_OPT3001.obj</name>
      </input_file>
      <input_file id="fl-12">
         <path>.\MultimodDrivers\src\</path>
         <kind>object</kind>
         <file>multimod_PCA9956b.obj</file>
         <name>multimod_PCA9956b.obj</name>
      </input_file>
      <input_file id="fl-13">
         <path>.\MultimodDrivers\src\</path>
         <kind>object</kind>
         <file>multimod_ST7789.obj</file>
         <name>multimod_ST7789.obj</name>
      </input_file>
      <input_file id="fl-14">
         <path>.\MultimodDrivers\src\</path>
         <kind>object</kind>
         <file>multimod_buttons.obj</file>
         <name>multimod_buttons.obj</name>
      </input_file>
      <input_file id="fl-15">
         <path>.\MultimodDrivers\src\</path>
         <kind>object</kind>
         <file>multimod_i2c.obj</file>
         <name>multimod_i2c.obj</name>
      </input_file>
      <input_file id="fl-16">
         <path>.\MultimodDrivers\src\</path>
         <kind>object</kind>
         <file>multimod_joystick.obj</file>
         <name>multimod_joystick.obj</name>
      </input_file>
      <input_file id="fl-17">
         <path>.\MultimodDrivers\src\</path>
         <kind>object</kind>
         <file>multimod_spi.obj</file>
         <name>multimod_spi.obj</name>
      </input_file>
      <input_file id="fl-18">
         <path>.\MultimodDrivers\src\</path>
         <kind>object</kind>
         <file>multimod_uart.obj</file>
         <name>multimod_uart.obj</name>
      </input_file>
      <input_file id="fl-19">
         <path>.\driverlib\</path>
         <kind>object</kind>
         <file>adc.obj</file>
         <name>adc.obj</name>
      </input_file>
      <input_file id="fl-1a">
         <path>.\driverlib\</path>
         <kind>object</kind>
         <file>aes.obj</file>
         <name>aes.obj</name>
      </input_file>
      <input_file id="fl-1b">
         <path>.\driverlib\</path>
         <kind>object</kind>
         <file>can.obj</file>
         <name>can.obj</name>
      </input_file>
      <input_file id="fl-1c">
         <path>.\driverlib\</path>
         <kind>object</kind>
         <file>comp.obj</file>
         <name>comp.obj</name>
      </input_file>
      <input_file id="fl-1d">
         <path>.\driverlib\</path>
         <kind>object</kind>
         <file>cpu.obj</file>
         <name>cpu.obj</name>
      </input_file>
      <input_file id="fl-1e">
         <path>.\driverlib\</path>
         <kind>object</kind>
         <file>crc.obj</file>
         <name>crc.obj</name>
      </input_file>
      <input_file id="fl-1f">
         <path>.\driverlib\</path>
         <kind>object</kind>
         <file>des.obj</file>
         <name>des.obj</name>
      </input_file>
      <input_file id="fl-20">
         <path>.\driverlib\</path>
         <kind>object</kind>
         <file>eeprom.obj</file>
         <name>eeprom.obj</name>
      </input_file>
      <input_file id="fl-21">
         <path>.\driverlib\</path>
         <kind>object</kind>
         <file>emac.obj</file>
         <name>emac.obj</name>
      </input_file>
      <input_file id="fl-22">
         <path>.\driverlib\</path>
         <kind>object</kind>
         <file>epi.obj</file>
         <name>epi.obj</name>
      </input_file>
      <input_file id="fl-23">
         <path>.\driverlib\</path>
         <kind>object</kind>
         <file>epi_workaround_ccs.obj</file>
         <name>epi_workaround_ccs.obj</name>
      </input_file>
      <input_file id="fl-24">
         <path>.\driverlib\</path>
         <kind>object</kind>
         <file>flash.obj</file>
         <name>flash.obj</name>
      </input_file>
      <input_file id="fl-25">
         <path>.\driverlib\</path>
         <kind>object</kind>
         <file>fpu.obj</file>
         <name>fpu.obj</name>
      </input_file>
      <input_file id="fl-26">
         <path>.\driverlib\</path>
         <kind>object</kind>
         <file>gpio.obj</file>
         <name>gpio.obj</name>
      </input_file>
      <input_file id="fl-27">
         <path>.\driverlib\</path>
         <kind>object</kind>
         <file>hibernate.obj</file>
         <name>hibernate.obj</name>
      </input_file>
      <input_file id="fl-28">
         <path>.\driverlib\</path>
         <kind>object</kind>
         <file>i2c.obj</file>
         <name>i2c.obj</name>
      </input_file>
      <input_file id="fl-29">
         <path>.\driverlib\</path>
         <kind>object</kind>
         <file>interrupt.obj</file>
         <name>interrupt.obj</name>
      </input_file>
      <input_file id="fl-2a">
         <path>.\driverlib\</path>
         <kind>object</kind>
         <file>lcd.obj</file>
         <name>lcd.obj</name>
      </input_file>
      <input_file id="fl-2b">
         <path>.\driverlib\</path>
         <kind>object</kind>
         <file>mpu.obj</file>
         <name>mpu.obj</name>
      </input_file>
      <input_file id="fl-2c">
         <path>.\driverlib\</path>
         <kind>object</kind>
         <file>onewire.obj</file>
         <name>onewire.obj</name>
      </input_file>
      <input_file id="fl-2d">
         <path>.\driverlib\</path>
         <kind>object</kind>
         <file>pwm.obj</file>
         <name>pwm.obj</name>
      </input_file>
      <input_file id="fl-2e">
         <path>.\driverlib\</path>
         <kind>object</kind>
         <file>qei.obj</file>
         <name>qei.obj</name>
      </input_file>
      <input_file id="fl-2f">
         <path>.\driverlib\</path>
         <kind>object</kind>
         <file>shamd5.obj</file>
         <name>shamd5.obj</name>
      </input_file>
      <input_file id="fl-30">
         <path>.\driverlib\</path>
         <kind>object</kind>
         <file>ssi.obj</file>
         <name>ssi.obj</name>
      </input_file>
      <input_file id="fl-31">
         <path>.\driverlib\</path>
         <kind>object</kind>
         <file>sw_crc.obj</file>
         <name>sw_crc.obj</name>
      </input_file>
      <input_file id="fl-32">
         <path>.\driverlib\</path>
         <kind>object</kind>
         <file>sysctl.obj</file>
         <name>sysctl.obj</name>
      </input_file>
      <input_file id="fl-33">
         <path>.\driverlib\</path>
         <kind>object</kind>
         <file>sysexc.obj</file>
         <name>sysexc.obj</name>
      </input_file>
      <input_file id="fl-34">
         <path>.\driverlib\</path>
         <kind>object</kind>
         <file>systick.obj</file>
         <name>systick.obj</name>
      </input_file>
      <input_file id="fl-35">
         <path>.\driverlib\</path>
         <kind>object</kind>
         <file>timer.obj</file>
         <name>timer.obj</name>
      </input_file>
      <input_file id="fl-36">
         <path>.\driverlib\</path>
         <kind>object</kind>
         <file>uart.obj</file>
         <name>uart.obj</name>
      </input_file>
      <input_file id="fl-37">
         <path>.\driverlib\</path>
         <kind>object</kind>
         <file>uartstdio.obj</file>
         <name>uartstdio.obj</name>
      </input_file>
      <input_file id="fl-38">
         <path>.\driverlib\</path>
         <kind>object</kind>
         <file>udma.obj</file>
         <name>udma.obj</name>
      </input_file>
      <input_file id="fl-39">
         <path>.\driverlib\</path>
         <kind>object</kind>
         <file>usb.obj</file>
         <name>usb.obj</name>
      </input_file>
      <input_file id="fl-3a">
         <path>.\driverlib\</path>
         <kind>object</kind>
         <file>watchdog.obj</file>
         <name>watchdog.obj</name>
      </input_file>
      <input_file id="fl-42">
         <kind>object</kind>
         <file>&lt;internal&gt;</file>
         <name>&lt;internal&gt;</name>
      </input_file>
      <input_file id="fl-f8">
         <path>I:\ti\ccs1240\ccs\tools\compiler\ti-cgt-arm_20.2.7.LTS\lib\</path>
         <kind>archive</kind>
         <file>rtsv7M4_T_le_v4SPD16_eabi.lib</file>
         <name>e_powf.c.obj</name>
      </input_file>
      <input_file id="fl-f9">
         <path>I:\ti\ccs1240\ccs\tools\compiler\ti-cgt-arm_20.2.7.LTS\lib\</path>
         <kind>archive</kind>
         <file>rtsv7M4_T_le_v4SPD16_eabi.lib</file>
         <name>e_sqrtf.c.obj</name>
      </input_file>
      <input_file id="fl-fa">
         <path>I:\ti\ccs1240\ccs\tools\compiler\ti-cgt-arm_20.2.7.LTS\lib\</path>
         <kind>archive</kind>
         <file>rtsv7M4_T_le_v4SPD16_eabi.lib</file>
         <name>s_scalbnf.c.obj</name>
      </input_file>
      <input_file id="fl-fb">
         <path>I:\ti\ccs1240\ccs\tools\compiler\ti-cgt-arm_20.2.7.LTS\lib\</path>
         <kind>archive</kind>
         <file>rtsv7M4_T_le_v4SPD16_eabi.lib</file>
         <name>s_copysignf.c.obj</name>
      </input_file>
      <input_file id="fl-fc">
         <path>I:\ti\ccs1240\ccs\tools\compiler\ti-cgt-arm_20.2.7.LTS\lib\</path>
         <kind>archive</kind>
         <file>rtsv7M4_T_le_v4SPD16_eabi.lib</file>
         <name>fd_cmp_t2.asm.obj</name>
      </input_file>
      <input_file id="fl-fd">
         <path>I:\ti\ccs1240\ccs\tools\compiler\ti-cgt-arm_20.2.7.LTS\lib\</path>
         <kind>archive</kind>
         <file>rtsv7M4_T_le_v4SPD16_eabi.lib</file>
         <name>fd_mul_t2.asm.obj</name>
      </input_file>
      <input_file id="fl-fe">
         <path>I:\ti\ccs1240\ccs\tools\compiler\ti-cgt-arm_20.2.7.LTS\lib\</path>
         <kind>archive</kind>
         <file>rtsv7M4_T_le_v4SPD16_eabi.lib</file>
         <name>fd_toi_t2.asm.obj</name>
      </input_file>
      <input_file id="fl-ff">
         <path>I:\ti\ccs1240\ccs\tools\compiler\ti-cgt-arm_20.2.7.LTS\lib\</path>
         <kind>archive</kind>
         <file>rtsv7M4_T_le_v4SPD16_eabi.lib</file>
         <name>fs_tod_t2.asm.obj</name>
      </input_file>
      <input_file id="fl-100">
         <path>I:\ti\ccs1240\ccs\tools\compiler\ti-cgt-arm_20.2.7.LTS\lib\</path>
         <kind>archive</kind>
         <file>rtsv7M4_T_le_v4SPD16_eabi.lib</file>
         <name>i_tofd_t2.asm.obj</name>
      </input_file>
      <input_file id="fl-101">
         <path>I:\ti\ccs1240\ccs\tools\compiler\ti-cgt-arm_20.2.7.LTS\lib\</path>
         <kind>archive</kind>
         <file>rtsv7M4_T_le_v4SPD16_eabi.lib</file>
         <name>u_divt2.asm.obj</name>
      </input_file>
      <input_file id="fl-102">
         <path>I:\ti\ccs1240\ccs\tools\compiler\ti-cgt-arm_20.2.7.LTS\lib\</path>
         <kind>archive</kind>
         <file>rtsv7M4_T_le_v4SPD16_eabi.lib</file>
         <name>copy_zero_init.c.obj</name>
      </input_file>
      <input_file id="fl-103">
         <path>I:\ti\ccs1240\ccs\tools\compiler\ti-cgt-arm_20.2.7.LTS\lib\</path>
         <kind>archive</kind>
         <file>rtsv7M4_T_le_v4SPD16_eabi.lib</file>
         <name>copy_decompress_none.c.obj</name>
      </input_file>
      <input_file id="fl-104">
         <path>I:\ti\ccs1240\ccs\tools\compiler\ti-cgt-arm_20.2.7.LTS\lib\</path>
         <kind>archive</kind>
         <file>rtsv7M4_T_le_v4SPD16_eabi.lib</file>
         <name>copy_decompress_lzss.c.obj</name>
      </input_file>
      <input_file id="fl-105">
         <path>I:\ti\ccs1240\ccs\tools\compiler\ti-cgt-arm_20.2.7.LTS\lib\</path>
         <kind>archive</kind>
         <file>rtsv7M4_T_le_v4SPD16_eabi.lib</file>
         <name>rand.c.obj</name>
      </input_file>
      <input_file id="fl-106">
         <path>I:\ti\ccs1240\ccs\tools\compiler\ti-cgt-arm_20.2.7.LTS\lib\</path>
         <kind>archive</kind>
         <file>rtsv7M4_T_le_v4SPD16_eabi.lib</file>
         <name>boot_cortex_m.c.obj</name>
      </input_file>
      <input_file id="fl-107">
         <path>I:\ti\ccs1240\ccs\tools\compiler\ti-cgt-arm_20.2.7.LTS\lib\</path>
         <kind>archive</kind>
         <file>rtsv7M4_T_le_v4SPD16_eabi.lib</file>
         <name>time.c.obj</name>
      </input_file>
      <input_file id="fl-108">
         <path>I:\ti\ccs1240\ccs\tools\compiler\ti-cgt-arm_20.2.7.LTS\lib\</path>
         <kind>archive</kind>
         <file>rtsv7M4_T_le_v4SPD16_eabi.lib</file>
         <name>errno.c.obj</name>
      </input_file>
      <input_file id="fl-109">
         <path>I:\ti\ccs1240\ccs\tools\compiler\ti-cgt-arm_20.2.7.LTS\lib\</path>
         <kind>archive</kind>
         <file>rtsv7M4_T_le_v4SPD16_eabi.lib</file>
         <name>div0.asm.obj</name>
      </input_file>
      <input_file id="fl-10a">
         <path>I:\ti\ccs1240\ccs\tools\compiler\ti-cgt-arm_20.2.7.LTS\lib\</path>
         <kind>archive</kind>
         <file>rtsv7M4_T_le_v4SPD16_eabi.lib</file>
         <name>memcpy_t2.asm.obj</name>
      </input_file>
      <input_file id="fl-10b">
         <path>I:\ti\ccs1240\ccs\tools\compiler\ti-cgt-arm_20.2.7.LTS\lib\</path>
         <kind>archive</kind>
         <file>rtsv7M4_T_le_v4SPD16_eabi.lib</file>
         <name>memset_t2.asm.obj</name>
      </input_file>
      <input_file id="fl-10c">
         <path>I:\ti\ccs1240\ccs\tools\compiler\ti-cgt-arm_20.2.7.LTS\lib\</path>
         <kind>archive</kind>
         <file>rtsv7M4_T_le_v4SPD16_eabi.lib</file>
         <name>autoinit.c.obj</name>
      </input_file>
      <input_file id="fl-10d">
         <path>I:\ti\ccs1240\ccs\tools\compiler\ti-cgt-arm_20.2.7.LTS\lib\</path>
         <kind>archive</kind>
         <file>rtsv7M4_T_le_v4SPD16_eabi.lib</file>
         <name>pre_init.c.obj</name>
      </input_file>
      <input_file id="fl-10e">
         <path>I:\ti\ccs1240\ccs\tools\compiler\ti-cgt-arm_20.2.7.LTS\lib\</path>
         <kind>archive</kind>
         <file>rtsv7M4_T_le_v4SPD16_eabi.lib</file>
         <name>cpy_tbl.c.obj</name>
      </input_file>
      <input_file id="fl-10f">
         <path>I:\ti\ccs1240\ccs\tools\compiler\ti-cgt-arm_20.2.7.LTS\lib\</path>
         <kind>archive</kind>
         <file>rtsv7M4_T_le_v4SPD16_eabi.lib</file>
         <name>exit.c.obj</name>
      </input_file>
      <input_file id="fl-110">
         <path>I:\ti\ccs1240\ccs\tools\compiler\ti-cgt-arm_20.2.7.LTS\lib\</path>
         <kind>archive</kind>
         <file>rtsv7M4_T_le_v4SPD16_eabi.lib</file>
         <name>_lock.c.obj</name>
      </input_file>
      <input_file id="fl-111">
         <path>I:\ti\ccs1240\ccs\tools\compiler\ti-cgt-arm_20.2.7.LTS\lib\</path>
         <kind>archive</kind>
         <file>rtsv7M4_T_le_v4SPD16_eabi.lib</file>
         <name>args_main.c.obj</name>
      </input_file>
      <input_file id="fl-112">
         <path>I:\ti\ccs1240\ccs\tools\compiler\ti-cgt-arm_20.2.7.LTS\lib\</path>
         <kind>archive</kind>
         <file>rtsv7M4_T_le_v4SPD16_eabi.lib</file>
         <name>hosttime.c.obj</name>
      </input_file>
      <input_file id="fl-113">
         <path>I:\ti\ccs1240\ccs\tools\compiler\ti-cgt-arm_20.2.7.LTS\lib\</path>
         <kind>archive</kind>
         <file>rtsv7M4_T_le_v4SPD16_eabi.lib</file>
         <name>trgmsg.c.obj</name>
      </input_file>
      <input_file id="fl-114">
         <path>I:\ti\ccs1240\ccs\tools\compiler\ti-cgt-arm_20.2.7.LTS\lib\</path>
         <kind>archive</kind>
         <file>rtsv7M4_T_le_v4SPD16_eabi.lib</file>
         <name>hostopen.c.obj</name>
      </input_file>
      <input_file id="fl-115">
         <path>I:\ti\ccs1240\ccs\tools\compiler\ti-cgt-arm_20.2.7.LTS\lib\</path>
         <kind>archive</kind>
         <file>rtsv7M4_T_le_v4SPD16_eabi.lib</file>
         <name>strlen.c.obj</name>
      </input_file>
   </input_file_list>
   <object_component_list>
      <object_component id="oc-12">
         <name>.intvecs</name>
         <load_address>0x0</load_address>
         <run_address>0x0</run_address>
         <size>0x26c</size>
         <input_file_ref idref="fl-4"/>
      </object_component>
      <object_component id="oc-e7">
         <name>.text</name>
         <load_address>0x26c</load_address>
         <run_address>0x26c</run_address>
         <size>0xfa0</size>
         <input_file_ref idref="fl-32"/>
      </object_component>
      <object_component id="oc-1e6">
         <name>.text</name>
         <load_address>0x120c</load_address>
         <run_address>0x120c</run_address>
         <size>0xc18</size>
         <input_file_ref idref="fl-26"/>
      </object_component>
      <object_component id="oc-216">
         <name>.text</name>
         <load_address>0x1e24</load_address>
         <run_address>0x1e24</run_address>
         <size>0x83c</size>
         <input_file_ref idref="fl-19"/>
      </object_component>
      <object_component id="oc-ed">
         <name>.text</name>
         <load_address>0x2660</load_address>
         <run_address>0x2660</run_address>
         <size>0x738</size>
         <input_file_ref idref="fl-13"/>
      </object_component>
      <object_component id="oc-2d2">
         <name>.text</name>
         <load_address>0x2d98</load_address>
         <run_address>0x2d98</run_address>
         <size>0x6fc</size>
         <input_file_ref idref="fl-28"/>
      </object_component>
      <object_component id="oc-db">
         <name>.text</name>
         <load_address>0x3494</load_address>
         <run_address>0x3494</run_address>
         <size>0x6f0</size>
         <input_file_ref idref="fl-7"/>
      </object_component>
      <object_component id="oc-185">
         <name>.text</name>
         <load_address>0x3b84</load_address>
         <run_address>0x3b84</run_address>
         <size>0x62e</size>
         <input_file_ref idref="fl-36"/>
      </object_component>
      <object_component id="oc-2a4">
         <name>.text:_nop</name>
         <load_address>0x41b2</load_address>
         <run_address>0x41b2</run_address>
         <size>0x2</size>
         <input_file_ref idref="fl-110"/>
      </object_component>
      <object_component id="oc-d5">
         <name>.text</name>
         <load_address>0x41b4</load_address>
         <run_address>0x41b4</run_address>
         <size>0x4a8</size>
         <input_file_ref idref="fl-37"/>
      </object_component>
      <object_component id="oc-118">
         <name>.text</name>
         <load_address>0x465c</load_address>
         <run_address>0x465c</run_address>
         <size>0x488</size>
         <input_file_ref idref="fl-3"/>
      </object_component>
      <object_component id="oc-1a9">
         <name>.text</name>
         <load_address>0x4ae4</load_address>
         <run_address>0x4ae4</run_address>
         <size>0x3c0</size>
         <input_file_ref idref="fl-29"/>
      </object_component>
      <object_component id="oc-2ca">
         <name>.text</name>
         <load_address>0x4ea4</load_address>
         <run_address>0x4ea4</run_address>
         <size>0x362</size>
         <input_file_ref idref="fl-30"/>
      </object_component>
      <object_component id="oc-275">
         <name>.text</name>
         <load_address>0x5206</load_address>
         <run_address>0x5206</run_address>
         <size>0x2</size>
         <input_file_ref idref="fl-109"/>
      </object_component>
      <object_component id="oc-f3">
         <name>.text</name>
         <load_address>0x5208</load_address>
         <run_address>0x5208</run_address>
         <size>0x2e4</size>
         <input_file_ref idref="fl-e"/>
      </object_component>
      <object_component id="oc-9b">
         <name>.text</name>
         <load_address>0x54ec</load_address>
         <run_address>0x54ec</run_address>
         <size>0x238</size>
         <input_file_ref idref="fl-2"/>
      </object_component>
      <object_component id="oc-1f3">
         <name>.text</name>
         <load_address>0x5724</load_address>
         <run_address>0x5724</run_address>
         <size>0x1f8</size>
         <input_file_ref idref="fl-15"/>
      </object_component>
      <object_component id="oc-c9">
         <name>.text</name>
         <load_address>0x591c</load_address>
         <run_address>0x591c</run_address>
         <size>0x1a0</size>
         <input_file_ref idref="fl-6"/>
      </object_component>
      <object_component id="oc-1ec">
         <name>.text</name>
         <load_address>0x5abc</load_address>
         <run_address>0x5abc</run_address>
         <size>0x18c</size>
         <input_file_ref idref="fl-17"/>
      </object_component>
      <object_component id="oc-f9">
         <name>.text</name>
         <load_address>0x5c48</load_address>
         <run_address>0x5c48</run_address>
         <size>0x138</size>
         <input_file_ref idref="fl-11"/>
      </object_component>
      <object_component id="oc-111">
         <name>.text</name>
         <load_address>0x5d80</load_address>
         <run_address>0x5d80</run_address>
         <size>0x118</size>
         <input_file_ref idref="fl-16"/>
      </object_component>
      <object_component id="oc-200">
         <name>.text</name>
         <load_address>0x5e98</load_address>
         <run_address>0x5e98</run_address>
         <size>0xfc</size>
         <input_file_ref idref="fl-fd"/>
      </object_component>
      <object_component id="oc-ff">
         <name>.text</name>
         <load_address>0x5f94</load_address>
         <run_address>0x5f94</run_address>
         <size>0xc0</size>
         <input_file_ref idref="fl-12"/>
      </object_component>
      <object_component id="oc-cf">
         <name>.text</name>
         <load_address>0x6054</load_address>
         <run_address>0x6054</run_address>
         <size>0xb0</size>
         <input_file_ref idref="fl-9"/>
      </object_component>
      <object_component id="oc-3b">
         <name>.text</name>
         <load_address>0x6104</load_address>
         <run_address>0x6104</run_address>
         <size>0x9c</size>
         <input_file_ref idref="fl-10a"/>
      </object_component>
      <object_component id="oc-1a3">
         <name>.text</name>
         <load_address>0x61a0</load_address>
         <run_address>0x61a0</run_address>
         <size>0x88</size>
         <input_file_ref idref="fl-34"/>
      </object_component>
      <object_component id="oc-8f">
         <name>.text</name>
         <load_address>0x6228</load_address>
         <run_address>0x6228</run_address>
         <size>0x7a</size>
         <input_file_ref idref="fl-10b"/>
      </object_component>
      <object_component id="oc-15">
         <name>.text:decompress:lzss:__TI_decompress_lzss</name>
         <load_address>0x62a2</load_address>
         <run_address>0x62a2</run_address>
         <size>0x68</size>
         <input_file_ref idref="fl-104"/>
      </object_component>
      <object_component id="oc-1af">
         <name>.text</name>
         <load_address>0x630c</load_address>
         <run_address>0x630c</run_address>
         <size>0x5c</size>
         <input_file_ref idref="fl-8"/>
      </object_component>
      <object_component id="oc-105">
         <name>.text</name>
         <load_address>0x6368</load_address>
         <run_address>0x6368</run_address>
         <size>0x58</size>
         <input_file_ref idref="fl-18"/>
      </object_component>
      <object_component id="oc-10b">
         <name>.text</name>
         <load_address>0x63c0</load_address>
         <run_address>0x63c0</run_address>
         <size>0x4c</size>
         <input_file_ref idref="fl-14"/>
      </object_component>
      <object_component id="oc-2ee">
         <name>.text:HOSTtime</name>
         <load_address>0x640c</load_address>
         <run_address>0x640c</run_address>
         <size>0x48</size>
         <input_file_ref idref="fl-112"/>
      </object_component>
      <object_component id="oc-205">
         <name>.text</name>
         <load_address>0x6454</load_address>
         <run_address>0x6454</run_address>
         <size>0x48</size>
         <input_file_ref idref="fl-fe"/>
      </object_component>
      <object_component id="oc-132">
         <name>.text:__TI_auto_init_nobinit_nopinit:__TI_auto_init_nobinit_nopinit</name>
         <load_address>0x649c</load_address>
         <run_address>0x649c</run_address>
         <size>0x44</size>
         <input_file_ref idref="fl-10c"/>
      </object_component>
      <object_component id="oc-194">
         <name>.text</name>
         <load_address>0x64e0</load_address>
         <run_address>0x64e0</run_address>
         <size>0x40</size>
         <input_file_ref idref="fl-101"/>
      </object_component>
      <object_component id="oc-1cf">
         <name>.text</name>
         <load_address>0x6520</load_address>
         <run_address>0x6520</run_address>
         <size>0x3e</size>
         <input_file_ref idref="fl-1d"/>
      </object_component>
      <object_component id="oc-360">
         <name>.text:__TI_writemsg</name>
         <load_address>0x6560</load_address>
         <run_address>0x6560</run_address>
         <size>0x38</size>
         <input_file_ref idref="fl-113"/>
      </object_component>
      <object_component id="oc-366">
         <name>.text:__TI_readmsg</name>
         <load_address>0x6598</load_address>
         <run_address>0x6598</run_address>
         <size>0x34</size>
         <input_file_ref idref="fl-113"/>
      </object_component>
      <object_component id="oc-59">
         <name>.text:_c_int00_noargs:_c_int00_noargs</name>
         <load_address>0x65cc</load_address>
         <run_address>0x65cc</run_address>
         <size>0x34</size>
         <input_file_ref idref="fl-106"/>
      </object_component>
      <object_component id="oc-e1">
         <name>.text:rand</name>
         <load_address>0x6600</load_address>
         <run_address>0x6600</run_address>
         <size>0x34</size>
         <input_file_ref idref="fl-105"/>
      </object_component>
      <object_component id="oc-1fb">
         <name>.text</name>
         <load_address>0x6634</load_address>
         <run_address>0x6634</run_address>
         <size>0x2e</size>
         <input_file_ref idref="fl-100"/>
      </object_component>
      <object_component id="oc-224">
         <name>.text:srand</name>
         <load_address>0x6664</load_address>
         <run_address>0x6664</run_address>
         <size>0x24</size>
         <input_file_ref idref="fl-105"/>
      </object_component>
      <object_component id="oc-179">
         <name>.text</name>
         <load_address>0x6688</load_address>
         <run_address>0x6688</run_address>
         <size>0xe</size>
         <input_file_ref idref="fl-5"/>
      </object_component>
      <object_component id="oc-21e">
         <name>.text:__time32</name>
         <load_address>0x6696</load_address>
         <run_address>0x6696</run_address>
         <size>0xe</size>
         <input_file_ref idref="fl-107"/>
      </object_component>
      <object_component id="oc-1b">
         <name>.text:decompress:none:__TI_decompress_none</name>
         <load_address>0x66a4</load_address>
         <run_address>0x66a4</run_address>
         <size>0xe</size>
         <input_file_ref idref="fl-103"/>
      </object_component>
      <object_component id="oc-4d">
         <name>.text:decompress:ZI:__TI_zero_init</name>
         <load_address>0x66b2</load_address>
         <run_address>0x66b2</run_address>
         <size>0xc</size>
         <input_file_ref idref="fl-102"/>
      </object_component>
      <object_component id="oc-27">
         <name>.text</name>
         <load_address>0x66be</load_address>
         <run_address>0x66be</run_address>
         <size>0xc</size>
         <input_file_ref idref="fl-4"/>
      </object_component>
      <object_component id="oc-1de">
         <name>.text:SysCtlDelay</name>
         <load_address>0x66ca</load_address>
         <run_address>0x66ca</run_address>
         <size>0x6</size>
         <input_file_ref idref="fl-32"/>
      </object_component>
      <object_component id="oc-95">
         <name>.text:_system_pre_init</name>
         <load_address>0x66d0</load_address>
         <run_address>0x66d0</run_address>
         <size>0x4</size>
         <input_file_ref idref="fl-10d"/>
      </object_component>
      <object_component id="oc-126">
         <name>.text:abort:abort</name>
         <load_address>0x66d4</load_address>
         <run_address>0x66d4</run_address>
         <size>0x4</size>
         <input_file_ref idref="fl-10f"/>
      </object_component>
      <object_component id="oc-1db">
         <name>.const:g_pppui32XTALtoVCO</name>
         <load_address>0x66d8</load_address>
         <run_address>0x66d8</run_address>
         <size>0x1b0</size>
         <input_file_ref idref="fl-32"/>
      </object_component>
      <object_component id="oc-2c2">
         <name>.const:g_ppui32GPIOIntMapSnowflake</name>
         <load_address>0x6888</load_address>
         <run_address>0x6888</run_address>
         <size>0xd8</size>
         <input_file_ref idref="fl-26"/>
      </object_component>
      <object_component id="oc-2bf">
         <name>.const:g_ppui32GPIOIntMapBlizzard</name>
         <load_address>0x6960</load_address>
         <run_address>0x6960</run_address>
         <size>0xc0</size>
         <input_file_ref idref="fl-26"/>
      </object_component>
      <object_component id="oc-288">
         <name>.const:g_pui32Regs</name>
         <load_address>0x6a20</load_address>
         <run_address>0x6a20</run_address>
         <size>0x9c</size>
         <input_file_ref idref="fl-29"/>
      </object_component>
      <object_component id="oc-2c5">
         <name>.const:g_pui32GPIOBaseAddrs</name>
         <load_address>0x6abc</load_address>
         <run_address>0x6abc</run_address>
         <size>0x90</size>
         <input_file_ref idref="fl-26"/>
      </object_component>
      <object_component id="oc-1d5">
         <name>.const:g_pui32Xtals</name>
         <load_address>0x6b4c</load_address>
         <run_address>0x6b4c</run_address>
         <size>0x6c</size>
         <input_file_ref idref="fl-32"/>
      </object_component>
      <object_component id="oc-355">
         <name>.const:g_ppui32I2CIntMapSnowflake</name>
         <load_address>0x6bb8</load_address>
         <run_address>0x6bb8</run_address>
         <size>0x50</size>
         <input_file_ref idref="fl-28"/>
      </object_component>
      <object_component id="oc-267">
         <name>.const:g_ppui32UARTIntMap</name>
         <load_address>0x6c08</load_address>
         <run_address>0x6c08</run_address>
         <size>0x40</size>
         <input_file_ref idref="fl-36"/>
      </object_component>
      <object_component id="oc-26a">
         <name>.const:g_ppui32UARTIntMapSnowflake</name>
         <load_address>0x6c48</load_address>
         <run_address>0x6c48</run_address>
         <size>0x40</size>
         <input_file_ref idref="fl-36"/>
      </object_component>
      <object_component id="oc-352">
         <name>.const:g_ppui32I2CIntMap</name>
         <load_address>0x6c88</load_address>
         <run_address>0x6c88</run_address>
         <size>0x30</size>
         <input_file_ref idref="fl-28"/>
      </object_component>
      <object_component id="oc-1cc">
         <name>.const:g_sXTALtoMEMTIM</name>
         <load_address>0x6cb8</load_address>
         <run_address>0x6cb8</run_address>
         <size>0x30</size>
         <input_file_ref idref="fl-32"/>
      </object_component>
      <object_component id="oc-348">
         <name>.const:g_ppui32SSIIntMap</name>
         <load_address>0x6ce8</load_address>
         <run_address>0x6ce8</run_address>
         <size>0x20</size>
         <input_file_ref idref="fl-30"/>
      </object_component>
      <object_component id="oc-34b">
         <name>.const:g_ppui32SSIIntMapSnowflake</name>
         <load_address>0x6d08</load_address>
         <run_address>0x6d08</run_address>
         <size>0x20</size>
         <input_file_ref idref="fl-30"/>
      </object_component>
      <object_component id="oc-285">
         <name>.const:g_pui32Priority</name>
         <load_address>0x6d28</load_address>
         <run_address>0x6d28</run_address>
         <size>0x20</size>
         <input_file_ref idref="fl-29"/>
      </object_component>
      <object_component id="oc-28e">
         <name>.const:g_pui32Dii16Regs</name>
         <load_address>0x6d48</load_address>
         <run_address>0x6d48</run_address>
         <size>0x14</size>
         <input_file_ref idref="fl-29"/>
      </object_component>
      <object_component id="oc-28b">
         <name>.const:g_pui32EnRegs</name>
         <load_address>0x6d5c</load_address>
         <run_address>0x6d5c</run_address>
         <size>0x14</size>
         <input_file_ref idref="fl-29"/>
      </object_component>
      <object_component id="oc-291">
         <name>.const:g_pui32PendRegs</name>
         <load_address>0x6d70</load_address>
         <run_address>0x6d70</run_address>
         <size>0x14</size>
         <input_file_ref idref="fl-29"/>
      </object_component>
      <object_component id="oc-294">
         <name>.const:g_pui32UnpendRegs</name>
         <load_address>0x6d84</load_address>
         <run_address>0x6d84</run_address>
         <size>0x14</size>
         <input_file_ref idref="fl-29"/>
      </object_component>
      <object_component id="oc-27b">
         <name>.const:.string</name>
         <load_address>0x6d98</load_address>
         <run_address>0x6d98</run_address>
         <size>0x12</size>
         <input_file_ref idref="fl-37"/>
      </object_component>
      <object_component id="oc-20c">
         <name>.const:.string:$P$T0$1</name>
         <load_address>0x6daa</load_address>
         <run_address>0x6daa</run_address>
         <size>0x2</size>
         <input_file_ref idref="fl-12"/>
      </object_component>
      <object_component id="oc-191">
         <name>.const:g_ui32UARTBase</name>
         <load_address>0x6dac</load_address>
         <run_address>0x6dac</run_address>
         <size>0xc</size>
         <input_file_ref idref="fl-37"/>
      </object_component>
      <object_component id="oc-18b">
         <name>.const:g_ui32UARTPeriph</name>
         <load_address>0x6db8</load_address>
         <run_address>0x6db8</run_address>
         <size>0xc</size>
         <input_file_ref idref="fl-37"/>
      </object_component>
      <object_component id="oc-1d8">
         <name>.const:g_pui32VCOFrequencies</name>
         <load_address>0x6dc4</load_address>
         <run_address>0x6dc4</run_address>
         <size>0x8</size>
         <input_file_ref idref="fl-32"/>
      </object_component>
      <object_component id="oc-199">
         <name>.const</name>
         <load_address>0x6dcc</load_address>
         <run_address>0x6dcc</run_address>
         <size>0x4</size>
         <input_file_ref idref="fl-37"/>
      </object_component>
      <object_component id="oc-20f">
         <name>.const:.string:$P$T1$2</name>
         <load_address>0x6dd0</load_address>
         <run_address>0x6dd0</run_address>
         <size>0x2</size>
         <input_file_ref idref="fl-12"/>
      </object_component>
      <object_component id="oc-3d3">
         <name>.cinit..data.load</name>
         <load_address>0x6dd8</load_address>
         <run_address>0x6dd8</run_address>
         <size>0x1f</size>
      </object_component>
      <object_component id="oc-3d0">
         <name>__TI_handler_table</name>
         <load_address>0x6df8</load_address>
         <run_address>0x6df8</run_address>
         <size>0xc</size>
      </object_component>
      <object_component id="oc-3d4">
         <name>.cinit..bss.load</name>
         <load_address>0x6e08</load_address>
         <run_address>0x6e08</run_address>
         <size>0x8</size>
      </object_component>
      <object_component id="oc-3d2">
         <name>.cinit..vtable.load</name>
         <load_address>0x6e10</load_address>
         <run_address>0x6e10</run_address>
         <size>0x8</size>
      </object_component>
      <object_component id="oc-3d1">
         <name>__TI_cinit_table</name>
         <load_address>0x6e18</load_address>
         <run_address>0x6e18</run_address>
         <size>0x18</size>
      </object_component>
      <object_component id="oc-282">
         <name>.vtable</name>
         <uninitialized>true</uninitialized>
         <run_address>0x20000000</run_address>
         <size>0x26c</size>
         <input_file_ref idref="fl-29"/>
      </object_component>
      <object_component id="oc-22d">
         <name>.data:world_camera_pos</name>
         <load_address>0x20006988</load_address>
         <run_address>0x20006988</run_address>
         <size>0x10</size>
         <input_file_ref idref="fl-3"/>
      </object_component>
      <object_component id="oc-22a">
         <name>.data</name>
         <load_address>0x20006970</load_address>
         <run_address>0x20006970</run_address>
         <size>0x16</size>
         <input_file_ref idref="fl-3"/>
      </object_component>
      <object_component id="oc-1be">
         <name>.data</name>
         <load_address>0x200069a8</load_address>
         <run_address>0x200069a8</run_address>
         <size>0x4</size>
         <input_file_ref idref="fl-7"/>
      </object_component>
      <object_component id="oc-18e">
         <name>.data</name>
         <load_address>0x200069a0</load_address>
         <run_address>0x200069a0</run_address>
         <size>0x5</size>
         <input_file_ref idref="fl-37"/>
      </object_component>
      <object_component id="oc-1c8">
         <name>.data</name>
         <load_address>0x200069ac</load_address>
         <run_address>0x200069ac</run_address>
         <size>0x4</size>
         <input_file_ref idref="fl-105"/>
      </object_component>
      <object_component id="oc-1c5">
         <name>.data:$O1$$</name>
         <load_address>0x20006998</load_address>
         <run_address>0x20006998</run_address>
         <size>0x8</size>
         <input_file_ref idref="fl-110"/>
      </object_component>
      <object_component id="oc-175">
         <name>.bss:FIFOs</name>
         <uninitialized>true</uninitialized>
         <run_address>0x2000647c</run_address>
         <size>0x150</size>
         <input_file_ref idref="fl-6"/>
      </object_component>
      <object_component id="oc-1bb">
         <name>.bss:threadControlBlocks</name>
         <uninitialized>true</uninitialized>
         <run_address>0x2000626c</run_address>
         <size>0x210</size>
         <input_file_ref idref="fl-7"/>
      </object_component>
      <object_component id="oc-1c1">
         <name>.bss:threadStacks</name>
         <uninitialized>true</uninitialized>
         <run_address>0x2000026c</run_address>
         <size>0x6000</size>
         <input_file_ref idref="fl-7"/>
      </object_component>
      <object_component id="oc-1b8">
         <name>.bss:pthreadControlBlocks</name>
         <uninitialized>true</uninitialized>
         <run_address>0x200066ec</run_address>
         <size>0x48</size>
         <input_file_ref idref="fl-7"/>
      </object_component>
      <object_component id="oc-1b5">
         <name>.bss</name>
         <uninitialized>true</uninitialized>
         <run_address>0x20006734</run_address>
         <size>0x8</size>
         <input_file_ref idref="fl-7"/>
      </object_component>
      <object_component id="oc-2e7">
         <name>.bss:g_pui8OversampleFactor</name>
         <uninitialized>true</uninitialized>
         <run_address>0x2000673c</run_address>
         <size>0x8</size>
         <input_file_ref idref="fl-19"/>
      </object_component>
      <object_component id="oc-396">
         <name>.bss:_CIOBUF_</name>
         <uninitialized>true</uninitialized>
         <run_address>0x200065cc</run_address>
         <size>0x120</size>
         <input_file_ref idref="fl-113"/>
      </object_component>
      <object_component id="oc-17e">
         <name>.common:IBit_State</name>
         <uninitialized>true</uninitialized>
         <run_address>0x20006750</run_address>
         <size>0x4</size>
      </object_component>
      <object_component id="oc-11e">
         <name>.common:sem_I2CA</name>
         <uninitialized>true</uninitialized>
         <run_address>0x2000675c</run_address>
         <size>0x4</size>
      </object_component>
      <object_component id="oc-121">
         <name>.common:sem_SPIA</name>
         <uninitialized>true</uninitialized>
         <run_address>0x2000676c</run_address>
         <size>0x4</size>
      </object_component>
      <object_component id="oc-122">
         <name>.common:sem_PCA9555_Debounce</name>
         <uninitialized>true</uninitialized>
         <run_address>0x20006768</run_address>
         <size>0x4</size>
      </object_component>
      <object_component id="oc-123">
         <name>.common:sem_Joystick_Debounce</name>
         <uninitialized>true</uninitialized>
         <run_address>0x20006760</run_address>
         <size>0x4</size>
      </object_component>
      <object_component id="oc-124">
         <name>.common:sem_KillCube</name>
         <uninitialized>true</uninitialized>
         <run_address>0x20006764</run_address>
         <size>0x4</size>
      </object_component>
      <object_component id="oc-117">
         <name>.common:s</name>
         <uninitialized>true</uninitialized>
         <run_address>0x20006758</run_address>
         <size>0x4</size>
      </object_component>
      <object_component id="oc-1b4">
         <name>.common:SystemTime</name>
         <uninitialized>true</uninitialized>
         <run_address>0x20006754</run_address>
         <size>0x4</size>
      </object_component>
      <object_component id="oc-183">
         <name>.common:CurrentlyRunningThread</name>
         <uninitialized>true</uninitialized>
         <run_address>0x2000674c</run_address>
         <size>0x4</size>
      </object_component>
      <object_component id="oc-36c">
         <name>.common:parmbuf</name>
         <uninitialized>true</uninitialized>
         <run_address>0x20006744</run_address>
         <size>0x8</size>
      </object_component>
      <object_component id="oc-24">
         <name>.stack</name>
         <uninitialized>true</uninitialized>
         <run_address>0x20006770</run_address>
         <size>0x4</size>
         <input_file_ref idref="fl-106"/>
      </object_component>
      <object_component id="oc-3d6">
         <name>.stack</name>
         <uninitialized>true</uninitialized>
         <run_address>0x20006770</run_address>
         <size>0x0</size>
      </object_component>
      <object_component id="oc-b7">
         <name>.debug_info</name>
         <load_address>0x0</load_address>
         <run_address>0x0</run_address>
         <size>0x8fe</size>
         <input_file_ref idref="fl-2"/>
      </object_component>
      <object_component id="oc-9d">
         <name>.debug_info</name>
         <load_address>0x8fe</load_address>
         <run_address>0x8fe</run_address>
         <size>0x702</size>
         <input_file_ref idref="fl-2"/>
      </object_component>
      <object_component id="oc-170">
         <name>.debug_info</name>
         <load_address>0x1000</load_address>
         <run_address>0x1000</run_address>
         <size>0x7e</size>
         <input_file_ref idref="fl-2"/>
      </object_component>
      <object_component id="oc-70">
         <name>.debug_info</name>
         <load_address>0x107e</load_address>
         <run_address>0x107e</run_address>
         <size>0x26b</size>
         <input_file_ref idref="fl-2"/>
      </object_component>
      <object_component id="oc-b2">
         <name>.debug_info</name>
         <load_address>0x12e9</load_address>
         <run_address>0x12e9</run_address>
         <size>0x8b</size>
         <input_file_ref idref="fl-2"/>
      </object_component>
      <object_component id="oc-ad">
         <name>.debug_info</name>
         <load_address>0x1374</load_address>
         <run_address>0x1374</run_address>
         <size>0x2a4</size>
         <input_file_ref idref="fl-2"/>
      </object_component>
      <object_component id="oc-1e0">
         <name>.debug_info</name>
         <load_address>0x1618</load_address>
         <run_address>0x1618</run_address>
         <size>0xef</size>
         <input_file_ref idref="fl-2"/>
      </object_component>
      <object_component id="oc-75">
         <name>.debug_info</name>
         <load_address>0x1707</load_address>
         <run_address>0x1707</run_address>
         <size>0xbb</size>
         <input_file_ref idref="fl-2"/>
      </object_component>
      <object_component id="oc-166">
         <name>.debug_info</name>
         <load_address>0x17c2</load_address>
         <run_address>0x17c2</run_address>
         <size>0x2c</size>
         <input_file_ref idref="fl-2"/>
      </object_component>
      <object_component id="oc-16b">
         <name>.debug_info</name>
         <load_address>0x17ee</load_address>
         <run_address>0x17ee</run_address>
         <size>0x1a2</size>
         <input_file_ref idref="fl-2"/>
      </object_component>
      <object_component id="oc-19e">
         <name>.debug_info</name>
         <load_address>0x1990</load_address>
         <run_address>0x1990</run_address>
         <size>0x2c</size>
         <input_file_ref idref="fl-2"/>
      </object_component>
      <object_component id="oc-11f">
         <name>.debug_info</name>
         <load_address>0x19bc</load_address>
         <run_address>0x19bc</run_address>
         <size>0x840</size>
         <input_file_ref idref="fl-3"/>
      </object_component>
      <object_component id="oc-22e">
         <name>.debug_info</name>
         <load_address>0x21fc</load_address>
         <run_address>0x21fc</run_address>
         <size>0xd2</size>
         <input_file_ref idref="fl-3"/>
      </object_component>
      <object_component id="oc-22b">
         <name>.debug_info</name>
         <load_address>0x22ce</load_address>
         <run_address>0x22ce</run_address>
         <size>0x1e3</size>
         <input_file_ref idref="fl-3"/>
      </object_component>
      <object_component id="oc-119">
         <name>.debug_info</name>
         <load_address>0x24b1</load_address>
         <run_address>0x24b1</run_address>
         <size>0x908</size>
         <input_file_ref idref="fl-3"/>
      </object_component>
      <object_component id="oc-231">
         <name>.debug_info</name>
         <load_address>0x2db9</load_address>
         <run_address>0x2db9</run_address>
         <size>0x189</size>
         <input_file_ref idref="fl-3"/>
      </object_component>
      <object_component id="oc-23d">
         <name>.debug_info</name>
         <load_address>0x2f42</load_address>
         <run_address>0x2f42</run_address>
         <size>0x8a</size>
         <input_file_ref idref="fl-3"/>
      </object_component>
      <object_component id="oc-2ff">
         <name>.debug_info</name>
         <load_address>0x2fcc</load_address>
         <run_address>0x2fcc</run_address>
         <size>0x3b</size>
         <input_file_ref idref="fl-3"/>
      </object_component>
      <object_component id="oc-238">
         <name>.debug_info</name>
         <load_address>0x3007</load_address>
         <run_address>0x3007</run_address>
         <size>0x35</size>
         <input_file_ref idref="fl-3"/>
      </object_component>
      <object_component id="oc-2f">
         <name>.debug_info</name>
         <load_address>0x303c</load_address>
         <run_address>0x303c</run_address>
         <size>0x29c</size>
         <input_file_ref idref="fl-4"/>
      </object_component>
      <object_component id="oc-13">
         <name>.debug_info</name>
         <load_address>0x32d8</load_address>
         <run_address>0x32d8</run_address>
         <size>0xdb</size>
         <input_file_ref idref="fl-4"/>
      </object_component>
      <object_component id="oc-29">
         <name>.debug_info</name>
         <load_address>0x33b3</load_address>
         <run_address>0x33b3</run_address>
         <size>0x257</size>
         <input_file_ref idref="fl-4"/>
      </object_component>
      <object_component id="oc-36">
         <name>.debug_info</name>
         <load_address>0x360a</load_address>
         <run_address>0x360a</run_address>
         <size>0x84</size>
         <input_file_ref idref="fl-4"/>
      </object_component>
      <object_component id="oc-17a">
         <name>.debug_info</name>
         <load_address>0x368e</load_address>
         <run_address>0x368e</run_address>
         <size>0x13b</size>
         <input_file_ref idref="fl-5"/>
      </object_component>
      <object_component id="oc-261">
         <name>.debug_info</name>
         <load_address>0x37c9</load_address>
         <run_address>0x37c9</run_address>
         <size>0x33b</size>
         <input_file_ref idref="fl-6"/>
      </object_component>
      <object_component id="oc-176">
         <name>.debug_info</name>
         <load_address>0x3b04</load_address>
         <run_address>0x3b04</run_address>
         <size>0xc9</size>
         <input_file_ref idref="fl-6"/>
      </object_component>
      <object_component id="oc-ca">
         <name>.debug_info</name>
         <load_address>0x3bcd</load_address>
         <run_address>0x3bcd</run_address>
         <size>0x3c6</size>
         <input_file_ref idref="fl-6"/>
      </object_component>
      <object_component id="oc-31f">
         <name>.debug_info</name>
         <load_address>0x3f93</load_address>
         <run_address>0x3f93</run_address>
         <size>0xb2</size>
         <input_file_ref idref="fl-6"/>
      </object_component>
      <object_component id="oc-17f">
         <name>.debug_info</name>
         <load_address>0x4045</load_address>
         <run_address>0x4045</run_address>
         <size>0x56e</size>
         <input_file_ref idref="fl-7"/>
      </object_component>
      <object_component id="oc-1bc">
         <name>.debug_info</name>
         <load_address>0x45b3</load_address>
         <run_address>0x45b3</run_address>
         <size>0xeb</size>
         <input_file_ref idref="fl-7"/>
      </object_component>
      <object_component id="oc-1c2">
         <name>.debug_info</name>
         <load_address>0x469e</load_address>
         <run_address>0x469e</run_address>
         <size>0xdd</size>
         <input_file_ref idref="fl-7"/>
      </object_component>
      <object_component id="oc-1b9">
         <name>.debug_info</name>
         <load_address>0x477b</load_address>
         <run_address>0x477b</run_address>
         <size>0xed</size>
         <input_file_ref idref="fl-7"/>
      </object_component>
      <object_component id="oc-1b6">
         <name>.debug_info</name>
         <load_address>0x4868</load_address>
         <run_address>0x4868</run_address>
         <size>0x113</size>
         <input_file_ref idref="fl-7"/>
      </object_component>
      <object_component id="oc-1bf">
         <name>.debug_info</name>
         <load_address>0x497b</load_address>
         <run_address>0x497b</run_address>
         <size>0xdf</size>
         <input_file_ref idref="fl-7"/>
      </object_component>
      <object_component id="oc-dd">
         <name>.debug_info</name>
         <load_address>0x4a5a</load_address>
         <run_address>0x4a5a</run_address>
         <size>0xe3b</size>
         <input_file_ref idref="fl-7"/>
      </object_component>
      <object_component id="oc-1b2">
         <name>.debug_info</name>
         <load_address>0x5895</load_address>
         <run_address>0x5895</run_address>
         <size>0x137</size>
         <input_file_ref idref="fl-8"/>
      </object_component>
      <object_component id="oc-181">
         <name>.debug_info</name>
         <load_address>0x59cc</load_address>
         <run_address>0x59cc</run_address>
         <size>0x35d</size>
         <input_file_ref idref="fl-9"/>
      </object_component>
      <object_component id="oc-d0">
         <name>.debug_info</name>
         <load_address>0x5d29</load_address>
         <run_address>0x5d29</run_address>
         <size>0x3dc</size>
         <input_file_ref idref="fl-9"/>
      </object_component>
      <object_component id="oc-1fa">
         <name>.debug_info</name>
         <load_address>0x6105</load_address>
         <run_address>0x6105</run_address>
         <size>0x3a8</size>
         <input_file_ref idref="fl-e"/>
      </object_component>
      <object_component id="oc-f4">
         <name>.debug_info</name>
         <load_address>0x64ad</load_address>
         <run_address>0x64ad</run_address>
         <size>0x114a</size>
         <input_file_ref idref="fl-e"/>
      </object_component>
      <object_component id="oc-20b">
         <name>.debug_info</name>
         <load_address>0x75f7</load_address>
         <run_address>0x75f7</run_address>
         <size>0x36c</size>
         <input_file_ref idref="fl-11"/>
      </object_component>
      <object_component id="oc-fc">
         <name>.debug_info</name>
         <load_address>0x7963</load_address>
         <run_address>0x7963</run_address>
         <size>0x7b7</size>
         <input_file_ref idref="fl-11"/>
      </object_component>
      <object_component id="oc-213">
         <name>.debug_info</name>
         <load_address>0x811a</load_address>
         <run_address>0x811a</run_address>
         <size>0x41c</size>
         <input_file_ref idref="fl-12"/>
      </object_component>
      <object_component id="oc-20d">
         <name>.debug_info</name>
         <load_address>0x8536</load_address>
         <run_address>0x8536</run_address>
         <size>0xdd</size>
         <input_file_ref idref="fl-12"/>
      </object_component>
      <object_component id="oc-210">
         <name>.debug_info</name>
         <load_address>0x8613</load_address>
         <run_address>0x8613</run_address>
         <size>0xdd</size>
         <input_file_ref idref="fl-12"/>
      </object_component>
      <object_component id="oc-101">
         <name>.debug_info</name>
         <load_address>0x86f0</load_address>
         <run_address>0x86f0</run_address>
         <size>0x5b2</size>
         <input_file_ref idref="fl-12"/>
      </object_component>
      <object_component id="oc-ee">
         <name>.debug_info</name>
         <load_address>0x8ca2</load_address>
         <run_address>0x8ca2</run_address>
         <size>0x17d6</size>
         <input_file_ref idref="fl-13"/>
      </object_component>
      <object_component id="oc-10c">
         <name>.debug_info</name>
         <load_address>0xa478</load_address>
         <run_address>0xa478</run_address>
         <size>0x299</size>
         <input_file_ref idref="fl-14"/>
      </object_component>
      <object_component id="oc-2d9">
         <name>.debug_info</name>
         <load_address>0xa711</load_address>
         <run_address>0xa711</run_address>
         <size>0x4d4</size>
         <input_file_ref idref="fl-15"/>
      </object_component>
      <object_component id="oc-1f6">
         <name>.debug_info</name>
         <load_address>0xabe5</load_address>
         <run_address>0xabe5</run_address>
         <size>0x8d3</size>
         <input_file_ref idref="fl-15"/>
      </object_component>
      <object_component id="oc-21d">
         <name>.debug_info</name>
         <load_address>0xb4b8</load_address>
         <run_address>0xb4b8</run_address>
         <size>0x635</size>
         <input_file_ref idref="fl-16"/>
      </object_component>
      <object_component id="oc-112">
         <name>.debug_info</name>
         <load_address>0xbaed</load_address>
         <run_address>0xbaed</run_address>
         <size>0x6c3</size>
         <input_file_ref idref="fl-16"/>
      </object_component>
      <object_component id="oc-2d1">
         <name>.debug_info</name>
         <load_address>0xc1b0</load_address>
         <run_address>0xc1b0</run_address>
         <size>0x485</size>
         <input_file_ref idref="fl-17"/>
      </object_component>
      <object_component id="oc-1ee">
         <name>.debug_info</name>
         <load_address>0xc635</load_address>
         <run_address>0xc635</run_address>
         <size>0x6d9</size>
         <input_file_ref idref="fl-17"/>
      </object_component>
      <object_component id="oc-106">
         <name>.debug_info</name>
         <load_address>0xcd0e</load_address>
         <run_address>0xcd0e</run_address>
         <size>0x219</size>
         <input_file_ref idref="fl-18"/>
      </object_component>
      <object_component id="oc-2eb">
         <name>.debug_info</name>
         <load_address>0xcf27</load_address>
         <run_address>0xcf27</run_address>
         <size>0x322</size>
         <input_file_ref idref="fl-19"/>
      </object_component>
      <object_component id="oc-2e8">
         <name>.debug_info</name>
         <load_address>0xd249</load_address>
         <run_address>0xd249</run_address>
         <size>0xe3</size>
         <input_file_ref idref="fl-19"/>
      </object_component>
      <object_component id="oc-218">
         <name>.debug_info</name>
         <load_address>0xd32c</load_address>
         <run_address>0xd32c</run_address>
         <size>0x2b37</size>
         <input_file_ref idref="fl-19"/>
      </object_component>
      <object_component id="oc-1d0">
         <name>.debug_info</name>
         <load_address>0xfe63</load_address>
         <run_address>0xfe63</run_address>
         <size>0x328</size>
         <input_file_ref idref="fl-1d"/>
      </object_component>
      <object_component id="oc-2c9">
         <name>.debug_info</name>
         <load_address>0x1018b</load_address>
         <run_address>0x1018b</run_address>
         <size>0x34c</size>
         <input_file_ref idref="fl-26"/>
      </object_component>
      <object_component id="oc-2c0">
         <name>.debug_info</name>
         <load_address>0x104d7</load_address>
         <run_address>0x104d7</run_address>
         <size>0xec</size>
         <input_file_ref idref="fl-26"/>
      </object_component>
      <object_component id="oc-2c3">
         <name>.debug_info</name>
         <load_address>0x105c3</load_address>
         <run_address>0x105c3</run_address>
         <size>0xee</size>
         <input_file_ref idref="fl-26"/>
      </object_component>
      <object_component id="oc-2c6">
         <name>.debug_info</name>
         <load_address>0x106b1</load_address>
         <run_address>0x106b1</run_address>
         <size>0xe0</size>
         <input_file_ref idref="fl-26"/>
      </object_component>
      <object_component id="oc-1e7">
         <name>.debug_info</name>
         <load_address>0x10791</load_address>
         <run_address>0x10791</run_address>
         <size>0x31d5</size>
         <input_file_ref idref="fl-26"/>
      </object_component>
      <object_component id="oc-359">
         <name>.debug_info</name>
         <load_address>0x13966</load_address>
         <run_address>0x13966</run_address>
         <size>0x33d</size>
         <input_file_ref idref="fl-28"/>
      </object_component>
      <object_component id="oc-353">
         <name>.debug_info</name>
         <load_address>0x13ca3</load_address>
         <run_address>0x13ca3</run_address>
         <size>0xd9</size>
         <input_file_ref idref="fl-28"/>
      </object_component>
      <object_component id="oc-356">
         <name>.debug_info</name>
         <load_address>0x13d7c</load_address>
         <run_address>0x13d7c</run_address>
         <size>0xeb</size>
         <input_file_ref idref="fl-28"/>
      </object_component>
      <object_component id="oc-2d6">
         <name>.debug_info</name>
         <load_address>0x13e67</load_address>
         <run_address>0x13e67</run_address>
         <size>0x2b45</size>
         <input_file_ref idref="fl-28"/>
      </object_component>
      <object_component id="oc-298">
         <name>.debug_info</name>
         <load_address>0x169ac</load_address>
         <run_address>0x169ac</run_address>
         <size>0x329</size>
         <input_file_ref idref="fl-29"/>
      </object_component>
      <object_component id="oc-286">
         <name>.debug_info</name>
         <load_address>0x16cd5</load_address>
         <run_address>0x16cd5</run_address>
         <size>0xdb</size>
         <input_file_ref idref="fl-29"/>
      </object_component>
      <object_component id="oc-289">
         <name>.debug_info</name>
         <load_address>0x16db0</load_address>
         <run_address>0x16db0</run_address>
         <size>0xd3</size>
         <input_file_ref idref="fl-29"/>
      </object_component>
      <object_component id="oc-28c">
         <name>.debug_info</name>
         <load_address>0x16e83</load_address>
         <run_address>0x16e83</run_address>
         <size>0xd7</size>
         <input_file_ref idref="fl-29"/>
      </object_component>
      <object_component id="oc-28f">
         <name>.debug_info</name>
         <load_address>0x16f5a</load_address>
         <run_address>0x16f5a</run_address>
         <size>0xdd</size>
         <input_file_ref idref="fl-29"/>
      </object_component>
      <object_component id="oc-292">
         <name>.debug_info</name>
         <load_address>0x17037</load_address>
         <run_address>0x17037</run_address>
         <size>0xdb</size>
         <input_file_ref idref="fl-29"/>
      </object_component>
      <object_component id="oc-295">
         <name>.debug_info</name>
         <load_address>0x17112</load_address>
         <run_address>0x17112</run_address>
         <size>0xdf</size>
         <input_file_ref idref="fl-29"/>
      </object_component>
      <object_component id="oc-283">
         <name>.debug_info</name>
         <load_address>0x171f1</load_address>
         <run_address>0x171f1</run_address>
         <size>0xdc</size>
         <input_file_ref idref="fl-29"/>
      </object_component>
      <object_component id="oc-1aa">
         <name>.debug_info</name>
         <load_address>0x172cd</load_address>
         <run_address>0x172cd</run_address>
         <size>0xcdc</size>
         <input_file_ref idref="fl-29"/>
      </object_component>
      <object_component id="oc-34f">
         <name>.debug_info</name>
         <load_address>0x17fa9</load_address>
         <run_address>0x17fa9</run_address>
         <size>0x32d</size>
         <input_file_ref idref="fl-30"/>
      </object_component>
      <object_component id="oc-349">
         <name>.debug_info</name>
         <load_address>0x182d6</load_address>
         <run_address>0x182d6</run_address>
         <size>0xd9</size>
         <input_file_ref idref="fl-30"/>
      </object_component>
      <object_component id="oc-34c">
         <name>.debug_info</name>
         <load_address>0x183af</load_address>
         <run_address>0x183af</run_address>
         <size>0xeb</size>
         <input_file_ref idref="fl-30"/>
      </object_component>
      <object_component id="oc-2cc">
         <name>.debug_info</name>
         <load_address>0x1849a</load_address>
         <run_address>0x1849a</run_address>
         <size>0x1654</size>
         <input_file_ref idref="fl-30"/>
      </object_component>
      <object_component id="oc-1e5">
         <name>.debug_info</name>
         <load_address>0x19aee</load_address>
         <run_address>0x19aee</run_address>
         <size>0x3ae</size>
         <input_file_ref idref="fl-32"/>
      </object_component>
      <object_component id="oc-1d6">
         <name>.debug_info</name>
         <load_address>0x19e9c</load_address>
         <run_address>0x19e9c</run_address>
         <size>0xd2</size>
         <input_file_ref idref="fl-32"/>
      </object_component>
      <object_component id="oc-1dc">
         <name>.debug_info</name>
         <load_address>0x19f6e</load_address>
         <run_address>0x19f6e</run_address>
         <size>0xde</size>
         <input_file_ref idref="fl-32"/>
      </object_component>
      <object_component id="oc-1cd">
         <name>.debug_info</name>
         <load_address>0x1a04c</load_address>
         <run_address>0x1a04c</run_address>
         <size>0xd8</size>
         <input_file_ref idref="fl-32"/>
      </object_component>
      <object_component id="oc-1d9">
         <name>.debug_info</name>
         <load_address>0x1a124</load_address>
         <run_address>0x1a124</run_address>
         <size>0xe5</size>
         <input_file_ref idref="fl-32"/>
      </object_component>
      <object_component id="oc-ea">
         <name>.debug_info</name>
         <load_address>0x1a209</load_address>
         <run_address>0x1a209</run_address>
         <size>0x2b22</size>
         <input_file_ref idref="fl-32"/>
      </object_component>
      <object_component id="oc-2bb">
         <name>.debug_info</name>
         <load_address>0x1cd2b</load_address>
         <run_address>0x1cd2b</run_address>
         <size>0x51</size>
         <input_file_ref idref="fl-32"/>
      </object_component>
      <object_component id="oc-281">
         <name>.debug_info</name>
         <load_address>0x1cd7c</load_address>
         <run_address>0x1cd7c</run_address>
         <size>0x2b8</size>
         <input_file_ref idref="fl-34"/>
      </object_component>
      <object_component id="oc-1a4">
         <name>.debug_info</name>
         <load_address>0x1d034</load_address>
         <run_address>0x1d034</run_address>
         <size>0x531</size>
         <input_file_ref idref="fl-34"/>
      </object_component>
      <object_component id="oc-26e">
         <name>.debug_info</name>
         <load_address>0x1d565</load_address>
         <run_address>0x1d565</run_address>
         <size>0x32e</size>
         <input_file_ref idref="fl-36"/>
      </object_component>
      <object_component id="oc-268">
         <name>.debug_info</name>
         <load_address>0x1d893</load_address>
         <run_address>0x1d893</run_address>
         <size>0xdc</size>
         <input_file_ref idref="fl-36"/>
      </object_component>
      <object_component id="oc-26b">
         <name>.debug_info</name>
         <load_address>0x1d96f</load_address>
         <run_address>0x1d96f</run_address>
         <size>0xee</size>
         <input_file_ref idref="fl-36"/>
      </object_component>
      <object_component id="oc-189">
         <name>.debug_info</name>
         <load_address>0x1da5d</load_address>
         <run_address>0x1da5d</run_address>
         <size>0x26ee</size>
         <input_file_ref idref="fl-36"/>
      </object_component>
      <object_component id="oc-19d">
         <name>.debug_info</name>
         <load_address>0x2014b</load_address>
         <run_address>0x2014b</run_address>
         <size>0x3da</size>
         <input_file_ref idref="fl-37"/>
      </object_component>
      <object_component id="oc-18f">
         <name>.debug_info</name>
         <load_address>0x20525</load_address>
         <run_address>0x20525</run_address>
         <size>0xd1</size>
         <input_file_ref idref="fl-37"/>
      </object_component>
      <object_component id="oc-19a">
         <name>.debug_info</name>
         <load_address>0x205f6</load_address>
         <run_address>0x205f6</run_address>
         <size>0xcb</size>
         <input_file_ref idref="fl-37"/>
      </object_component>
      <object_component id="oc-192">
         <name>.debug_info</name>
         <load_address>0x206c1</load_address>
         <run_address>0x206c1</run_address>
         <size>0xd9</size>
         <input_file_ref idref="fl-37"/>
      </object_component>
      <object_component id="oc-18c">
         <name>.debug_info</name>
         <load_address>0x2079a</load_address>
         <run_address>0x2079a</run_address>
         <size>0xdd</size>
         <input_file_ref idref="fl-37"/>
      </object_component>
      <object_component id="oc-d7">
         <name>.debug_info</name>
         <load_address>0x20877</load_address>
         <run_address>0x20877</run_address>
         <size>0x7f2</size>
         <input_file_ref idref="fl-37"/>
      </object_component>
      <object_component id="oc-202">
         <name>.debug_info</name>
         <load_address>0x21069</load_address>
         <run_address>0x21069</run_address>
         <size>0x13a</size>
         <input_file_ref idref="fl-fd"/>
      </object_component>
      <object_component id="oc-206">
         <name>.debug_info</name>
         <load_address>0x211a3</load_address>
         <run_address>0x211a3</run_address>
         <size>0x12e</size>
         <input_file_ref idref="fl-fe"/>
      </object_component>
      <object_component id="oc-1fe">
         <name>.debug_info</name>
         <load_address>0x212d1</load_address>
         <run_address>0x212d1</run_address>
         <size>0x12c</size>
         <input_file_ref idref="fl-100"/>
      </object_component>
      <object_component id="oc-197">
         <name>.debug_info</name>
         <load_address>0x213fd</load_address>
         <run_address>0x213fd</run_address>
         <size>0x142</size>
         <input_file_ref idref="fl-101"/>
      </object_component>
      <object_component id="oc-8e">
         <name>.debug_info</name>
         <load_address>0x2153f</load_address>
         <run_address>0x2153f</run_address>
         <size>0x2d4</size>
         <input_file_ref idref="fl-102"/>
      </object_component>
      <object_component id="oc-51">
         <name>.debug_info</name>
         <load_address>0x21813</load_address>
         <run_address>0x21813</run_address>
         <size>0x1b5</size>
         <input_file_ref idref="fl-102"/>
      </object_component>
      <object_component id="oc-89">
         <name>.debug_info</name>
         <load_address>0x219c8</load_address>
         <run_address>0x219c8</run_address>
         <size>0x46</size>
         <input_file_ref idref="fl-102"/>
      </object_component>
      <object_component id="oc-c0">
         <name>.debug_info</name>
         <load_address>0x21a0e</load_address>
         <run_address>0x21a0e</run_address>
         <size>0x2c</size>
         <input_file_ref idref="fl-102"/>
      </object_component>
      <object_component id="oc-46">
         <name>.debug_info</name>
         <load_address>0x21a3a</load_address>
         <run_address>0x21a3a</run_address>
         <size>0x2a8</size>
         <input_file_ref idref="fl-103"/>
      </object_component>
      <object_component id="oc-1c">
         <name>.debug_info</name>
         <load_address>0x21ce2</load_address>
         <run_address>0x21ce2</run_address>
         <size>0x1ea</size>
         <input_file_ref idref="fl-103"/>
      </object_component>
      <object_component id="oc-41">
         <name>.debug_info</name>
         <load_address>0x21ecc</load_address>
         <run_address>0x21ecc</run_address>
         <size>0x46</size>
         <input_file_ref idref="fl-103"/>
      </object_component>
      <object_component id="oc-81">
         <name>.debug_info</name>
         <load_address>0x21f12</load_address>
         <run_address>0x21f12</run_address>
         <size>0x2c</size>
         <input_file_ref idref="fl-103"/>
      </object_component>
      <object_component id="oc-7f">
         <name>.debug_info</name>
         <load_address>0x21f3e</load_address>
         <run_address>0x21f3e</run_address>
         <size>0x29e</size>
         <input_file_ref idref="fl-104"/>
      </object_component>
      <object_component id="oc-17">
         <name>.debug_info</name>
         <load_address>0x221dc</load_address>
         <run_address>0x221dc</run_address>
         <size>0x250</size>
         <input_file_ref idref="fl-104"/>
      </object_component>
      <object_component id="oc-31">
         <name>.debug_info</name>
         <load_address>0x2242c</load_address>
         <run_address>0x2242c</run_address>
         <size>0x60</size>
         <input_file_ref idref="fl-104"/>
      </object_component>
      <object_component id="oc-b9">
         <name>.debug_info</name>
         <load_address>0x2248c</load_address>
         <run_address>0x2248c</run_address>
         <size>0x46</size>
         <input_file_ref idref="fl-104"/>
      </object_component>
      <object_component id="oc-7a">
         <name>.debug_info</name>
         <load_address>0x224d2</load_address>
         <run_address>0x224d2</run_address>
         <size>0x39</size>
         <input_file_ref idref="fl-104"/>
      </object_component>
      <object_component id="oc-2fc">
         <name>.debug_info</name>
         <load_address>0x2250b</load_address>
         <run_address>0x2250b</run_address>
         <size>0x2ba</size>
         <input_file_ref idref="fl-105"/>
      </object_component>
      <object_component id="oc-1c9">
         <name>.debug_info</name>
         <load_address>0x227c5</load_address>
         <run_address>0x227c5</run_address>
         <size>0xfb</size>
         <input_file_ref idref="fl-105"/>
      </object_component>
      <object_component id="oc-228">
         <name>.debug_info</name>
         <load_address>0x228c0</load_address>
         <run_address>0x228c0</run_address>
         <size>0x15d</size>
         <input_file_ref idref="fl-105"/>
      </object_component>
      <object_component id="oc-e3">
         <name>.debug_info</name>
         <load_address>0x22a1d</load_address>
         <run_address>0x22a1d</run_address>
         <size>0x13d</size>
         <input_file_ref idref="fl-105"/>
      </object_component>
      <object_component id="oc-25">
         <name>.debug_info</name>
         <load_address>0x22b5a</load_address>
         <run_address>0x22b5a</run_address>
         <size>0x10b</size>
         <input_file_ref idref="fl-106"/>
      </object_component>
      <object_component id="oc-5c">
         <name>.debug_info</name>
         <load_address>0x22c65</load_address>
         <run_address>0x22c65</run_address>
         <size>0x1a9</size>
         <input_file_ref idref="fl-106"/>
      </object_component>
      <object_component id="oc-2fa">
         <name>.debug_info</name>
         <load_address>0x22e0e</load_address>
         <run_address>0x22e0e</run_address>
         <size>0x2a4</size>
         <input_file_ref idref="fl-107"/>
      </object_component>
      <object_component id="oc-220">
         <name>.debug_info</name>
         <load_address>0x230b2</load_address>
         <run_address>0x230b2</run_address>
         <size>0x181</size>
         <input_file_ref idref="fl-107"/>
      </object_component>
      <object_component id="oc-375">
         <name>.debug_info</name>
         <load_address>0x23233</load_address>
         <run_address>0x23233</run_address>
         <size>0x39</size>
         <input_file_ref idref="fl-107"/>
      </object_component>
      <object_component id="oc-2f5">
         <name>.debug_info</name>
         <load_address>0x2326c</load_address>
         <run_address>0x2326c</run_address>
[...]
         <value>0x10c1</value>
         <object_component_ref idref="oc-e7"/>
      </symbol>
      <symbol id="sm-889">
         <name>SysCtlResetBehaviorSet</name>
         <value>0x895</value>
         <object_component_ref idref="oc-e7"/>
      </symbol>
      <symbol id="sm-88a">
         <name>SysCtlReset</name>
         <value>0x7e9</value>
         <object_component_ref idref="oc-e7"/>
      </symbol>
      <symbol id="sm-88b">
         <name>SysCtlGPIOAHBDisable</name>
         <value>0x1053</value>
         <object_component_ref idref="oc-e7"/>
      </symbol>
      <symbol id="sm-88c">
         <name>SysCtlSRAMSizeGet</name>
         <value>0x32d</value>
         <object_component_ref idref="oc-e7"/>
      </symbol>
      <symbol id="sm-88d">
         <name>SysCtlClockGet</name>
         <value>0xdbd</value>
         <object_component_ref idref="oc-e7"/>
      </symbol>
      <symbol id="sm-88e">
         <name>SysCtlPeripheralDisable</name>
         <value>0x555</value>
         <object_component_ref idref="oc-e7"/>
      </symbol>
      <symbol id="sm-88f">
         <name>SysCtlPWMClockSet</name>
         <value>0x1007</value>
         <object_component_ref idref="oc-e7"/>
      </symbol>
      <symbol id="sm-890">
         <name>SysCtlUSBPLLEnable</name>
         <value>0x106f</value>
         <object_component_ref idref="oc-e7"/>
      </symbol>
      <symbol id="sm-891">
         <name>SysCtlPeripheralSleepEnable</name>
         <value>0x59d</value>
         <object_component_ref idref="oc-e7"/>
      </symbol>
      <symbol id="sm-892">
         <name>SysCtlIntUnregister</name>
         <value>0x731</value>
         <object_component_ref idref="oc-e7"/>
      </symbol>
      <symbol id="sm-893">
         <name>SysCtlUSBPLLDisable</name>
         <value>0x107b</value>
         <object_component_ref idref="oc-e7"/>
      </symbol>
      <symbol id="sm-894">
         <name>SysCtlPeripheralReady</name>
         <value>0x3c9</value>
         <object_component_ref idref="oc-e7"/>
      </symbol>
      <symbol id="sm-895">
         <name>SysCtlPIOSCCalibrate</name>
         <value>0x845</value>
         <object_component_ref idref="oc-e7"/>
      </symbol>
      <symbol id="sm-896">
         <name>SysCtlResetCauseClear</name>
         <value>0x81b</value>
         <object_component_ref idref="oc-e7"/>
      </symbol>
      <symbol id="sm-897">
         <name>SysCtlLDOSleepGet</name>
         <value>0x7a9</value>
         <object_component_ref idref="oc-e7"/>
      </symbol>
      <symbol id="sm-898">
         <name>SysCtlClockFreqSet</name>
         <value>0x8f5</value>
         <object_component_ref idref="oc-e7"/>
      </symbol>
      <symbol id="sm-899">
         <name>SysCtlPeripheralReset</name>
         <value>0x489</value>
         <object_component_ref idref="oc-e7"/>
      </symbol>
      <symbol id="sm-8b3">
         <name>SysTickIntDisable</name>
         <value>0x61f1</value>
         <object_component_ref idref="oc-1a3"/>
      </symbol>
      <symbol id="sm-8b4">
         <name>SysTickEnable</name>
         <value>0x61a1</value>
         <object_component_ref idref="oc-1a3"/>
      </symbol>
      <symbol id="sm-8b5">
         <name>SysTickPeriodGet</name>
         <value>0x620f</value>
         <object_component_ref idref="oc-1a3"/>
      </symbol>
      <symbol id="sm-8b6">
         <name>SysTickIntRegister</name>
         <value>0x61b9</value>
         <object_component_ref idref="oc-1a3"/>
      </symbol>
      <symbol id="sm-8b7">
         <name>SysTickIntEnable</name>
         <value>0x61e5</value>
         <object_component_ref idref="oc-1a3"/>
      </symbol>
      <symbol id="sm-8b8">
         <name>SysTickValueGet</name>
         <value>0x6217</value>
         <object_component_ref idref="oc-1a3"/>
      </symbol>
      <symbol id="sm-8b9">
         <name>SysTickIntUnregister</name>
         <value>0x61d1</value>
         <object_component_ref idref="oc-1a3"/>
      </symbol>
      <symbol id="sm-8ba">
         <name>SysTickPeriodSet</name>
         <value>0x61fd</value>
         <object_component_ref idref="oc-1a3"/>
      </symbol>
      <symbol id="sm-8bb">
         <name>SysTickDisable</name>
         <value>0x61ad</value>
         <object_component_ref idref="oc-1a3"/>
      </symbol>
      <symbol id="sm-92f">
         <name>UARTClockSourceGet</name>
         <value>0x40f3</value>
         <object_component_ref idref="oc-185"/>
      </symbol>
      <symbol id="sm-930">
         <name>UARTCharPutNonBlocking</name>
         <value>0x3f65</value>
         <object_component_ref idref="oc-185"/>
      </symbol>
      <symbol id="sm-931">
         <name>UARTDMAEnable</name>
         <value>0x408d</value>
         <object_component_ref idref="oc-185"/>
      </symbol>
      <symbol id="sm-932">
         <name>UARTTxIntModeSet</name>
         <value>0x3ec9</value>
         <object_component_ref idref="oc-185"/>
      </symbol>
      <symbol id="sm-933">
         <name>UARTFIFODisable</name>
         <value>0x3d77</value>
         <object_component_ref idref="oc-185"/>
      </symbol>
      <symbol id="sm-934">
         <name>UARTIntUnregister</name>
         <value>0x400d</value>
         <object_component_ref idref="oc-185"/>
      </symbol>
      <symbol id="sm-935">
         <name>UARTRxErrorClear</name>
         <value>0x40cf</value>
         <object_component_ref idref="oc-185"/>
      </symbol>
      <symbol id="sm-936">
         <name>UARTModemControlSet</name>
         <value>0x3e19</value>
         <object_component_ref idref="oc-185"/>
      </symbol>
      <symbol id="sm-937">
         <name>UARTFlowControlSet</name>
         <value>0x3e9b</value>
         <object_component_ref idref="oc-185"/>
      </symbol>
      <symbol id="sm-938">
         <name>UARTConfigSetExpClk</name>
         <value>0x3c51</value>
         <object_component_ref idref="oc-185"/>
      </symbol>
      <symbol id="sm-939">
         <name>UARTSmartCardDisable</name>
         <value>0x3e03</value>
         <object_component_ref idref="oc-185"/>
      </symbol>
      <symbol id="sm-93a">
         <name>UARTDisable</name>
         <value>0x3d37</value>
         <object_component_ref idref="oc-185"/>
      </symbol>
      <symbol id="sm-93b">
         <name>UART9BitDisable</name>
         <value>0x4119</value>
         <object_component_ref idref="oc-185"/>
      </symbol>
      <symbol id="sm-93c">
         <name>UARTFIFOLevelGet</name>
         <value>0x3c29</value>
         <object_component_ref idref="oc-185"/>
      </symbol>
      <symbol id="sm-93d">
         <name>UARTBusy</name>
         <value>0x3fd1</value>
         <object_component_ref idref="oc-185"/>
      </symbol>
      <symbol id="sm-93e">
         <name>UARTDisableSIR</name>
         <value>0x3dbb</value>
         <object_component_ref idref="oc-185"/>
      </symbol>
      <symbol id="sm-93f">
         <name>UARTLoopbackEnable</name>
         <value>0x419d</value>
         <object_component_ref idref="oc-185"/>
      </symbol>
      <symbol id="sm-940">
         <name>UARTIntEnable</name>
         <value>0x402d</value>
         <object_component_ref idref="oc-185"/>
      </symbol>
      <symbol id="sm-941">
         <name>UARTCharsAvail</name>
         <value>0x3ef7</value>
         <object_component_ref idref="oc-185"/>
      </symbol>
      <symbol id="sm-942">
         <name>UARTCharGetNonBlocking</name>
         <value>0x3f33</value>
         <object_component_ref idref="oc-185"/>
      </symbol>
      <symbol id="sm-943">
         <name>UARTClockSourceSet</name>
         <value>0x40df</value>
         <object_component_ref idref="oc-185"/>
      </symbol>
      <symbol id="sm-944">
         <name>UARTTxIntModeGet</name>
         <value>0x3ee5</value>
         <object_component_ref idref="oc-185"/>
      </symbol>
      <symbol id="sm-945">
         <name>UARTModemStatusGet</name>
         <value>0x3e87</value>
         <object_component_ref idref="oc-185"/>
      </symbol>
      <symbol id="sm-946">
         <name>UARTIntDisable</name>
         <value>0x4045</value>
         <object_component_ref idref="oc-185"/>
      </symbol>
      <symbol id="sm-947">
         <name>UARTCharPut</name>
         <value>0x3f89</value>
         <object_component_ref idref="oc-185"/>
      </symbol>
      <symbol id="sm-948">
         <name>UARTParityModeSet</name>
         <value>0x3be3</value>
         <object_component_ref idref="oc-185"/>
      </symbol>
      <symbol id="sm-949">
         <name>UARTRxErrorGet</name>
         <value>0x40bd</value>
         <object_component_ref idref="oc-185"/>
      </symbol>
      <symbol id="sm-94a">
         <name>UARTConfigGetExpClk</name>
         <value>0x3cc7</value>
         <object_component_ref idref="oc-185"/>
      </symbol>
      <symbol id="sm-94b">
         <name>UARTEnableSIR</name>
         <value>0x3d8d</value>
         <object_component_ref idref="oc-185"/>
      </symbol>
      <symbol id="sm-94c">
         <name>UARTEnable</name>
         <value>0x3d13</value>
         <object_component_ref idref="oc-185"/>
      </symbol>
      <symbol id="sm-94d">
         <name>UART9BitAddrSend</name>
         <value>0x4155</value>
         <object_component_ref idref="oc-185"/>
      </symbol>
      <symbol id="sm-94e">
         <name>UARTModemControlGet</name>
         <value>0x3e75</value>
         <object_component_ref idref="oc-185"/>
      </symbol>
      <symbol id="sm-94f">
         <name>UARTSmartCardEnable</name>
         <value>0x3dd1</value>
         <object_component_ref idref="oc-185"/>
      </symbol>
      <symbol id="sm-950">
         <name>UARTFlowControlGet</name>
         <value>0x3eb7</value>
         <object_component_ref idref="oc-185"/>
      </symbol>
      <symbol id="sm-951">
         <name>UARTFIFOEnable</name>
         <value>0x3d61</value>
         <object_component_ref idref="oc-185"/>
      </symbol>
      <symbol id="sm-952">
         <name>UARTIntClear</name>
         <value>0x407b</value>
         <object_component_ref idref="oc-185"/>
      </symbol>
      <symbol id="sm-953">
         <name>UARTIntStatus</name>
         <value>0x405d</value>
         <object_component_ref idref="oc-185"/>
      </symbol>
      <symbol id="sm-954">
         <name>UARTDMADisable</name>
         <value>0x40a5</value>
         <object_component_ref idref="oc-185"/>
      </symbol>
      <symbol id="sm-955">
         <name>UART9BitEnable</name>
         <value>0x4103</value>
         <object_component_ref idref="oc-185"/>
      </symbol>
      <symbol id="sm-956">
         <name>UARTSpaceAvail</name>
         <value>0x3f15</value>
         <object_component_ref idref="oc-185"/>
      </symbol>
      <symbol id="sm-957">
         <name>UARTCharGet</name>
         <value>0x3f4f</value>
         <object_component_ref idref="oc-185"/>
      </symbol>
      <symbol id="sm-958">
         <name>UARTFIFOLevelSet</name>
         <value>0x3c11</value>
         <object_component_ref idref="oc-185"/>
      </symbol>
      <symbol id="sm-959">
         <name>UARTModemControlClear</name>
         <value>0x3e51</value>
         <object_component_ref idref="oc-185"/>
      </symbol>
      <symbol id="sm-95a">
         <name>UARTParityModeGet</name>
         <value>0x3bff</value>
         <object_component_ref idref="oc-185"/>
      </symbol>
      <symbol id="sm-95b">
         <name>UARTIntRegister</name>
         <value>0x3fef</value>
         <object_component_ref idref="oc-185"/>
      </symbol>
      <symbol id="sm-95c">
         <name>UARTBreakCtl</name>
         <value>0x3fa7</value>
         <object_component_ref idref="oc-185"/>
      </symbol>
      <symbol id="sm-95d">
         <name>UART9BitAddrSet</name>
         <value>0x412f</value>
         <object_component_ref idref="oc-185"/>
      </symbol>
      <symbol id="sm-9cd">
         <name>UARTgetc</name>
         <value>0x4305</value>
         <object_component_ref idref="oc-d5"/>
      </symbol>
      <symbol id="sm-9ce">
         <name>UARTgets</name>
         <value>0x424b</value>
         <object_component_ref idref="oc-d5"/>
      </symbol>
      <symbol id="sm-9cf">
         <name>UARTStdioConfig</name>
         <value>0x41b5</value>
         <object_component_ref idref="oc-d5"/>
      </symbol>
      <symbol id="sm-9d0">
         <name>UARTwrite</name>
         <value>0x41fb</value>
         <object_component_ref idref="oc-d5"/>
      </symbol>
      <symbol id="sm-9d1">
         <name>UARTprintf</name>
         <value>0x4627</value>
         <object_component_ref idref="oc-d5"/>
      </symbol>
      <symbol id="sm-9d2">
         <name>UARTvprintf</name>
         <value>0x432d</value>
         <object_component_ref idref="oc-d5"/>
      </symbol>
      <symbol id="sm-9e5">
         <name>__aeabi_dmul</name>
         <value>0x5e99</value>
         <object_component_ref idref="oc-200"/>
      </symbol>
      <symbol id="sm-9ef">
         <name>__aeabi_d2iz</name>
         <value>0x6455</value>
         <object_component_ref idref="oc-205"/>
      </symbol>
      <symbol id="sm-9fa">
         <name>__aeabi_i2d</name>
         <value>0x6635</value>
         <object_component_ref idref="oc-1fb"/>
      </symbol>
      <symbol id="sm-a09">
         <name>__aeabi_uidivmod</name>
         <value>0x64e1</value>
         <object_component_ref idref="oc-194"/>
      </symbol>
      <symbol id="sm-a0a">
         <name>__aeabi_uidiv</name>
         <value>0x64e1</value>
         <object_component_ref idref="oc-194"/>
      </symbol>
      <symbol id="sm-a21">
         <name>__TI_zero_init</name>
         <value>0x66b3</value>
         <object_component_ref idref="oc-4d"/>
      </symbol>
      <symbol id="sm-a38">
         <name>__TI_decompress_none</name>
         <value>0x66a5</value>
         <object_component_ref idref="oc-1b"/>
      </symbol>
      <symbol id="sm-a5b">
         <name>__TI_decompress_lzss</name>
         <value>0x62a3</value>
         <object_component_ref idref="oc-15"/>
      </symbol>
      <symbol id="sm-a80">
         <name>rand</name>
         <value>0x6601</value>
         <object_component_ref idref="oc-e1"/>
      </symbol>
      <symbol id="sm-a81">
         <name>srand</name>
         <value>0x6665</value>
         <object_component_ref idref="oc-224"/>
      </symbol>
      <symbol id="sm-a94">
         <name>__stack</name>
         <value>0x20006770</value>
         <object_component_ref idref="oc-24"/>
      </symbol>
      <symbol id="sm-a95">
         <name>_c_int00_noargs</name>
         <value>0x65cd</value>
         <object_component_ref idref="oc-59"/>
      </symbol>
      <symbol id="sm-aad">
         <name>__time32</name>
         <value>0x6697</value>
         <object_component_ref idref="oc-21e"/>
      </symbol>
      <symbol id="sm-aae">
         <name>time</name>
         <value>0x6697</value>
         <object_component_ref idref="oc-21e"/>
      </symbol>
      <symbol id="sm-ab9">
         <name>__aeabi_idiv0</name>
         <value>0x5207</value>
         <object_component_ref idref="oc-275"/>
      </symbol>
      <symbol id="sm-aba">
         <name>__aeabi_ldiv0</name>
         <value>0x5207</value>
         <object_component_ref idref="oc-275"/>
      </symbol>
      <symbol id="sm-ad5">
         <name>memcpy</name>
         <value>0x6105</value>
         <object_component_ref idref="oc-3b"/>
      </symbol>
      <symbol id="sm-ad6">
         <name>__aeabi_memcpy</name>
         <value>0x6105</value>
         <object_component_ref idref="oc-3b"/>
      </symbol>
      <symbol id="sm-ad7">
         <name>__aeabi_memcpy8</name>
         <value>0x6105</value>
         <object_component_ref idref="oc-3b"/>
      </symbol>
      <symbol id="sm-ad8">
         <name>__aeabi_memcpy4</name>
         <value>0x6105</value>
         <object_component_ref idref="oc-3b"/>
      </symbol>
      <symbol id="sm-ae7">
         <name>__aeabi_memset</name>
         <value>0x622b</value>
         <object_component_ref idref="oc-8f"/>
      </symbol>
      <symbol id="sm-ae8">
         <name>memset</name>
         <value>0x6231</value>
         <object_component_ref idref="oc-8f"/>
      </symbol>
      <symbol id="sm-ae9">
         <name>__aeabi_memset8</name>
         <value>0x622b</value>
         <object_component_ref idref="oc-8f"/>
      </symbol>
      <symbol id="sm-aea">
         <name>__aeabi_memset4</name>
         <value>0x622b</value>
         <object_component_ref idref="oc-8f"/>
      </symbol>
      <symbol id="sm-aeb">
         <name>__aeabi_memclr8</name>
         <value>0x6229</value>
         <object_component_ref idref="oc-8f"/>
      </symbol>
      <symbol id="sm-aec">
         <name>__aeabi_memclr4</name>
         <value>0x6229</value>
         <object_component_ref idref="oc-8f"/>
      </symbol>
      <symbol id="sm-aed">
         <name>__aeabi_memclr</name>
         <value>0x6229</value>
         <object_component_ref idref="oc-8f"/>
      </symbol>
      <symbol id="sm-b15">
         <name>__TI_auto_init_nobinit_nopinit</name>
         <value>0x649d</value>
         <object_component_ref idref="oc-132"/>
      </symbol>
      <symbol id="sm-b1f">
         <name>_system_pre_init</name>
         <value>0x66d1</value>
         <object_component_ref idref="oc-95"/>
      </symbol>
      <symbol id="sm-b2b">
         <name>C$$EXIT</name>
         <value>0x66d5</value>
         <object_component_ref idref="oc-126"/>
      </symbol>
      <symbol id="sm-b2c">
         <name>abort</name>
         <value>0x66d5</value>
         <object_component_ref idref="oc-126"/>
      </symbol>
      <symbol id="sm-b41">
         <name>_nop</name>
         <value>0x41b3</value>
         <object_component_ref idref="oc-2a4"/>
      </symbol>
      <symbol id="sm-b42">
         <name>_lock</name>
         <value>0x20006998</value>
         <object_component_ref idref="oc-1c5"/>
      </symbol>
      <symbol id="sm-b43">
         <name>_unlock</name>
         <value>0x2000699c</value>
         <object_component_ref idref="oc-1c5"/>
      </symbol>
      <symbol id="sm-b5c">
         <name>HOSTtime</name>
         <value>0x640d</value>
         <object_component_ref idref="oc-2ee"/>
      </symbol>
      <symbol id="sm-b80">
         <name>__TI_readmsg</name>
         <value>0x6599</value>
         <object_component_ref idref="oc-366"/>
      </symbol>
      <symbol id="sm-b81">
         <name>C$$IO$$</name>
         <value>0x658f</value>
         <object_component_ref idref="oc-360"/>
      </symbol>
      <symbol id="sm-b82">
         <name>__CIOBUF_</name>
         <value>0x200065cc</value>
         <object_component_ref idref="oc-396"/>
      </symbol>
      <symbol id="sm-b83">
         <name>__TI_writemsg</name>
         <value>0x6561</value>
         <object_component_ref idref="oc-360"/>
      </symbol>
      <symbol id="sm-b89">
         <name>parmbuf</name>
         <value>0x20006744</value>
      </symbol>
      <symbol id="sm-b8b">
         <name>__TI_static_base__</name>
         <value>0x0</value>
      </symbol>
      <symbol id="sm-b8e">
         <name>__mpu_init</name>
         <value>0x0</value>
      </symbol>
      <symbol id="sm-b8f">
         <name>_system_post_cinit</name>
         <value>0x0</value>
      </symbol>
   </symbol_table>
   <title>Link successful</title>
</link_info>
