<?xml version="1.0" encoding="ISO-8859-1" ?>
<link_info>
   <banner>TI ARM Linker PC v20.2.7.LTS</banner>
   <copyright>Copyright (c) 1996-2018 Texas Instruments Incorporated</copyright>
   <link_time>0x654bf85a</link_time>
   <link_errors>0x0</link_errors>
   <output_file>Lab4.out</output_file>
   <entry_point>
      <name>_c_int00_noargs</name>
      <address>0x7b21</address>
   </entry_point>
   <input_file_list>
      <input_file id="fl-2">
         <path>.\</path>
         <kind>object</kind>
         <file>main.obj</file>
         <name>main.obj</name>
      </input_file>
      <input_file id="fl-3">
         <path>.\</path>
         <kind>object</kind>
         <file>threads.obj</file>
         <name>threads.obj</name>
      </input_file>
      <input_file id="fl-4">
         <path>.\</path>
         <kind>object</kind>
         <file>tm4c123gh6pm_startup_ccs.obj</file>
         <name>tm4c123gh6pm_startup_ccs.obj</name>
      </input_file>
      <input_file id="fl-5">
         <path>.\G8RTOS\src\</path>
         <kind>object</kind>
         <file>G8RTOS_CriticalSection.obj</file>
         <name>G8RTOS_CriticalSection.obj</name>
      </input_file>
      <input_file id="fl-6">
         <path>.\G8RTOS\src\</path>
         <kind>object</kind>
         <file>G8RTOS_IPC.obj</file>
         <name>G8RTOS_IPC.obj</name>
      </input_file>
      <input_file id="fl-7">
         <path>.\G8RTOS\src\</path>
         <kind>object</kind>
         <file>G8RTOS_Scheduler.obj</file>
         <name>G8RTOS_Scheduler.obj</name>
      </input_file>
      <input_file id="fl-8">
         <path>.\G8RTOS\src\</path>
         <kind>object</kind>
         <file>G8RTOS_SchedulerASM.obj</file>
         <name>G8RTOS_SchedulerASM.obj</name>
      </input_file>
      <input_file id="fl-9">
         <path>.\G8RTOS\src\</path>
         <kind>object</kind>
         <file>G8RTOS_Semaphores.obj</file>
         <name>G8RTOS_Semaphores.obj</name>
      </input_file>
      <input_file id="fl-a">
         <path>.\MiscFunctions\LinAlg\src\</path>
         <kind>object</kind>
         <file>linalg.obj</file>
         <name>linalg.obj</name>
      </input_file>
      <input_file id="fl-b">
         <path>.\MiscFunctions\LinAlg\src\</path>
         <kind>object</kind>
         <file>quaternions.obj</file>
         <name>quaternions.obj</name>
      </input_file>
      <input_file id="fl-c">
         <path>.\MiscFunctions\LinAlg\src\</path>
         <kind>object</kind>
         <file>vect3d.obj</file>
         <name>vect3d.obj</name>
      </input_file>
      <input_file id="fl-d">
         <path>.\MiscFunctions\Shapes\src\</path>
         <kind>object</kind>
         <file>cube.obj</file>
         <name>cube.obj</name>
      </input_file>
      <input_file id="fl-e">
         <path>.\MultimodDrivers\src\</path>
         <kind>object</kind>
         <file>multimod_BMI160.obj</file>
         <name>multimod_BMI160.obj</name>
      </input_file>
      <input_file id="fl-f">
         <path>.\MultimodDrivers\src\</path>
         <kind>object</kind>
         <file>multimod_LaunchpadButtons.obj</file>
         <name>multimod_LaunchpadButtons.obj</name>
      </input_file>
      <input_file id="fl-10">
         <path>.\MultimodDrivers\src\</path>
         <kind>object</kind>
         <file>multimod_LaunchpadLED.obj</file>
         <name>multimod_LaunchpadLED.obj</name>
      </input_file>
      <input_file id="fl-11">
         <path>.\MultimodDrivers\src\</path>
         <kind>object</kind>
         <file>multimod_OPT3001.obj</file>
         <name>multimod_OPT3001.obj</name>
      </input_file>
      <input_file id="fl-12">
         <path>.\MultimodDrivers\src\</path>
         <kind>object</kind>
         <file>multimod_PCA9956b.obj</file>
         <name>multimod_PCA9956b.obj</name>
      </input_file>
      <input_file id="fl-13">
         <path>.\MultimodDrivers\src\</path>
         <kind>object</kind>
         <file>multimod_ST7789.obj</file>
         <name>multimod_ST7789.obj</name>
      </input_file>
      <input_file id="fl-14">
         <path>.\MultimodDrivers\src\</path>
         <kind>object</kind>
         <file>multimod_buttons.obj</file>
         <name>multimod_buttons.obj</name>
      </input_file>
      <input_file id="fl-15">
         <path>.\MultimodDrivers\src\</path>
         <kind>object</kind>
         <file>multimod_i2c.obj</file>
         <name>multimod_i2c.obj</name>
      </input_file>
      <input_file id="fl-16">
         <path>.\MultimodDrivers\src\</path>
         <kind>object</kind>
         <file>multimod_joystick.obj</file>
         <name>multimod_joystick.obj</name>
      </input_file>
      <input_file id="fl-17">
         <path>.\MultimodDrivers\src\</path>
         <kind>object</kind>
         <file>multimod_spi.obj</file>
         <name>multimod_spi.obj</name>
      </input_file>
      <input_file id="fl-18">
         <path>.\MultimodDrivers\src\</path>
         <kind>object</kind>
         <file>multimod_uart.obj</file>
         <name>multimod_uart.obj</name>
      </input_file>
      <input_file id="fl-19">
         <path>.\driverlib\</path>
         <kind>object</kind>
         <file>adc.obj</file>
         <name>adc.obj</name>
      </input_file>
      <input_file id="fl-1a">
         <path>.\driverlib\</path>
         <kind>object</kind>
         <file>aes.obj</file>
         <name>aes.obj</name>
      </input_file>
      <input_file id="fl-1b">
         <path>.\driverlib\</path>
         <kind>object</kind>
         <file>can.obj</file>
         <name>can.obj</name>
      </input_file>
      <input_file id="fl-1c">
         <path>.\driverlib\</path>
         <kind>object</kind>
         <file>comp.obj</file>
         <name>comp.obj</name>
      </input_file>
      <input_file id="fl-1d">
         <path>.\driverlib\</path>
         <kind>object</kind>
         <file>cpu.obj</file>
         <name>cpu.obj</name>
      </input_file>
      <input_file id="fl-1e">
         <path>.\driverlib\</path>
         <kind>object</kind>
         <file>crc.obj</file>
         <name>crc.obj</name>
      </input_file>
      <input_file id="fl-1f">
         <path>.\driverlib\</path>
         <kind>object</kind>
         <file>des.obj</file>
         <name>des.obj</name>
      </input_file>
      <input_file id="fl-20">
         <path>.\driverlib\</path>
         <kind>object</kind>
         <file>eeprom.obj</file>
         <name>eeprom.obj</name>
      </input_file>
      <input_file id="fl-21">
         <path>.\driverlib\</path>
         <kind>object</kind>
         <file>emac.obj</file>
         <name>emac.obj</name>
      </input_file>
      <input_file id="fl-22">
         <path>.\driverlib\</path>
         <kind>object</kind>
         <file>epi.obj</file>
         <name>epi.obj</name>
      </input_file>
      <input_file id="fl-23">
         <path>.\driverlib\</path>
         <kind>object</kind>
         <file>epi_workaround_ccs.obj</file>
         <name>epi_workaround_ccs.obj</name>
      </input_file>
      <input_file id="fl-24">
         <path>.\driverlib\</path>
         <kind>object</kind>
         <file>flash.obj</file>
         <name>flash.obj</name>
      </input_file>
      <input_file id="fl-25">
         <path>.\driverlib\</path>
         <kind>object</kind>
         <file>fpu.obj</file>
         <name>fpu.obj</name>
      </input_file>
      <input_file id="fl-26">
         <path>.\driverlib\</path>
         <kind>object</kind>
         <file>gpio.obj</file>
         <name>gpio.obj</name>
      </input_file>
      <input_file id="fl-27">
         <path>.\driverlib\</path>
         <kind>object</kind>
         <file>hibernate.obj</file>
         <name>hibernate.obj</name>
      </input_file>
      <input_file id="fl-28">
         <path>.\driverlib\</path>
         <kind>object</kind>
         <file>i2c.obj</file>
         <name>i2c.obj</name>
      </input_file>
      <input_file id="fl-29">
         <path>.\driverlib\</path>
         <kind>object</kind>
         <file>interrupt.obj</file>
         <name>interrupt.obj</name>
      </input_file>
      <input_file id="fl-2a">
         <path>.\driverlib\</path>
         <kind>object</kind>
         <file>lcd.obj</file>
         <name>lcd.obj</name>
      </input_file>
      <input_file id="fl-2b">
         <path>.\driverlib\</path>
         <kind>object</kind>
         <file>mpu.obj</file>
         <name>mpu.obj</name>
      </input_file>
      <input_file id="fl-2c">
         <path>.\driverlib\</path>
         <kind>object</kind>
         <file>onewire.obj</file>
         <name>onewire.obj</name>
      </input_file>
      <input_file id="fl-2d">
         <path>.\driverlib\</path>
         <kind>object</kind>
         <file>pwm.obj</file>
         <name>pwm.obj</name>
      </input_file>
      <input_file id="fl-2e">
         <path>.\driverlib\</path>
         <kind>object</kind>
         <file>qei.obj</file>
         <name>qei.obj</name>
      </input_file>
      <input_file id="fl-2f">
         <path>.\driverlib\</path>
         <kind>object</kind>
         <file>shamd5.obj</file>
         <name>shamd5.obj</name>
      </input_file>
      <input_file id="fl-30">
         <path>.\driverlib\</path>
         <kind>object</kind>
         <file>ssi.obj</file>
         <name>ssi.obj</name>
      </input_file>
      <input_file id="fl-31">
         <path>.\driverlib\</path>
         <kind>object</kind>
         <file>sw_crc.obj</file>
         <name>sw_crc.obj</name>
      </input_file>
      <input_file id="fl-32">
         <path>.\driverlib\</path>
         <kind>object</kind>
         <file>sysctl.obj</file>
         <name>sysctl.obj</name>
      </input_file>
      <input_file id="fl-33">
         <path>.\driverlib\</path>
         <kind>object</kind>
         <file>sysexc.obj</file>
         <name>sysexc.obj</name>
      </input_file>
      <input_file id="fl-34">
         <path>.\driverlib\</path>
         <kind>object</kind>
         <file>systick.obj</file>
         <name>systick.obj</name>
      </input_file>
      <input_file id="fl-35">
         <path>.\driverlib\</path>
         <kind>object</kind>
         <file>timer.obj</file>
         <name>timer.obj</name>
      </input_file>
      <input_file id="fl-36">
         <path>.\driverlib\</path>
         <kind>object</kind>
         <file>uart.obj</file>
         <name>uart.obj</name>
      </input_file>
      <input_file id="fl-37">
         <path>.\driverlib\</path>
         <kind>object</kind>
         <file>uartstdio.obj</file>
         <name>uartstdio.obj</name>
      </input_file>
      <input_file id="fl-38">
         <path>.\driverlib\</path>
         <kind>object</kind>
         <file>udma.obj</file>
         <name>udma.obj</name>
      </input_file>
      <input_file id="fl-39">
         <path>.\driverlib\</path>
         <kind>object</kind>
         <file>usb.obj</file>
         <name>usb.obj</name>
      </input_file>
      <input_file id="fl-3a">
         <path>.\driverlib\</path>
         <kind>object</kind>
         <file>watchdog.obj</file>
         <name>watchdog.obj</name>
      </input_file>
      <input_file id="fl-42">
         <kind>object</kind>
         <file>&lt;internal&gt;</file>
         <name>&lt;internal&gt;</name>
      </input_file>
      <input_file id="fl-f8">
         <path>I:\ti\ccs1240\ccs\tools\compiler\ti-cgt-arm_20.2.7.LTS\lib\</path>
         <kind>archive</kind>
         <file>rtsv7M4_T_le_eabi.lib</file>
         <name>e_powf.c.obj</name>
      </input_file>
      <input_file id="fl-f9">
         <path>I:\ti\ccs1240\ccs\tools\compiler\ti-cgt-arm_20.2.7.LTS\lib\</path>
         <kind>archive</kind>
         <file>rtsv7M4_T_le_eabi.lib</file>
         <name>e_sqrtf.c.obj</name>
      </input_file>
      <input_file id="fl-fa">
         <path>I:\ti\ccs1240\ccs\tools\compiler\ti-cgt-arm_20.2.7.LTS\lib\</path>
         <kind>archive</kind>
         <file>rtsv7M4_T_le_eabi.lib</file>
         <name>s_scalbnf.c.obj</name>
      </input_file>
      <input_file id="fl-fb">
         <path>I:\ti\ccs1240\ccs\tools\compiler\ti-cgt-arm_20.2.7.LTS\lib\</path>
         <kind>archive</kind>
         <file>rtsv7M4_T_le_eabi.lib</file>
         <name>s_copysignf.c.obj</name>
      </input_file>
      <input_file id="fl-fc">
         <path>I:\ti\ccs1240\ccs\tools\compiler\ti-cgt-arm_20.2.7.LTS\lib\</path>
         <kind>archive</kind>
         <file>rtsv7M4_T_le_eabi.lib</file>
         <name>fd_cmp_t2.asm.obj</name>
      </input_file>
      <input_file id="fl-fd">
         <path>I:\ti\ccs1240\ccs\tools\compiler\ti-cgt-arm_20.2.7.LTS\lib\</path>
         <kind>archive</kind>
         <file>rtsv7M4_T_le_eabi.lib</file>
         <name>fd_mul_t2.asm.obj</name>
      </input_file>
      <input_file id="fl-fe">
         <path>I:\ti\ccs1240\ccs\tools\compiler\ti-cgt-arm_20.2.7.LTS\lib\</path>
         <kind>archive</kind>
         <file>rtsv7M4_T_le_eabi.lib</file>
         <name>fd_toi_t2.asm.obj</name>
      </input_file>
      <input_file id="fl-ff">
         <path>I:\ti\ccs1240\ccs\tools\compiler\ti-cgt-arm_20.2.7.LTS\lib\</path>
         <kind>archive</kind>
         <file>rtsv7M4_T_le_eabi.lib</file>
         <name>fs_add_t2.asm.obj</name>
      </input_file>
      <input_file id="fl-100">
         <path>I:\ti\ccs1240\ccs\tools\compiler\ti-cgt-arm_20.2.7.LTS\lib\</path>
         <kind>archive</kind>
         <file>rtsv7M4_T_le_eabi.lib</file>
         <name>fs_cmp_t2.asm.obj</name>
      </input_file>
      <input_file id="fl-101">
         <path>I:\ti\ccs1240\ccs\tools\compiler\ti-cgt-arm_20.2.7.LTS\lib\</path>
         <kind>archive</kind>
         <file>rtsv7M4_T_le_eabi.lib</file>
         <name>fs_div_t2.asm.obj</name>
      </input_file>
      <input_file id="fl-102">
         <path>I:\ti\ccs1240\ccs\tools\compiler\ti-cgt-arm_20.2.7.LTS\lib\</path>
         <kind>archive</kind>
         <file>rtsv7M4_T_le_eabi.lib</file>
         <name>fs_mul_t2.asm.obj</name>
      </input_file>
      <input_file id="fl-103">
         <path>I:\ti\ccs1240\ccs\tools\compiler\ti-cgt-arm_20.2.7.LTS\lib\</path>
         <kind>archive</kind>
         <file>rtsv7M4_T_le_eabi.lib</file>
         <name>fs_tod_t2.asm.obj</name>
      </input_file>
      <input_file id="fl-104">
         <path>I:\ti\ccs1240\ccs\tools\compiler\ti-cgt-arm_20.2.7.LTS\lib\</path>
         <kind>archive</kind>
         <file>rtsv7M4_T_le_eabi.lib</file>
         <name>fs_toi_t2.asm.obj</name>
      </input_file>
      <input_file id="fl-105">
         <path>I:\ti\ccs1240\ccs\tools\compiler\ti-cgt-arm_20.2.7.LTS\lib\</path>
         <kind>archive</kind>
         <file>rtsv7M4_T_le_eabi.lib</file>
         <name>fs_tou_t2.asm.obj</name>
      </input_file>
      <input_file id="fl-106">
         <path>I:\ti\ccs1240\ccs\tools\compiler\ti-cgt-arm_20.2.7.LTS\lib\</path>
         <kind>archive</kind>
         <file>rtsv7M4_T_le_eabi.lib</file>
         <name>i_tofd_t2.asm.obj</name>
      </input_file>
      <input_file id="fl-107">
         <path>I:\ti\ccs1240\ccs\tools\compiler\ti-cgt-arm_20.2.7.LTS\lib\</path>
         <kind>archive</kind>
         <file>rtsv7M4_T_le_eabi.lib</file>
         <name>i_tofs_t2.asm.obj</name>
      </input_file>
      <input_file id="fl-108">
         <path>I:\ti\ccs1240\ccs\tools\compiler\ti-cgt-arm_20.2.7.LTS\lib\</path>
         <kind>archive</kind>
         <file>rtsv7M4_T_le_eabi.lib</file>
         <name>u_tofs_t2.asm.obj</name>
      </input_file>
      <input_file id="fl-109">
         <path>I:\ti\ccs1240\ccs\tools\compiler\ti-cgt-arm_20.2.7.LTS\lib\</path>
         <kind>archive</kind>
         <file>rtsv7M4_T_le_eabi.lib</file>
         <name>u_divt2.asm.obj</name>
      </input_file>
      <input_file id="fl-10a">
         <path>I:\ti\ccs1240\ccs\tools\compiler\ti-cgt-arm_20.2.7.LTS\lib\</path>
         <kind>archive</kind>
         <file>rtsv7M4_T_le_eabi.lib</file>
         <name>copy_zero_init.c.obj</name>
      </input_file>
      <input_file id="fl-10b">
         <path>I:\ti\ccs1240\ccs\tools\compiler\ti-cgt-arm_20.2.7.LTS\lib\</path>
         <kind>archive</kind>
         <file>rtsv7M4_T_le_eabi.lib</file>
         <name>copy_decompress_none.c.obj</name>
      </input_file>
      <input_file id="fl-10c">
         <path>I:\ti\ccs1240\ccs\tools\compiler\ti-cgt-arm_20.2.7.LTS\lib\</path>
         <kind>archive</kind>
         <file>rtsv7M4_T_le_eabi.lib</file>
         <name>copy_decompress_lzss.c.obj</name>
      </input_file>
      <input_file id="fl-10d">
         <path>I:\ti\ccs1240\ccs\tools\compiler\ti-cgt-arm_20.2.7.LTS\lib\</path>
         <kind>archive</kind>
         <file>rtsv7M4_T_le_eabi.lib</file>
         <name>rand.c.obj</name>
      </input_file>
      <input_file id="fl-10e">
         <path>I:\ti\ccs1240\ccs\tools\compiler\ti-cgt-arm_20.2.7.LTS\lib\</path>
         <kind>archive</kind>
         <file>rtsv7M4_T_le_eabi.lib</file>
         <name>strcpy.c.obj</name>
      </input_file>
      <input_file id="fl-10f">
         <path>I:\ti\ccs1240\ccs\tools\compiler\ti-cgt-arm_20.2.7.LTS\lib\</path>
         <kind>archive</kind>
         <file>rtsv7M4_T_le_eabi.lib</file>
         <name>boot_cortex_m.c.obj</name>
      </input_file>
      <input_file id="fl-110">
         <path>I:\ti\ccs1240\ccs\tools\compiler\ti-cgt-arm_20.2.7.LTS\lib\</path>
         <kind>archive</kind>
         <file>rtsv7M4_T_le_eabi.lib</file>
         <name>time.c.obj</name>
      </input_file>
      <input_file id="fl-111">
         <path>I:\ti\ccs1240\ccs\tools\compiler\ti-cgt-arm_20.2.7.LTS\lib\</path>
         <kind>archive</kind>
         <file>rtsv7M4_T_le_eabi.lib</file>
         <name>errno.c.obj</name>
      </input_file>
      <input_file id="fl-112">
         <path>I:\ti\ccs1240\ccs\tools\compiler\ti-cgt-arm_20.2.7.LTS\lib\</path>
         <kind>archive</kind>
         <file>rtsv7M4_T_le_eabi.lib</file>
         <name>div0.asm.obj</name>
      </input_file>
      <input_file id="fl-113">
         <path>I:\ti\ccs1240\ccs\tools\compiler\ti-cgt-arm_20.2.7.LTS\lib\</path>
         <kind>archive</kind>
         <file>rtsv7M4_T_le_eabi.lib</file>
         <name>memcpy_t2.asm.obj</name>
      </input_file>
      <input_file id="fl-114">
         <path>I:\ti\ccs1240\ccs\tools\compiler\ti-cgt-arm_20.2.7.LTS\lib\</path>
         <kind>archive</kind>
         <file>rtsv7M4_T_le_eabi.lib</file>
         <name>memset_t2.asm.obj</name>
      </input_file>
      <input_file id="fl-115">
         <path>I:\ti\ccs1240\ccs\tools\compiler\ti-cgt-arm_20.2.7.LTS\lib\</path>
         <kind>archive</kind>
         <file>rtsv7M4_T_le_eabi.lib</file>
         <name>autoinit.c.obj</name>
      </input_file>
      <input_file id="fl-116">
         <path>I:\ti\ccs1240\ccs\tools\compiler\ti-cgt-arm_20.2.7.LTS\lib\</path>
         <kind>archive</kind>
         <file>rtsv7M4_T_le_eabi.lib</file>
         <name>pre_init.c.obj</name>
      </input_file>
      <input_file id="fl-117">
         <path>I:\ti\ccs1240\ccs\tools\compiler\ti-cgt-arm_20.2.7.LTS\lib\</path>
         <kind>archive</kind>
         <file>rtsv7M4_T_le_eabi.lib</file>
         <name>cpy_tbl.c.obj</name>
      </input_file>
      <input_file id="fl-118">
         <path>I:\ti\ccs1240\ccs\tools\compiler\ti-cgt-arm_20.2.7.LTS\lib\</path>
         <kind>archive</kind>
         <file>rtsv7M4_T_le_eabi.lib</file>
         <name>exit.c.obj</name>
      </input_file>
      <input_file id="fl-119">
         <path>I:\ti\ccs1240\ccs\tools\compiler\ti-cgt-arm_20.2.7.LTS\lib\</path>
         <kind>archive</kind>
         <file>rtsv7M4_T_le_eabi.lib</file>
         <name>_lock.c.obj</name>
      </input_file>
      <input_file id="fl-11a">
         <path>I:\ti\ccs1240\ccs\tools\compiler\ti-cgt-arm_20.2.7.LTS\lib\</path>
         <kind>archive</kind>
         <file>rtsv7M4_T_le_eabi.lib</file>
         <name>args_main.c.obj</name>
      </input_file>
      <input_file id="fl-11b">
         <path>I:\ti\ccs1240\ccs\tools\compiler\ti-cgt-arm_20.2.7.LTS\lib\</path>
         <kind>archive</kind>
         <file>rtsv7M4_T_le_eabi.lib</file>
         <name>hosttime.c.obj</name>
      </input_file>
      <input_file id="fl-11c">
         <path>I:\ti\ccs1240\ccs\tools\compiler\ti-cgt-arm_20.2.7.LTS\lib\</path>
         <kind>archive</kind>
         <file>rtsv7M4_T_le_eabi.lib</file>
         <name>trgmsg.c.obj</name>
      </input_file>
      <input_file id="fl-11d">
         <path>I:\ti\ccs1240\ccs\tools\compiler\ti-cgt-arm_20.2.7.LTS\lib\</path>
         <kind>archive</kind>
         <file>rtsv7M4_T_le_eabi.lib</file>
         <name>hostopen.c.obj</name>
      </input_file>
      <input_file id="fl-11e">
         <path>I:\ti\ccs1240\ccs\tools\compiler\ti-cgt-arm_20.2.7.LTS\lib\</path>
         <kind>archive</kind>
         <file>rtsv7M4_T_le_eabi.lib</file>
         <name>strlen.c.obj</name>
      </input_file>
   </input_file_list>
   <object_component_list>
      <object_component id="oc-12">
         <name>.intvecs</name>
         <load_address>0x0</load_address>
         <run_address>0x0</run_address>
         <size>0x26c</size>
         <input_file_ref idref="fl-4"/>
      </object_component>
      <object_component id="oc-e7">
         <name>.text</name>
         <load_address>0x26c</load_address>
         <run_address>0x26c</run_address>
         <size>0xfa0</size>
         <input_file_ref idref="fl-32"/>
      </object_component>
      <object_component id="oc-1ec">
         <name>.text</name>
         <load_address>0x120c</load_address>
         <run_address>0x120c</run_address>
         <size>0xc18</size>
         <input_file_ref idref="fl-26"/>
      </object_component>
      <object_component id="oc-21c">
         <name>.text</name>
         <load_address>0x1e24</load_address>
         <run_address>0x1e24</run_address>
         <size>0x83c</size>
         <input_file_ref idref="fl-19"/>
      </object_component>
      <object_component id="oc-db">
         <name>.text</name>
         <load_address>0x2660</load_address>
         <run_address>0x2660</run_address>
         <size>0x750</size>
         <input_file_ref idref="fl-7"/>
      </object_component>
      <object_component id="oc-314">
         <name>.text</name>
         <load_address>0x2db0</load_address>
         <run_address>0x2db0</run_address>
         <size>0x6fc</size>
         <input_file_ref idref="fl-28"/>
      </object_component>
      <object_component id="oc-ed">
         <name>.text</name>
         <load_address>0x34ac</load_address>
         <run_address>0x34ac</run_address>
         <size>0x6d4</size>
         <input_file_ref idref="fl-13"/>
      </object_component>
      <object_component id="oc-3eb">
         <name>.text:powf</name>
         <load_address>0x3b80</load_address>
         <run_address>0x3b80</run_address>
         <size>0x6bc</size>
         <input_file_ref idref="fl-f8"/>
      </object_component>
      <object_component id="oc-118">
         <name>.text</name>
         <load_address>0x423c</load_address>
         <run_address>0x423c</run_address>
         <size>0x650</size>
         <input_file_ref idref="fl-3"/>
      </object_component>
      <object_component id="oc-18b">
         <name>.text</name>
         <load_address>0x488c</load_address>
         <run_address>0x488c</run_address>
         <size>0x62e</size>
         <input_file_ref idref="fl-36"/>
      </object_component>
      <object_component id="oc-2e6">
         <name>.text:_nop</name>
         <load_address>0x4eba</load_address>
         <run_address>0x4eba</run_address>
         <size>0x2</size>
         <input_file_ref idref="fl-119"/>
      </object_component>
      <object_component id="oc-d5">
         <name>.text</name>
         <load_address>0x4ebc</load_address>
         <run_address>0x4ebc</run_address>
         <size>0x4a8</size>
         <input_file_ref idref="fl-37"/>
      </object_component>
      <object_component id="oc-17e">
         <name>.text</name>
         <load_address>0x5364</load_address>
         <run_address>0x5364</run_address>
         <size>0x3c0</size>
         <input_file_ref idref="fl-29"/>
      </object_component>
      <object_component id="oc-30c">
         <name>.text</name>
         <load_address>0x5724</load_address>
         <run_address>0x5724</run_address>
         <size>0x362</size>
         <input_file_ref idref="fl-30"/>
      </object_component>
      <object_component id="oc-2cc">
         <name>.text</name>
         <load_address>0x5a86</load_address>
         <run_address>0x5a86</run_address>
         <size>0x2</size>
         <input_file_ref idref="fl-112"/>
      </object_component>
      <object_component id="oc-346">
         <name>.text</name>
         <load_address>0x5a88</load_address>
         <run_address>0x5a88</run_address>
         <size>0x300</size>
         <input_file_ref idref="fl-b"/>
      </object_component>
      <object_component id="oc-f3">
         <name>.text</name>
         <load_address>0x5d88</load_address>
         <run_address>0x5d88</run_address>
         <size>0x2e4</size>
         <input_file_ref idref="fl-e"/>
      </object_component>
      <object_component id="oc-9b">
         <name>.text</name>
         <load_address>0x606c</load_address>
         <run_address>0x606c</run_address>
         <size>0x254</size>
         <input_file_ref idref="fl-2"/>
      </object_component>
      <object_component id="oc-248">
         <name>.text</name>
         <load_address>0x62c0</load_address>
         <run_address>0x62c0</run_address>
         <size>0x244</size>
         <input_file_ref idref="fl-a"/>
      </object_component>
      <object_component id="oc-1f9">
         <name>.text</name>
         <load_address>0x6504</load_address>
         <run_address>0x6504</run_address>
         <size>0x1f8</size>
         <input_file_ref idref="fl-15"/>
      </object_component>
      <object_component id="oc-242">
         <name>.text</name>
         <load_address>0x66fc</load_address>
         <run_address>0x66fc</run_address>
         <size>0x1d4</size>
         <input_file_ref idref="fl-d"/>
      </object_component>
      <object_component id="oc-c9">
         <name>.text</name>
         <load_address>0x68d0</load_address>
         <run_address>0x68d0</run_address>
         <size>0x1bc</size>
         <input_file_ref idref="fl-6"/>
      </object_component>
      <object_component id="oc-1f2">
         <name>.text</name>
         <load_address>0x6a8c</load_address>
         <run_address>0x6a8c</run_address>
         <size>0x18c</size>
         <input_file_ref idref="fl-17"/>
      </object_component>
      <object_component id="oc-f9">
         <name>.text</name>
         <load_address>0x6c18</load_address>
         <run_address>0x6c18</run_address>
         <size>0x138</size>
         <input_file_ref idref="fl-11"/>
      </object_component>
      <object_component id="oc-111">
         <name>.text</name>
         <load_address>0x6d50</load_address>
         <run_address>0x6d50</run_address>
         <size>0x118</size>
         <input_file_ref idref="fl-16"/>
      </object_component>
      <object_component id="oc-206">
         <name>.text</name>
         <load_address>0x6e68</load_address>
         <run_address>0x6e68</run_address>
         <size>0xfc</size>
         <input_file_ref idref="fl-fd"/>
      </object_component>
      <object_component id="oc-23a">
         <name>.text</name>
         <load_address>0x6f64</load_address>
         <run_address>0x6f64</run_address>
         <size>0xfa</size>
         <input_file_ref idref="fl-ff"/>
      </object_component>
      <object_component id="oc-ff">
         <name>.text</name>
         <load_address>0x7060</load_address>
         <run_address>0x7060</run_address>
         <size>0xc0</size>
         <input_file_ref idref="fl-12"/>
      </object_component>
      <object_component id="oc-cf">
         <name>.text</name>
         <load_address>0x7120</load_address>
         <run_address>0x7120</run_address>
         <size>0xb4</size>
         <input_file_ref idref="fl-9"/>
      </object_component>
      <object_component id="oc-42e">
         <name>.text:scalbnf</name>
         <load_address>0x71d4</load_address>
         <run_address>0x71d4</run_address>
         <size>0xac</size>
         <input_file_ref idref="fl-fa"/>
      </object_component>
      <object_component id="oc-3b">
         <name>.text</name>
         <load_address>0x7280</load_address>
         <run_address>0x7280</run_address>
         <size>0x9c</size>
         <input_file_ref idref="fl-113"/>
      </object_component>
      <object_component id="oc-3f1">
         <name>.text:sqrtf</name>
         <load_address>0x731c</load_address>
         <run_address>0x731c</run_address>
         <size>0x98</size>
         <input_file_ref idref="fl-f9"/>
      </object_component>
      <object_component id="oc-235">
         <name>.text</name>
         <load_address>0x73b4</load_address>
         <run_address>0x73b4</run_address>
         <size>0x92</size>
         <input_file_ref idref="fl-101"/>
      </object_component>
      <object_component id="oc-1a9">
         <name>.text</name>
         <load_address>0x7448</load_address>
         <run_address>0x7448</run_address>
         <size>0x88</size>
         <input_file_ref idref="fl-34"/>
      </object_component>
      <object_component id="oc-3e6">
         <name>.text:__aeabi_cdcmple</name>
         <load_address>0x74d0</load_address>
         <run_address>0x74d0</run_address>
         <size>0x86</size>
         <input_file_ref idref="fl-fc"/>
      </object_component>
      <object_component id="oc-34c">
         <name>.text</name>
         <load_address>0x7556</load_address>
         <run_address>0x7556</run_address>
         <size>0x7a</size>
         <input_file_ref idref="fl-102"/>
      </object_component>
      <object_component id="oc-8f">
         <name>.text</name>
         <load_address>0x75d0</load_address>
         <run_address>0x75d0</run_address>
         <size>0x7a</size>
         <input_file_ref idref="fl-114"/>
      </object_component>
      <object_component id="oc-15">
         <name>.text:decompress:lzss:__TI_decompress_lzss</name>
         <load_address>0x764a</load_address>
         <run_address>0x764a</run_address>
         <size>0x68</size>
         <input_file_ref idref="fl-10c"/>
      </object_component>
      <object_component id="oc-256">
         <name>.text:__aeabi_cfcmple</name>
         <load_address>0x76b2</load_address>
         <run_address>0x76b2</run_address>
         <size>0x60</size>
         <input_file_ref idref="fl-100"/>
      </object_component>
      <object_component id="oc-351">
         <name>.text:__aeabi_cfrcmple</name>
         <load_address>0x7712</load_address>
         <run_address>0x7712</run_address>
         <size>0x60</size>
         <input_file_ref idref="fl-100"/>
      </object_component>
      <object_component id="oc-105">
         <name>.text</name>
         <load_address>0x7774</load_address>
         <run_address>0x7774</run_address>
         <size>0x58</size>
         <input_file_ref idref="fl-18"/>
      </object_component>
      <object_component id="oc-10b">
         <name>.text</name>
         <load_address>0x77cc</load_address>
         <run_address>0x77cc</run_address>
         <size>0x4c</size>
         <input_file_ref idref="fl-14"/>
      </object_component>
      <object_component id="oc-330">
         <name>.text:HOSTtime</name>
         <load_address>0x7818</load_address>
         <run_address>0x7818</run_address>
         <size>0x48</size>
         <input_file_ref idref="fl-11b"/>
      </object_component>
      <object_component id="oc-20b">
         <name>.text</name>
         <load_address>0x7860</load_address>
         <run_address>0x7860</run_address>
         <size>0x48</size>
         <input_file_ref idref="fl-fe"/>
      </object_component>
      <object_component id="oc-132">
         <name>.text:__TI_auto_init_nobinit_nopinit:__TI_auto_init_nobinit_nopinit</name>
         <load_address>0x78a8</load_address>
         <run_address>0x78a8</run_address>
         <size>0x44</size>
         <input_file_ref idref="fl-115"/>
      </object_component>
      <object_component id="oc-19a">
         <name>.text</name>
         <load_address>0x78ec</load_address>
         <run_address>0x78ec</run_address>
         <size>0x40</size>
         <input_file_ref idref="fl-109"/>
      </object_component>
      <object_component id="oc-1d5">
         <name>.text</name>
         <load_address>0x792c</load_address>
         <run_address>0x792c</run_address>
         <size>0x3e</size>
         <input_file_ref idref="fl-1d"/>
      </object_component>
      <object_component id="oc-1af">
         <name>.text</name>
         <load_address>0x796c</load_address>
         <run_address>0x796c</run_address>
         <size>0x3c</size>
         <input_file_ref idref="fl-8"/>
      </object_component>
      <object_component id="oc-3c1">
         <name>.text:__TI_writemsg</name>
         <load_address>0x79a8</load_address>
         <run_address>0x79a8</run_address>
         <size>0x38</size>
         <input_file_ref idref="fl-11c"/>
      </object_component>
      <object_component id="oc-3e1">
         <name>.text</name>
         <load_address>0x79e0</load_address>
         <run_address>0x79e0</run_address>
         <size>0x38</size>
         <input_file_ref idref="fl-103"/>
      </object_component>
      <object_component id="oc-24e">
         <name>.text</name>
         <load_address>0x7a18</load_address>
         <run_address>0x7a18</run_address>
         <size>0x38</size>
         <input_file_ref idref="fl-104"/>
      </object_component>
      <object_component id="oc-230">
         <name>.text</name>
         <load_address>0x7a50</load_address>
         <run_address>0x7a50</run_address>
         <size>0x38</size>
         <input_file_ref idref="fl-107"/>
      </object_component>
      <object_component id="oc-3c7">
         <name>.text:__TI_readmsg</name>
         <load_address>0x7a88</load_address>
         <run_address>0x7a88</run_address>
         <size>0x34</size>
         <input_file_ref idref="fl-11c"/>
      </object_component>
      <object_component id="oc-e1">
         <name>.text:rand</name>
         <load_address>0x7abc</load_address>
         <run_address>0x7abc</run_address>
         <size>0x34</size>
         <input_file_ref idref="fl-10d"/>
      </object_component>
      <object_component id="oc-201">
         <name>.text</name>
         <load_address>0x7af0</load_address>
         <run_address>0x7af0</run_address>
         <size>0x2e</size>
         <input_file_ref idref="fl-106"/>
      </object_component>
      <object_component id="oc-59">
         <name>.text:_c_int00_noargs:_c_int00_noargs</name>
         <load_address>0x7b20</load_address>
         <run_address>0x7b20</run_address>
         <size>0x24</size>
         <input_file_ref idref="fl-10f"/>
      </object_component>
      <object_component id="oc-356">
         <name>.text</name>
         <load_address>0x7b44</load_address>
         <run_address>0x7b44</run_address>
         <size>0x24</size>
         <input_file_ref idref="fl-108"/>
      </object_component>
      <object_component id="oc-22a">
         <name>.text:srand</name>
         <load_address>0x7b68</load_address>
         <run_address>0x7b68</run_address>
         <size>0x24</size>
         <input_file_ref idref="fl-10d"/>
      </object_component>
      <object_component id="oc-1bb">
         <name>.text:strcpy</name>
         <load_address>0x7b8c</load_address>
         <run_address>0x7b8c</run_address>
         <size>0x14</size>
         <input_file_ref idref="fl-10e"/>
      </object_component>
      <object_component id="oc-179">
         <name>.text</name>
         <load_address>0x7ba0</load_address>
         <run_address>0x7ba0</run_address>
         <size>0xe</size>
         <input_file_ref idref="fl-5"/>
      </object_component>
      <object_component id="oc-224">
         <name>.text:__time32</name>
         <load_address>0x7bae</load_address>
         <run_address>0x7bae</run_address>
         <size>0xe</size>
         <input_file_ref idref="fl-110"/>
      </object_component>
      <object_component id="oc-1b">
         <name>.text:decompress:none:__TI_decompress_none</name>
         <load_address>0x7bbc</load_address>
         <run_address>0x7bbc</run_address>
         <size>0xe</size>
         <input_file_ref idref="fl-10b"/>
      </object_component>
      <object_component id="oc-44b">
         <name>.text:copysignf</name>
         <load_address>0x7bca</load_address>
         <run_address>0x7bca</run_address>
         <size>0xc</size>
         <input_file_ref idref="fl-fb"/>
      </object_component>
      <object_component id="oc-4d">
         <name>.text:decompress:ZI:__TI_zero_init</name>
         <load_address>0x7bd6</load_address>
         <run_address>0x7bd6</run_address>
         <size>0xc</size>
         <input_file_ref idref="fl-10a"/>
      </object_component>
      <object_component id="oc-27">
         <name>.text</name>
         <load_address>0x7be2</load_address>
         <run_address>0x7be2</run_address>
         <size>0xc</size>
         <input_file_ref idref="fl-4"/>
      </object_component>
      <object_component id="oc-425">
         <name>.text:__aeabi_errno_addr</name>
         <load_address>0x7bf0</load_address>
         <run_address>0x7bf0</run_address>
         <size>0x8</size>
         <input_file_ref idref="fl-111"/>
      </object_component>
      <object_component id="oc-1e4">
         <name>.text:SysCtlDelay</name>
         <load_address>0x7bf8</load_address>
         <run_address>0x7bf8</run_address>
         <size>0x6</size>
         <input_file_ref idref="fl-32"/>
      </object_component>
      <object_component id="oc-95">
         <name>.text:_system_pre_init</name>
         <load_address>0x7bfe</load_address>
         <run_address>0x7bfe</run_address>
         <size>0x4</size>
         <input_file_ref idref="fl-116"/>
      </object_component>
      <object_component id="oc-126">
         <name>.text:abort:abort</name>
         <load_address>0x7c02</load_address>
         <run_address>0x7c02</run_address>
         <size>0x4</size>
         <input_file_ref idref="fl-118"/>
      </object_component>
      <object_component id="oc-1e1">
         <name>.const:g_pppui32XTALtoVCO</name>
         <load_address>0x7c08</load_address>
         <run_address>0x7c08</run_address>
         <size>0x1b0</size>
         <input_file_ref idref="fl-32"/>
      </object_component>
      <object_component id="oc-304">
         <name>.const:g_ppui32GPIOIntMapSnowflake</name>
         <load_address>0x7db8</load_address>
         <run_address>0x7db8</run_address>
         <size>0xd8</size>
         <input_file_ref idref="fl-26"/>
      </object_component>
      <object_component id="oc-301">
         <name>.const:g_ppui32GPIOIntMapBlizzard</name>
         <load_address>0x7e90</load_address>
         <run_address>0x7e90</run_address>
         <size>0xc0</size>
         <input_file_ref idref="fl-26"/>
      </object_component>
      <object_component id="oc-2a4">
         <name>.const:g_pui32Regs</name>
         <load_address>0x7f50</load_address>
         <run_address>0x7f50</run_address>
         <size>0x9c</size>
         <input_file_ref idref="fl-29"/>
      </object_component>
      <object_component id="oc-307">
         <name>.const:g_pui32GPIOBaseAddrs</name>
         <load_address>0x7fec</load_address>
         <run_address>0x7fec</run_address>
         <size>0x90</size>
         <input_file_ref idref="fl-26"/>
      </object_component>
      <object_component id="oc-1db">
         <name>.const:g_pui32Xtals</name>
         <load_address>0x807c</load_address>
         <run_address>0x807c</run_address>
         <size>0x6c</size>
         <input_file_ref idref="fl-32"/>
      </object_component>
      <object_component id="oc-3b6">
         <name>.const:g_ppui32I2CIntMapSnowflake</name>
         <load_address>0x80e8</load_address>
         <run_address>0x80e8</run_address>
         <size>0x50</size>
         <input_file_ref idref="fl-28"/>
      </object_component>
      <object_component id="oc-2be">
         <name>.const:g_ppui32UARTIntMap</name>
         <load_address>0x8138</load_address>
         <run_address>0x8138</run_address>
         <size>0x40</size>
         <input_file_ref idref="fl-36"/>
      </object_component>
      <object_component id="oc-2c1">
         <name>.const:g_ppui32UARTIntMapSnowflake</name>
         <load_address>0x8178</load_address>
         <run_address>0x8178</run_address>
         <size>0x40</size>
         <input_file_ref idref="fl-36"/>
      </object_component>
      <object_component id="oc-3b3">
         <name>.const:g_ppui32I2CIntMap</name>
         <load_address>0x81b8</load_address>
         <run_address>0x81b8</run_address>
         <size>0x30</size>
         <input_file_ref idref="fl-28"/>
      </object_component>
      <object_component id="oc-1d2">
         <name>.const:g_sXTALtoMEMTIM</name>
         <load_address>0x81e8</load_address>
         <run_address>0x81e8</run_address>
         <size>0x30</size>
         <input_file_ref idref="fl-32"/>
      </object_component>
      <object_component id="oc-3a9">
         <name>.const:g_ppui32SSIIntMap</name>
         <load_address>0x8218</load_address>
         <run_address>0x8218</run_address>
         <size>0x20</size>
         <input_file_ref idref="fl-30"/>
      </object_component>
      <object_component id="oc-3ac">
         <name>.const:g_ppui32SSIIntMapSnowflake</name>
         <load_address>0x8238</load_address>
         <run_address>0x8238</run_address>
         <size>0x20</size>
         <input_file_ref idref="fl-30"/>
      </object_component>
      <object_component id="oc-2a1">
         <name>.const:g_pui32Priority</name>
         <load_address>0x8258</load_address>
         <run_address>0x8258</run_address>
         <size>0x20</size>
         <input_file_ref idref="fl-29"/>
      </object_component>
      <object_component id="oc-42b">
         <name>.const:$O1$$</name>
         <load_address>0x8278</load_address>
         <run_address>0x8278</run_address>
         <size>0x18</size>
         <input_file_ref idref="fl-f8"/>
      </object_component>
      <object_component id="oc-2aa">
         <name>.const:g_pui32Dii16Regs</name>
         <load_address>0x8290</load_address>
         <run_address>0x8290</run_address>
         <size>0x14</size>
         <input_file_ref idref="fl-29"/>
      </object_component>
      <object_component id="oc-2a7">
         <name>.const:g_pui32EnRegs</name>
         <load_address>0x82a4</load_address>
         <run_address>0x82a4</run_address>
         <size>0x14</size>
         <input_file_ref idref="fl-29"/>
      </object_component>
      <object_component id="oc-2ad">
         <name>.const:g_pui32PendRegs</name>
         <load_address>0x82b8</load_address>
         <run_address>0x82b8</run_address>
         <size>0x14</size>
         <input_file_ref idref="fl-29"/>
      </object_component>
      <object_component id="oc-2b0">
         <name>.const:g_pui32UnpendRegs</name>
         <load_address>0x82cc</load_address>
         <run_address>0x82cc</run_address>
         <size>0x14</size>
         <input_file_ref idref="fl-29"/>
      </object_component>
      <object_component id="oc-2d2">
         <name>.const:.string</name>
         <load_address>0x82e0</load_address>
         <run_address>0x82e0</run_address>
         <size>0x12</size>
         <input_file_ref idref="fl-37"/>
      </object_component>
      <object_component id="oc-212">
         <name>.const:.string:$P$T0$1</name>
         <load_address>0x82f2</load_address>
         <run_address>0x82f2</run_address>
         <size>0x2</size>
         <input_file_ref idref="fl-12"/>
      </object_component>
      <object_component id="oc-197">
         <name>.const:g_ui32UARTBase</name>
         <load_address>0x82f4</load_address>
         <run_address>0x82f4</run_address>
         <size>0xc</size>
         <input_file_ref idref="fl-37"/>
      </object_component>
      <object_component id="oc-191">
         <name>.const:g_ui32UARTPeriph</name>
         <load_address>0x8300</load_address>
         <run_address>0x8300</run_address>
         <size>0xc</size>
         <input_file_ref idref="fl-37"/>
      </object_component>
      <object_component id="oc-1de">
         <name>.const:g_pui32VCOFrequencies</name>
         <load_address>0x830c</load_address>
         <run_address>0x830c</run_address>
         <size>0x8</size>
         <input_file_ref idref="fl-32"/>
      </object_component>
      <object_component id="oc-19f">
         <name>.const</name>
         <load_address>0x8314</load_address>
         <run_address>0x8314</run_address>
         <size>0x4</size>
         <input_file_ref idref="fl-37"/>
      </object_component>
      <object_component id="oc-215">
         <name>.const:.string:$P$T1$2</name>
         <load_address>0x8318</load_address>
         <run_address>0x8318</run_address>
         <size>0x2</size>
         <input_file_ref idref="fl-12"/>
      </object_component>
      <object_component id="oc-499">
         <name>.cinit..data.load</name>
         <load_address>0x8320</load_address>
         <run_address>0x8320</run_address>
         <size>0x1c</size>
      </object_component>
      <object_component id="oc-496">
         <name>__TI_handler_table</name>
         <load_address>0x833c</load_address>
         <run_address>0x833c</run_address>
         <size>0xc</size>
      </object_component>
      <object_component id="oc-49a">
         <name>.cinit..bss.load</name>
         <load_address>0x8348</load_address>
         <run_address>0x8348</run_address>
         <size>0x8</size>
      </object_component>
      <object_component id="oc-498">
         <name>.cinit..vtable.load</name>
         <load_address>0x8350</load_address>
         <run_address>0x8350</run_address>
         <size>0x8</size>
      </object_component>
      <object_component id="oc-497">
         <name>__TI_cinit_table</name>
         <load_address>0x8358</load_address>
         <run_address>0x8358</run_address>
         <size>0x18</size>
      </object_component>
      <object_component id="oc-29e">
         <name>.vtable</name>
         <uninitialized>true</uninitialized>
         <run_address>0x20000000</run_address>
         <size>0x26c</size>
         <input_file_ref idref="fl-29"/>
      </object_component>
      <object_component id="oc-253">
         <name>.data:world_camera_pos</name>
         <load_address>0x20007688</load_address>
         <run_address>0x20007688</run_address>
         <size>0x10</size>
         <input_file_ref idref="fl-3"/>
      </object_component>
      <object_component id="oc-25b">
         <name>.data:world_camera_frame_offset</name>
         <load_address>0x20007678</load_address>
         <run_address>0x20007678</run_address>
         <size>0x10</size>
         <input_file_ref idref="fl-3"/>
      </object_component>
      <object_component id="oc-25e">
         <name>.data:world_view_rot_inverse</name>
         <load_address>0x20007698</load_address>
         <run_address>0x20007698</run_address>
         <size>0x10</size>
         <input_file_ref idref="fl-3"/>
      </object_component>
      <object_component id="oc-23f">
         <name>.data</name>
         <load_address>0x200076b5</load_address>
         <run_address>0x200076b5</run_address>
         <size>0x3</size>
         <input_file_ref idref="fl-3"/>
      </object_component>
      <object_component id="oc-1c7">
         <name>.data</name>
         <load_address>0x200076b8</load_address>
         <run_address>0x200076b8</run_address>
         <size>0x4</size>
         <input_file_ref idref="fl-7"/>
      </object_component>
      <object_component id="oc-194">
         <name>.data</name>
         <load_address>0x200076b0</load_address>
         <run_address>0x200076b0</run_address>
         <size>0x5</size>
         <input_file_ref idref="fl-37"/>
      </object_component>
      <object_component id="oc-1ce">
         <name>.data</name>
         <load_address>0x200076c0</load_address>
         <run_address>0x200076c0</run_address>
         <size>0x4</size>
         <input_file_ref idref="fl-10d"/>
      </object_component>
      <object_component id="oc-444">
         <name>.data</name>
         <load_address>0x200076bc</load_address>
         <run_address>0x200076bc</run_address>
         <size>0x4</size>
         <input_file_ref idref="fl-111"/>
      </object_component>
      <object_component id="oc-1cb">
         <name>.data:$O1$$</name>
         <load_address>0x200076a8</load_address>
         <run_address>0x200076a8</run_address>
         <size>0x8</size>
         <input_file_ref idref="fl-119"/>
      </object_component>
      <object_component id="oc-175">
         <name>.bss:FIFOs</name>
         <uninitialized>true</uninitialized>
         <run_address>0x20007184</run_address>
         <size>0x150</size>
         <input_file_ref idref="fl-6"/>
      </object_component>
      <object_component id="oc-1c1">
         <name>.bss:threadControlBlocks</name>
         <uninitialized>true</uninitialized>
         <run_address>0x20006fcc</run_address>
         <size>0x1b8</size>
         <input_file_ref idref="fl-7"/>
      </object_component>
      <object_component id="oc-1c4">
         <name>.bss:threadStacks</name>
         <uninitialized>true</uninitialized>
         <run_address>0x2000026c</run_address>
         <size>0x6d60</size>
         <input_file_ref idref="fl-7"/>
      </object_component>
      <object_component id="oc-1b8">
         <name>.bss:pthreadControlBlocks</name>
         <uninitialized>true</uninitialized>
         <run_address>0x200073f4</run_address>
         <size>0x48</size>
         <input_file_ref idref="fl-7"/>
      </object_component>
      <object_component id="oc-1b5">
         <name>.bss</name>
         <uninitialized>true</uninitialized>
         <run_address>0x2000743c</run_address>
         <size>0x8</size>
         <input_file_ref idref="fl-7"/>
      </object_component>
      <object_component id="oc-329">
         <name>.bss:g_pui8OversampleFactor</name>
         <uninitialized>true</uninitialized>
         <run_address>0x20007444</run_address>
         <size>0x8</size>
         <input_file_ref idref="fl-19"/>
      </object_component>
      <object_component id="oc-416">
         <name>.bss:_CIOBUF_</name>
         <uninitialized>true</uninitialized>
         <run_address>0x200072d4</run_address>
         <size>0x120</size>
         <input_file_ref idref="fl-11c"/>
      </object_component>
      <object_component id="oc-11e">
         <name>.common:sem_I2CA</name>
         <uninitialized>true</uninitialized>
         <run_address>0x20007460</run_address>
         <size>0x4</size>
      </object_component>
      <object_component id="oc-121">
         <name>.common:sem_SPIA</name>
         <uninitialized>true</uninitialized>
         <run_address>0x20007470</run_address>
         <size>0x4</size>
      </object_component>
      <object_component id="oc-122">
         <name>.common:sem_PCA9555_Debounce</name>
         <uninitialized>true</uninitialized>
         <run_address>0x2000746c</run_address>
         <size>0x4</size>
      </object_component>
      <object_component id="oc-123">
         <name>.common:sem_Joystick_Debounce</name>
         <uninitialized>true</uninitialized>
         <run_address>0x20007464</run_address>
         <size>0x4</size>
      </object_component>
      <object_component id="oc-124">
         <name>.common:sem_KillCube</name>
         <uninitialized>true</uninitialized>
         <run_address>0x20007468</run_address>
         <size>0x4</size>
      </object_component>
      <object_component id="oc-117">
         <name>.common:s</name>
         <uninitialized>true</uninitialized>
         <run_address>0x2000745c</run_address>
         <size>0x4</size>
      </object_component>
      <object_component id="oc-1b4">
         <name>.common:SystemTime</name>
         <uninitialized>true</uninitialized>
         <run_address>0x20007458</run_address>
         <size>0x4</size>
      </object_component>
      <object_component id="oc-184">
         <name>.common:CurrentlyRunningThread</name>
         <uninitialized>true</uninitialized>
         <run_address>0x20007454</run_address>
         <size>0x4</size>
      </object_component>
      <object_component id="oc-187">
         <name>.common:threadHead</name>
         <uninitialized>true</uninitialized>
         <run_address>0x20007474</run_address>
         <size>0x4</size>
      </object_component>
      <object_component id="oc-3cd">
         <name>.common:parmbuf</name>
         <uninitialized>true</uninitialized>
         <run_address>0x2000744c</run_address>
         <size>0x8</size>
      </object_component>
      <object_component id="oc-24">
         <name>.stack</name>
         <uninitialized>true</uninitialized>
         <run_address>0x20007478</run_address>
         <size>0x4</size>
         <input_file_ref idref="fl-10f"/>
      </object_component>
      <object_component id="oc-49c">
         <name>.stack</name>
         <uninitialized>true</uninitialized>
         <run_address>0x20007478</run_address>
         <size>0x0</size>
      </object_component>
      <object_component id="oc-b7">
         <name>.debug_info</name>
         <load_address>0x0</load_address>
         <run_address>0x0</run_address>
         <size>0x81a</size>
         <input_file_ref idref="fl-2"/>
      </object_component>
      <object_component id="oc-9e">
         <name>.debug_info</name>
         <load_address>0x81a</load_address>
         <run_address>0x81a</run_address>
         <size>0x735</size>
         <input_file_ref idref="fl-2"/>
      </object_component>
      <object_component id="oc-170">
         <name>.debug_info</name>
         <load_address>0xf4f</load_address>
         <run_address>0xf4f</run_address>
         <size>0x7e</size>
         <input_file_ref idref="fl-2"/>
      </object_component>
      <object_component id="oc-70">
         <name>.debug_info</name>
         <load_address>0xfcd</load_address>
         <run_address>0xfcd</run_address>
         <size>0x26b</size>
         <input_file_ref idref="fl-2"/>
      </object_component>
      <object_component id="oc-b2">
         <name>.debug_info</name>
         <load_address>0x1238</load_address>
         <run_address>0x1238</run_address>
         <size>0x8b</size>
         <input_file_ref idref="fl-2"/>
      </object_component>
      <object_component id="oc-ad">
         <name>.debug_info</name>
         <load_address>0x12c3</load_address>
         <run_address>0x12c3</run_address>
         <size>0x2a4</size>
         <input_file_ref idref="fl-2"/>
      </object_component>
      <object_component id="oc-1e6">
         <name>.debug_info</name>
         <load_address>0x1567</load_address>
         <run_address>0x1567</run_address>
         <size>0xef</size>
         <input_file_ref idref="fl-2"/>
      </object_component>
      <object_component id="oc-75">
         <name>.debug_info</name>
         <load_address>0x1656</load_address>
         <run_address>0x1656</run_address>
         <size>0xbb</size>
         <input_file_ref idref="fl-2"/>
      </object_component>
      <object_component id="oc-166">
         <name>.debug_info</name>
         <load_address>0x1711</load_address>
         <run_address>0x1711</run_address>
         <size>0x2c</size>
         <input_file_ref idref="fl-2"/>
      </object_component>
      <object_component id="oc-16b">
         <name>.debug_info</name>
         <load_address>0x173d</load_address>
         <run_address>0x173d</run_address>
         <size>0x1a2</size>
         <input_file_ref idref="fl-2"/>
      </object_component>
      <object_component id="oc-1a4">
         <name>.debug_info</name>
         <load_address>0x18df</load_address>
         <run_address>0x18df</run_address>
         <size>0x2c</size>
         <input_file_ref idref="fl-2"/>
      </object_component>
      <object_component id="oc-11f">
         <name>.debug_info</name>
         <load_address>0x190b</load_address>
         <run_address>0x190b</run_address>
         <size>0x778</size>
         <input_file_ref idref="fl-3"/>
      </object_component>
      <object_component id="oc-254">
         <name>.debug_info</name>
         <load_address>0x2083</load_address>
         <run_address>0x2083</run_address>
         <size>0xce</size>
         <input_file_ref idref="fl-3"/>
      </object_component>
      <object_component id="oc-25c">
         <name>.debug_info</name>
         <load_address>0x2151</load_address>
         <run_address>0x2151</run_address>
         <size>0xe0</size>
         <input_file_ref idref="fl-3"/>
      </object_component>
      <object_component id="oc-25f">
         <name>.debug_info</name>
         <load_address>0x2231</load_address>
         <run_address>0x2231</run_address>
         <size>0xda</size>
         <input_file_ref idref="fl-3"/>
      </object_component>
      <object_component id="oc-240">
         <name>.debug_info</name>
         <load_address>0x230b</load_address>
         <run_address>0x230b</run_address>
         <size>0x108</size>
         <input_file_ref idref="fl-3"/>
      </object_component>
      <object_component id="oc-119">
         <name>.debug_info</name>
         <load_address>0x2413</load_address>
         <run_address>0x2413</run_address>
         <size>0xce2</size>
         <input_file_ref idref="fl-3"/>
      </object_component>
      <object_component id="oc-271">
         <name>.debug_info</name>
         <load_address>0x30f5</load_address>
         <run_address>0x30f5</run_address>
         <size>0xae</size>
         <input_file_ref idref="fl-3"/>
      </object_component>
      <object_component id="oc-262">
         <name>.debug_info</name>
         <load_address>0x31a3</load_address>
         <run_address>0x31a3</run_address>
         <size>0x189</size>
         <input_file_ref idref="fl-3"/>
      </object_component>
      <object_component id="oc-267">
         <name>.debug_info</name>
         <load_address>0x332c</load_address>
         <run_address>0x332c</run_address>
         <size>0x8a</size>
         <input_file_ref idref="fl-3"/>
      </object_component>
      <object_component id="oc-26c">
         <name>.debug_info</name>
         <load_address>0x33b6</load_address>
         <run_address>0x33b6</run_address>
         <size>0x76</size>
         <input_file_ref idref="fl-3"/>
      </object_component>
      <object_component id="oc-278">
         <name>.debug_info</name>
         <load_address>0x342c</load_address>
         <run_address>0x342c</run_address>
         <size>0x35</size>
         <input_file_ref idref="fl-3"/>
      </object_component>
      <object_component id="oc-2f">
         <name>.debug_info</name>
         <load_address>0x3461</load_address>
         <run_address>0x3461</run_address>
         <size>0x16a</size>
         <input_file_ref idref="fl-4"/>
      </object_component>
      <object_component id="oc-13">
         <name>.debug_info</name>
         <load_address>0x35cb</load_address>
         <run_address>0x35cb</run_address>
         <size>0xd7</size>
         <input_file_ref idref="fl-4"/>
      </object_component>
      <object_component id="oc-29">
         <name>.debug_info</name>
         <load_address>0x36a2</load_address>
         <run_address>0x36a2</run_address>
         <size>0x253</size>
         <input_file_ref idref="fl-4"/>
      </object_component>
      <object_component id="oc-36">
         <name>.debug_info</name>
         <load_address>0x38f5</load_address>
         <run_address>0x38f5</run_address>
         <size>0x84</size>
         <input_file_ref idref="fl-4"/>
      </object_component>
      <object_component id="oc-17b">
         <name>.debug_info</name>
         <load_address>0x3979</load_address>
         <run_address>0x3979</run_address>
         <size>0x137</size>
         <input_file_ref idref="fl-5"/>
      </object_component>
      <object_component id="oc-29c">
         <name>.debug_info</name>
         <load_address>0x3ab0</load_address>
         <run_address>0x3ab0</run_address>
         <size>0x209</size>
         <input_file_ref idref="fl-6"/>
      </object_component>
      <object_component id="oc-176">
         <name>.debug_info</name>
         <load_address>0x3cb9</load_address>
         <run_address>0x3cb9</run_address>
         <size>0xc5</size>
         <input_file_ref idref="fl-6"/>
      </object_component>
      <object_component id="oc-cc">
         <name>.debug_info</name>
         <load_address>0x3d7e</load_address>
         <run_address>0x3d7e</run_address>
         <size>0x3e2</size>
         <input_file_ref idref="fl-6"/>
      </object_component>
      <object_component id="oc-37e">
         <name>.debug_info</name>
         <load_address>0x4160</load_address>
         <run_address>0x4160</run_address>
         <size>0xb2</size>
         <input_file_ref idref="fl-6"/>
      </object_component>
      <object_component id="oc-185">
         <name>.debug_info</name>
         <load_address>0x4212</load_address>
         <run_address>0x4212</run_address>
         <size>0x4cf</size>
         <input_file_ref idref="fl-7"/>
      </object_component>
      <object_component id="oc-1c2">
         <name>.debug_info</name>
         <load_address>0x46e1</load_address>
         <run_address>0x46e1</run_address>
         <size>0xe7</size>
         <input_file_ref idref="fl-7"/>
      </object_component>
      <object_component id="oc-1c5">
         <name>.debug_info</name>
         <load_address>0x47c8</load_address>
         <run_address>0x47c8</run_address>
         <size>0xd9</size>
         <input_file_ref idref="fl-7"/>
      </object_component>
      <object_component id="oc-1b9">
         <name>.debug_info</name>
         <load_address>0x48a1</load_address>
         <run_address>0x48a1</run_address>
         <size>0xe9</size>
         <input_file_ref idref="fl-7"/>
      </object_component>
      <object_component id="oc-1b6">
         <name>.debug_info</name>
         <load_address>0x498a</load_address>
         <run_address>0x498a</run_address>
         <size>0x10f</size>
         <input_file_ref idref="fl-7"/>
      </object_component>
      <object_component id="oc-1c8">
         <name>.debug_info</name>
         <load_address>0x4a99</load_address>
         <run_address>0x4a99</run_address>
         <size>0xdb</size>
         <input_file_ref idref="fl-7"/>
      </object_component>
      <object_component id="oc-df">
         <name>.debug_info</name>
         <load_address>0x4b74</load_address>
         <run_address>0x4b74</run_address>
         <size>0xea0</size>
         <input_file_ref idref="fl-7"/>
      </object_component>
      <object_component id="oc-c0">
         <name>.debug_info</name>
         <load_address>0x5a14</load_address>
         <run_address>0x5a14</run_address>
         <size>0x2c</size>
         <input_file_ref idref="fl-7"/>
      </object_component>
      <object_component id="oc-2b7">
         <name>.debug_info</name>
         <load_address>0x5a40</load_address>
         <run_address>0x5a40</run_address>
         <size>0x35</size>
         <input_file_ref idref="fl-7"/>
      </object_component>
      <object_component id="oc-1b0">
         <name>.debug_info</name>
         <load_address>0x5a75</load_address>
         <run_address>0x5a75</run_address>
         <size>0x133</size>
         <input_file_ref idref="fl-8"/>
      </object_component>
      <object_component id="oc-189">
         <name>.debug_info</name>
         <load_address>0x5ba8</load_address>
         <run_address>0x5ba8</run_address>
         <size>0x271</size>
         <input_file_ref idref="fl-9"/>
      </object_component>
      <object_component id="oc-d0">
         <name>.debug_info</name>
         <load_address>0x5e19</load_address>
         <run_address>0x5e19</run_address>
         <size>0x412</size>
         <input_file_ref idref="fl-9"/>
      </object_component>
      <object_component id="oc-35c">
         <name>.debug_info</name>
         <load_address>0x622b</load_address>
         <run_address>0x622b</run_address>
         <size>0x1a3</size>
         <input_file_ref idref="fl-a"/>
      </object_component>
      <object_component id="oc-249">
         <name>.debug_info</name>
         <load_address>0x63ce</load_address>
         <run_address>0x63ce</run_address>
         <size>0x7dc</size>
         <input_file_ref idref="fl-a"/>
      </object_component>
      <object_component id="oc-3f8">
         <name>.debug_info</name>
         <load_address>0x6baa</load_address>
         <run_address>0x6baa</run_address>
         <size>0x183</size>
         <input_file_ref idref="fl-b"/>
      </object_component>
      <object_component id="oc-348">
         <name>.debug_info</name>
         <load_address>0x6d2d</load_address>
         <run_address>0x6d2d</run_address>
         <size>0xab2</size>
         <input_file_ref idref="fl-b"/>
      </object_component>
      <object_component id="oc-345">
         <name>.debug_info</name>
         <load_address>0x77df</load_address>
         <run_address>0x77df</run_address>
         <size>0x13d</size>
         <input_file_ref idref="fl-d"/>
      </object_component>
      <object_component id="oc-244">
         <name>.debug_info</name>
         <load_address>0x791c</load_address>
         <run_address>0x791c</run_address>
         <size>0x324</size>
         <input_file_ref idref="fl-d"/>
      </object_component>
      <object_component id="oc-200">
         <name>.debug_info</name>
         <load_address>0x7c40</load_address>
         <run_address>0x7c40</run_address>
         <size>0x276</size>
         <input_file_ref idref="fl-e"/>
      </object_component>
      <object_component id="oc-f5">
         <name>.debug_info</name>
         <load_address>0x7eb6</load_address>
         <run_address>0x7eb6</run_address>
         <size>0x1146</size>
         <input_file_ref idref="fl-e"/>
      </object_component>
      <object_component id="oc-211">
         <name>.debug_info</name>
         <load_address>0x8ffc</load_address>
         <run_address>0x8ffc</run_address>
         <size>0x23a</size>
         <input_file_ref idref="fl-11"/>
      </object_component>
      <object_component id="oc-fb">
         <name>.debug_info</name>
         <load_address>0x9236</load_address>
         <run_address>0x9236</run_address>
         <size>0x7b3</size>
         <input_file_ref idref="fl-11"/>
      </object_component>
      <object_component id="oc-219">
         <name>.debug_info</name>
         <load_address>0x99e9</load_address>
         <run_address>0x99e9</run_address>
         <size>0x2ea</size>
         <input_file_ref idref="fl-12"/>
      </object_component>
      <object_component id="oc-213">
         <name>.debug_info</name>
         <load_address>0x9cd3</load_address>
         <run_address>0x9cd3</run_address>
         <size>0xd9</size>
         <input_file_ref idref="fl-12"/>
      </object_component>
      <object_component id="oc-216">
         <name>.debug_info</name>
         <load_address>0x9dac</load_address>
         <run_address>0x9dac</run_address>
         <size>0xd9</size>
         <input_file_ref idref="fl-12"/>
      </object_component>
      <object_component id="oc-101">
         <name>.debug_info</name>
         <load_address>0x9e85</load_address>
         <run_address>0x9e85</run_address>
         <size>0x5ae</size>
         <input_file_ref idref="fl-12"/>
      </object_component>
      <object_component id="oc-ef">
         <name>.debug_info</name>
         <load_address>0xa433</load_address>
         <run_address>0xa433</run_address>
         <size>0x1822</size>
         <input_file_ref idref="fl-13"/>
      </object_component>
      <object_component id="oc-10d">
         <name>.debug_info</name>
         <load_address>0xbc55</load_address>
         <run_address>0xbc55</run_address>
         <size>0x295</size>
         <input_file_ref idref="fl-14"/>
      </object_component>
      <object_component id="oc-31b">
         <name>.debug_info</name>
         <load_address>0xbeea</load_address>
         <run_address>0xbeea</run_address>
         <size>0x3a2</size>
         <input_file_ref idref="fl-15"/>
      </object_component>
      <object_component id="oc-1fa">
         <name>.debug_info</name>
         <load_address>0xc28c</load_address>
         <run_address>0xc28c</run_address>
         <size>0x8cf</size>
         <input_file_ref idref="fl-15"/>
      </object_component>
      <object_component id="oc-223">
         <name>.debug_info</name>
         <load_address>0xcb5b</load_address>
         <run_address>0xcb5b</run_address>
         <size>0x503</size>
         <input_file_ref idref="fl-16"/>
      </object_component>
      <object_component id="oc-112">
         <name>.debug_info</name>
         <load_address>0xd05e</load_address>
         <run_address>0xd05e</run_address>
         <size>0x6bf</size>
         <input_file_ref idref="fl-16"/>
      </object_component>
      <object_component id="oc-313">
         <name>.debug_info</name>
         <load_address>0xd71d</load_address>
         <run_address>0xd71d</run_address>
         <size>0x353</size>
         <input_file_ref idref="fl-17"/>
      </object_component>
      <object_component id="oc-1f3">
         <name>.debug_info</name>
         <load_address>0xda70</load_address>
         <run_address>0xda70</run_address>
         <size>0x6d5</size>
         <input_file_ref idref="fl-17"/>
      </object_component>
      <object_component id="oc-106">
         <name>.debug_info</name>
         <load_address>0xe145</load_address>
         <run_address>0xe145</run_address>
         <size>0x215</size>
         <input_file_ref idref="fl-18"/>
      </object_component>
      <object_component id="oc-32d">
         <name>.debug_info</name>
         <load_address>0xe35a</load_address>
         <run_address>0xe35a</run_address>
         <size>0x1f0</size>
         <input_file_ref idref="fl-19"/>
      </object_component>
      <object_component id="oc-32a">
         <name>.debug_info</name>
         <load_address>0xe54a</load_address>
         <run_address>0xe54a</run_address>
         <size>0xdf</size>
         <input_file_ref idref="fl-19"/>
      </object_component>
      <object_component id="oc-21d">
         <name>.debug_info</name>
         <load_address>0xe629</load_address>
         <run_address>0xe629</run_address>
         <size>0x2b33</size>
         <input_file_ref idref="fl-19"/>
      </object_component>
      <object_component id="oc-1d8">
         <name>.debug_info</name>
         <load_address>0x1115c</load_address>
         <run_address>0x1115c</run_address>
         <size>0x324</size>
         <input_file_ref idref="fl-1d"/>
      </object_component>
      <object_component id="oc-30b">
         <name>.debug_info</name>
         <load_address>0x11480</load_address>
         <run_address>0x11480</run_address>
         <size>0x21a</size>
         <input_file_ref idref="fl-26"/>
      </object_component>
      <object_component id="oc-302">
         <name>.debug_info</name>
         <load_address>0x1169a</load_address>
         <run_address>0x1169a</run_address>
         <size>0xe8</size>
         <input_file_ref idref="fl-26"/>
      </object_component>
      <object_component id="oc-305">
         <name>.debug_info</name>
         <load_address>0x11782</load_address>
         <run_address>0x11782</run_address>
         <size>0xea</size>
         <input_file_ref idref="fl-26"/>
      </object_component>
      <object_component id="oc-308">
         <name>.debug_info</name>
         <load_address>0x1186c</load_address>
         <run_address>0x1186c</run_address>
         <size>0xdc</size>
         <input_file_ref idref="fl-26"/>
      </object_component>
      <object_component id="oc-1ed">
         <name>.debug_info</name>
         <load_address>0x11948</load_address>
         <run_address>0x11948</run_address>
         <size>0x31d1</size>
         <input_file_ref idref="fl-26"/>
      </object_component>
      <object_component id="oc-3ba">
         <name>.debug_info</name>
         <load_address>0x14b19</load_address>
         <run_address>0x14b19</run_address>
         <size>0x20b</size>
         <input_file_ref idref="fl-28"/>
      </object_component>
      <object_component id="oc-3b4">
         <name>.debug_info</name>
         <load_address>0x14d24</load_address>
         <run_address>0x14d24</run_address>
         <size>0xd5</size>
         <input_file_ref idref="fl-28"/>
      </object_component>
      <object_component id="oc-3b7">
         <name>.debug_info</name>
         <load_address>0x14df9</load_address>
         <run_address>0x14df9</run_address>
         <size>0xe7</size>
         <input_file_ref idref="fl-28"/>
      </object_component>
      <object_component id="oc-315">
         <name>.debug_info</name>
         <load_address>0x14ee0</load_address>
         <run_address>0x14ee0</run_address>
         <size>0x2b41</size>
         <input_file_ref idref="fl-28"/>
      </object_component>
      <object_component id="oc-2b4">
         <name>.debug_info</name>
         <load_address>0x17a21</load_address>
         <run_address>0x17a21</run_address>
         <size>0x1f7</size>
         <input_file_ref idref="fl-29"/>
      </object_component>
      <object_component id="oc-2a2">
         <name>.debug_info</name>
         <load_address>0x17c18</load_address>
         <run_address>0x17c18</run_address>
         <size>0xd7</size>
         <input_file_ref idref="fl-29"/>
      </object_component>
      <object_component id="oc-2a5">
         <name>.debug_info</name>
         <load_address>0x17cef</load_address>
         <run_address>0x17cef</run_address>
         <size>0xcf</size>
         <input_file_ref idref="fl-29"/>
      </object_component>
      <object_component id="oc-2a8">
         <name>.debug_info</name>
         <load_address>0x17dbe</load_address>
         <run_address>0x17dbe</run_address>
         <size>0xd3</size>
         <input_file_ref idref="fl-29"/>
      </object_component>
      <object_component id="oc-2ab">
         <name>.debug_info</name>
         <load_address>0x17e91</load_address>
         <run_address>0x17e91</run_address>
         <size>0xd9</size>
         <input_file_ref idref="fl-29"/>
      </object_component>
      <object_component id="oc-2ae">
         <name>.debug_info</name>
         <load_address>0x17f6a</load_address>
         <run_address>0x17f6a</run_address>
         <size>0xd7</size>
         <input_file_ref idref="fl-29"/>
      </object_component>
      <object_component id="oc-2b1">
         <name>.debug_info</name>
         <load_address>0x18041</load_address>
         <run_address>0x18041</run_address>
         <size>0xdb</size>
         <input_file_ref idref="fl-29"/>
      </object_component>
      <object_component id="oc-29f">
         <name>.debug_info</name>
         <load_address>0x1811c</load_address>
         <run_address>0x1811c</run_address>
         <size>0xd8</size>
         <input_file_ref idref="fl-29"/>
      </object_component>
      <object_component id="oc-17f">
         <name>.debug_info</name>
         <load_address>0x181f4</load_address>
         <run_address>0x181f4</run_address>
         <size>0xcd8</size>
         <input_file_ref idref="fl-29"/>
      </object_component>
      <object_component id="oc-3b0">
         <name>.debug_info</name>
         <load_address>0x18ecc</load_address>
         <run_address>0x18ecc</run_address>
         <size>0x1fb</size>
         <input_file_ref idref="fl-30"/>
      </object_component>
      <object_component id="oc-3aa">
         <name>.debug_info</name>
         <load_address>0x190c7</load_address>
         <run_address>0x190c7</run_address>
         <size>0xd5</size>
         <input_file_ref idref="fl-30"/>
      </object_component>
      <object_component id="oc-3ad">
         <name>.debug_info</name>
         <load_address>0x1919c</load_address>
         <run_address>0x1919c</run_address>
         <size>0xe7</size>
         <input_file_ref idref="fl-30"/>
      </object_component>
      <object_component id="oc-30e">
         <name>.debug_info</name>
         <load_address>0x19283</load_address>
         <run_address>0x19283</run_address>
         <size>0x1650</size>
         <input_file_ref idref="fl-30"/>
      </object_component>
      <object_component id="oc-1eb">
         <name>.debug_info</name>
         <load_address>0x1a8d3</load_address>
         <run_address>0x1a8d3</run_address>
         <size>0x27c</size>
         <input_file_ref idref="fl-32"/>
      </object_component>
      <object_component id="oc-1dc">
         <name>.debug_info</name>
         <load_address>0x1ab4f</load_address>
         <run_address>0x1ab4f</run_address>
         <size>0xce</size>
         <input_file_ref idref="fl-32"/>
      </object_component>
      <object_component id="oc-1e2">
         <name>.debug_info</name>
         <load_address>0x1ac1d</load_address>
         <run_address>0x1ac1d</run_address>
         <size>0xda</size>
         <input_file_ref idref="fl-32"/>
      </object_component>
      <object_component id="oc-1d3">
         <name>.debug_info</name>
         <load_address>0x1acf7</load_address>
         <run_address>0x1acf7</run_address>
         <size>0xd4</size>
         <input_file_ref idref="fl-32"/>
      </object_component>
      <object_component id="oc-1df">
[...]
      </symbol>
      <symbol id="sm-91a">
         <name>SysTickIntRegister</name>
         <value>0x7461</value>
         <object_component_ref idref="oc-1a9"/>
      </symbol>
      <symbol id="sm-91b">
         <name>SysTickIntEnable</name>
         <value>0x748d</value>
         <object_component_ref idref="oc-1a9"/>
      </symbol>
      <symbol id="sm-91c">
         <name>SysTickValueGet</name>
         <value>0x74bf</value>
         <object_component_ref idref="oc-1a9"/>
      </symbol>
      <symbol id="sm-91d">
         <name>SysTickIntUnregister</name>
         <value>0x7479</value>
         <object_component_ref idref="oc-1a9"/>
      </symbol>
      <symbol id="sm-91e">
         <name>SysTickPeriodSet</name>
         <value>0x74a5</value>
         <object_component_ref idref="oc-1a9"/>
      </symbol>
      <symbol id="sm-91f">
         <name>SysTickDisable</name>
         <value>0x7455</value>
         <object_component_ref idref="oc-1a9"/>
      </symbol>
      <symbol id="sm-993">
         <name>UARTClockSourceGet</name>
         <value>0x4dfb</value>
         <object_component_ref idref="oc-18b"/>
      </symbol>
      <symbol id="sm-994">
         <name>UARTCharPutNonBlocking</name>
         <value>0x4c6d</value>
         <object_component_ref idref="oc-18b"/>
      </symbol>
      <symbol id="sm-995">
         <name>UARTDMAEnable</name>
         <value>0x4d95</value>
         <object_component_ref idref="oc-18b"/>
      </symbol>
      <symbol id="sm-996">
         <name>UARTTxIntModeSet</name>
         <value>0x4bd1</value>
         <object_component_ref idref="oc-18b"/>
      </symbol>
      <symbol id="sm-997">
         <name>UARTFIFODisable</name>
         <value>0x4a7f</value>
         <object_component_ref idref="oc-18b"/>
      </symbol>
      <symbol id="sm-998">
         <name>UARTIntUnregister</name>
         <value>0x4d15</value>
         <object_component_ref idref="oc-18b"/>
      </symbol>
      <symbol id="sm-999">
         <name>UARTRxErrorClear</name>
         <value>0x4dd7</value>
         <object_component_ref idref="oc-18b"/>
      </symbol>
      <symbol id="sm-99a">
         <name>UARTModemControlSet</name>
         <value>0x4b21</value>
         <object_component_ref idref="oc-18b"/>
      </symbol>
      <symbol id="sm-99b">
         <name>UARTFlowControlSet</name>
         <value>0x4ba3</value>
         <object_component_ref idref="oc-18b"/>
      </symbol>
      <symbol id="sm-99c">
         <name>UARTConfigSetExpClk</name>
         <value>0x4959</value>
         <object_component_ref idref="oc-18b"/>
      </symbol>
      <symbol id="sm-99d">
         <name>UARTSmartCardDisable</name>
         <value>0x4b0b</value>
         <object_component_ref idref="oc-18b"/>
      </symbol>
      <symbol id="sm-99e">
         <name>UARTDisable</name>
         <value>0x4a3f</value>
         <object_component_ref idref="oc-18b"/>
      </symbol>
      <symbol id="sm-99f">
         <name>UART9BitDisable</name>
         <value>0x4e21</value>
         <object_component_ref idref="oc-18b"/>
      </symbol>
      <symbol id="sm-9a0">
         <name>UARTFIFOLevelGet</name>
         <value>0x4931</value>
         <object_component_ref idref="oc-18b"/>
      </symbol>
      <symbol id="sm-9a1">
         <name>UARTBusy</name>
         <value>0x4cd9</value>
         <object_component_ref idref="oc-18b"/>
      </symbol>
      <symbol id="sm-9a2">
         <name>UARTDisableSIR</name>
         <value>0x4ac3</value>
         <object_component_ref idref="oc-18b"/>
      </symbol>
      <symbol id="sm-9a3">
         <name>UARTLoopbackEnable</name>
         <value>0x4ea5</value>
         <object_component_ref idref="oc-18b"/>
      </symbol>
      <symbol id="sm-9a4">
         <name>UARTIntEnable</name>
         <value>0x4d35</value>
         <object_component_ref idref="oc-18b"/>
      </symbol>
      <symbol id="sm-9a5">
         <name>UARTCharsAvail</name>
         <value>0x4bff</value>
         <object_component_ref idref="oc-18b"/>
      </symbol>
      <symbol id="sm-9a6">
         <name>UARTCharGetNonBlocking</name>
         <value>0x4c3b</value>
         <object_component_ref idref="oc-18b"/>
      </symbol>
      <symbol id="sm-9a7">
         <name>UARTClockSourceSet</name>
         <value>0x4de7</value>
         <object_component_ref idref="oc-18b"/>
      </symbol>
      <symbol id="sm-9a8">
         <name>UARTTxIntModeGet</name>
         <value>0x4bed</value>
         <object_component_ref idref="oc-18b"/>
      </symbol>
      <symbol id="sm-9a9">
         <name>UARTModemStatusGet</name>
         <value>0x4b8f</value>
         <object_component_ref idref="oc-18b"/>
      </symbol>
      <symbol id="sm-9aa">
         <name>UARTIntDisable</name>
         <value>0x4d4d</value>
         <object_component_ref idref="oc-18b"/>
      </symbol>
      <symbol id="sm-9ab">
         <name>UARTCharPut</name>
         <value>0x4c91</value>
         <object_component_ref idref="oc-18b"/>
      </symbol>
      <symbol id="sm-9ac">
         <name>UARTParityModeSet</name>
         <value>0x48eb</value>
         <object_component_ref idref="oc-18b"/>
      </symbol>
      <symbol id="sm-9ad">
         <name>UARTRxErrorGet</name>
         <value>0x4dc5</value>
         <object_component_ref idref="oc-18b"/>
      </symbol>
      <symbol id="sm-9ae">
         <name>UARTConfigGetExpClk</name>
         <value>0x49cf</value>
         <object_component_ref idref="oc-18b"/>
      </symbol>
      <symbol id="sm-9af">
         <name>UARTEnableSIR</name>
         <value>0x4a95</value>
         <object_component_ref idref="oc-18b"/>
      </symbol>
      <symbol id="sm-9b0">
         <name>UARTEnable</name>
         <value>0x4a1b</value>
         <object_component_ref idref="oc-18b"/>
      </symbol>
      <symbol id="sm-9b1">
         <name>UART9BitAddrSend</name>
         <value>0x4e5d</value>
         <object_component_ref idref="oc-18b"/>
      </symbol>
      <symbol id="sm-9b2">
         <name>UARTModemControlGet</name>
         <value>0x4b7d</value>
         <object_component_ref idref="oc-18b"/>
      </symbol>
      <symbol id="sm-9b3">
         <name>UARTSmartCardEnable</name>
         <value>0x4ad9</value>
         <object_component_ref idref="oc-18b"/>
      </symbol>
      <symbol id="sm-9b4">
         <name>UARTFlowControlGet</name>
         <value>0x4bbf</value>
         <object_component_ref idref="oc-18b"/>
      </symbol>
      <symbol id="sm-9b5">
         <name>UARTFIFOEnable</name>
         <value>0x4a69</value>
         <object_component_ref idref="oc-18b"/>
      </symbol>
      <symbol id="sm-9b6">
         <name>UARTIntClear</name>
         <value>0x4d83</value>
         <object_component_ref idref="oc-18b"/>
      </symbol>
      <symbol id="sm-9b7">
         <name>UARTIntStatus</name>
         <value>0x4d65</value>
         <object_component_ref idref="oc-18b"/>
      </symbol>
      <symbol id="sm-9b8">
         <name>UARTDMADisable</name>
         <value>0x4dad</value>
         <object_component_ref idref="oc-18b"/>
      </symbol>
      <symbol id="sm-9b9">
         <name>UART9BitEnable</name>
         <value>0x4e0b</value>
         <object_component_ref idref="oc-18b"/>
      </symbol>
      <symbol id="sm-9ba">
         <name>UARTSpaceAvail</name>
         <value>0x4c1d</value>
         <object_component_ref idref="oc-18b"/>
      </symbol>
      <symbol id="sm-9bb">
         <name>UARTCharGet</name>
         <value>0x4c57</value>
         <object_component_ref idref="oc-18b"/>
      </symbol>
      <symbol id="sm-9bc">
         <name>UARTFIFOLevelSet</name>
         <value>0x4919</value>
         <object_component_ref idref="oc-18b"/>
      </symbol>
      <symbol id="sm-9bd">
         <name>UARTModemControlClear</name>
         <value>0x4b59</value>
         <object_component_ref idref="oc-18b"/>
      </symbol>
      <symbol id="sm-9be">
         <name>UARTParityModeGet</name>
         <value>0x4907</value>
         <object_component_ref idref="oc-18b"/>
      </symbol>
      <symbol id="sm-9bf">
         <name>UARTIntRegister</name>
         <value>0x4cf7</value>
         <object_component_ref idref="oc-18b"/>
      </symbol>
      <symbol id="sm-9c0">
         <name>UARTBreakCtl</name>
         <value>0x4caf</value>
         <object_component_ref idref="oc-18b"/>
      </symbol>
      <symbol id="sm-9c1">
         <name>UART9BitAddrSet</name>
         <value>0x4e37</value>
         <object_component_ref idref="oc-18b"/>
      </symbol>
      <symbol id="sm-a31">
         <name>UARTgetc</name>
         <value>0x500d</value>
         <object_component_ref idref="oc-d5"/>
      </symbol>
      <symbol id="sm-a32">
         <name>UARTgets</name>
         <value>0x4f53</value>
         <object_component_ref idref="oc-d5"/>
      </symbol>
      <symbol id="sm-a33">
         <name>UARTStdioConfig</name>
         <value>0x4ebd</value>
         <object_component_ref idref="oc-d5"/>
      </symbol>
      <symbol id="sm-a34">
         <name>UARTwrite</name>
         <value>0x4f03</value>
         <object_component_ref idref="oc-d5"/>
      </symbol>
      <symbol id="sm-a35">
         <name>UARTprintf</name>
         <value>0x532f</value>
         <object_component_ref idref="oc-d5"/>
      </symbol>
      <symbol id="sm-a36">
         <name>UARTvprintf</name>
         <value>0x5035</value>
         <object_component_ref idref="oc-d5"/>
      </symbol>
      <symbol id="sm-aba">
         <name>powf</name>
         <value>0x3b81</value>
         <object_component_ref idref="oc-3eb"/>
      </symbol>
      <symbol id="sm-ad3">
         <name>sqrtf</name>
         <value>0x731d</value>
         <object_component_ref idref="oc-3f1"/>
      </symbol>
      <symbol id="sm-afa">
         <name>scalbnf</name>
         <value>0x71d5</value>
         <object_component_ref idref="oc-42e"/>
      </symbol>
      <symbol id="sm-afb">
         <name>ldexpf</name>
         <value>0x71d5</value>
         <object_component_ref idref="oc-42e"/>
      </symbol>
      <symbol id="sm-b05">
         <name>copysignf</name>
         <value>0x7bcb</value>
         <object_component_ref idref="oc-44b"/>
      </symbol>
      <symbol id="sm-b17">
         <name>__aeabi_cdcmpeq</name>
         <value>0x74d1</value>
         <object_component_ref idref="oc-3e6"/>
      </symbol>
      <symbol id="sm-b18">
         <name>__aeabi_cdcmple</name>
         <value>0x74d1</value>
         <object_component_ref idref="oc-3e6"/>
      </symbol>
      <symbol id="sm-b23">
         <name>__aeabi_dmul</name>
         <value>0x6e69</value>
         <object_component_ref idref="oc-206"/>
      </symbol>
      <symbol id="sm-b2d">
         <name>__aeabi_d2iz</name>
         <value>0x7861</value>
         <object_component_ref idref="oc-20b"/>
      </symbol>
      <symbol id="sm-b3e">
         <name>__aeabi_fadd</name>
         <value>0x6f69</value>
         <object_component_ref idref="oc-23a"/>
      </symbol>
      <symbol id="sm-b3f">
         <name>__aeabi_fsub</name>
         <value>0x6f65</value>
         <object_component_ref idref="oc-23a"/>
      </symbol>
      <symbol id="sm-b59">
         <name>__aeabi_cfrcmple</name>
         <value>0x7713</value>
         <object_component_ref idref="oc-351"/>
      </symbol>
      <symbol id="sm-b5a">
         <name>__aeabi_cfcmpeq</name>
         <value>0x76b3</value>
         <object_component_ref idref="oc-256"/>
      </symbol>
      <symbol id="sm-b5b">
         <name>__aeabi_cfcmple</name>
         <value>0x76b3</value>
         <object_component_ref idref="oc-256"/>
      </symbol>
      <symbol id="sm-b68">
         <name>__aeabi_fdiv</name>
         <value>0x73b5</value>
         <object_component_ref idref="oc-235"/>
      </symbol>
      <symbol id="sm-b72">
         <name>__aeabi_fmul</name>
         <value>0x7557</value>
         <object_component_ref idref="oc-34c"/>
      </symbol>
      <symbol id="sm-b7d">
         <name>__aeabi_f2d</name>
         <value>0x79e1</value>
         <object_component_ref idref="oc-3e1"/>
      </symbol>
      <symbol id="sm-b87">
         <name>__aeabi_f2iz</name>
         <value>0x7a19</value>
         <object_component_ref idref="oc-24e"/>
      </symbol>
      <symbol id="sm-b92">
         <name>__aeabi_i2d</name>
         <value>0x7af1</value>
         <object_component_ref idref="oc-201"/>
      </symbol>
      <symbol id="sm-b9d">
         <name>__aeabi_i2f</name>
         <value>0x7a51</value>
         <object_component_ref idref="oc-230"/>
      </symbol>
      <symbol id="sm-ba8">
         <name>__aeabi_ui2f</name>
         <value>0x7b45</value>
         <object_component_ref idref="oc-356"/>
      </symbol>
      <symbol id="sm-bb7">
         <name>__aeabi_uidivmod</name>
         <value>0x78ed</value>
         <object_component_ref idref="oc-19a"/>
      </symbol>
      <symbol id="sm-bb8">
         <name>__aeabi_uidiv</name>
         <value>0x78ed</value>
         <object_component_ref idref="oc-19a"/>
      </symbol>
      <symbol id="sm-bca">
         <name>__TI_zero_init</name>
         <value>0x7bd7</value>
         <object_component_ref idref="oc-4d"/>
      </symbol>
      <symbol id="sm-be1">
         <name>__TI_decompress_none</name>
         <value>0x7bbd</value>
         <object_component_ref idref="oc-1b"/>
      </symbol>
      <symbol id="sm-c04">
         <name>__TI_decompress_lzss</name>
         <value>0x764b</value>
         <object_component_ref idref="oc-15"/>
      </symbol>
      <symbol id="sm-c29">
         <name>rand</name>
         <value>0x7abd</value>
         <object_component_ref idref="oc-e1"/>
      </symbol>
      <symbol id="sm-c2a">
         <name>srand</name>
         <value>0x7b69</value>
         <object_component_ref idref="oc-22a"/>
      </symbol>
      <symbol id="sm-c38">
         <name>strcpy</name>
         <value>0x7b8d</value>
         <object_component_ref idref="oc-1bb"/>
      </symbol>
      <symbol id="sm-c4a">
         <name>__stack</name>
         <value>0x20007478</value>
         <object_component_ref idref="oc-24"/>
      </symbol>
      <symbol id="sm-c4b">
         <name>_c_int00_noargs</name>
         <value>0x7b21</value>
         <object_component_ref idref="oc-59"/>
      </symbol>
      <symbol id="sm-c63">
         <name>__time32</name>
         <value>0x7baf</value>
         <object_component_ref idref="oc-224"/>
      </symbol>
      <symbol id="sm-c64">
         <name>time</name>
         <value>0x7baf</value>
         <object_component_ref idref="oc-224"/>
      </symbol>
      <symbol id="sm-c7a">
         <name>__aeabi_errno_addr</name>
         <value>0x7bf1</value>
         <object_component_ref idref="oc-425"/>
      </symbol>
      <symbol id="sm-c7b">
         <name>errno</name>
         <value>0x200076bc</value>
         <object_component_ref idref="oc-444"/>
      </symbol>
      <symbol id="sm-c85">
         <name>__aeabi_idiv0</name>
         <value>0x5a87</value>
         <object_component_ref idref="oc-2cc"/>
      </symbol>
      <symbol id="sm-c86">
         <name>__aeabi_ldiv0</name>
         <value>0x5a87</value>
         <object_component_ref idref="oc-2cc"/>
      </symbol>
      <symbol id="sm-ca1">
         <name>memcpy</name>
         <value>0x7281</value>
         <object_component_ref idref="oc-3b"/>
      </symbol>
      <symbol id="sm-ca2">
         <name>__aeabi_memcpy</name>
         <value>0x7281</value>
         <object_component_ref idref="oc-3b"/>
      </symbol>
      <symbol id="sm-ca3">
         <name>__aeabi_memcpy8</name>
         <value>0x7281</value>
         <object_component_ref idref="oc-3b"/>
      </symbol>
      <symbol id="sm-ca4">
         <name>__aeabi_memcpy4</name>
         <value>0x7281</value>
         <object_component_ref idref="oc-3b"/>
      </symbol>
      <symbol id="sm-cb3">
         <name>__aeabi_memset</name>
         <value>0x75d3</value>
         <object_component_ref idref="oc-8f"/>
      </symbol>
      <symbol id="sm-cb4">
         <name>memset</name>
         <value>0x75d9</value>
         <object_component_ref idref="oc-8f"/>
      </symbol>
      <symbol id="sm-cb5">
         <name>__aeabi_memset8</name>
         <value>0x75d3</value>
         <object_component_ref idref="oc-8f"/>
      </symbol>
      <symbol id="sm-cb6">
         <name>__aeabi_memset4</name>
         <value>0x75d3</value>
         <object_component_ref idref="oc-8f"/>
      </symbol>
      <symbol id="sm-cb7">
         <name>__aeabi_memclr8</name>
         <value>0x75d1</value>
         <object_component_ref idref="oc-8f"/>
      </symbol>
      <symbol id="sm-cb8">
         <name>__aeabi_memclr4</name>
         <value>0x75d1</value>
         <object_component_ref idref="oc-8f"/>
      </symbol>
      <symbol id="sm-cb9">
         <name>__aeabi_memclr</name>
         <value>0x75d1</value>
         <object_component_ref idref="oc-8f"/>
      </symbol>
      <symbol id="sm-ce1">
         <name>__TI_auto_init_nobinit_nopinit</name>
         <value>0x78a9</value>
         <object_component_ref idref="oc-132"/>
      </symbol>
      <symbol id="sm-ceb">
         <name>_system_pre_init</name>
         <value>0x7bff</value>
         <object_component_ref idref="oc-95"/>
      </symbol>
      <symbol id="sm-cf7">
         <name>C$$EXIT</name>
         <value>0x7c03</value>
         <object_component_ref idref="oc-126"/>
      </symbol>
      <symbol id="sm-cf8">
         <name>abort</name>
         <value>0x7c03</value>
         <object_component_ref idref="oc-126"/>
      </symbol>
      <symbol id="sm-d0d">
         <name>_nop</name>
         <value>0x4ebb</value>
         <object_component_ref idref="oc-2e6"/>
      </symbol>
      <symbol id="sm-d0e">
         <name>_lock</name>
         <value>0x200076a8</value>
         <object_component_ref idref="oc-1cb"/>
      </symbol>
      <symbol id="sm-d0f">
         <name>_unlock</name>
         <value>0x200076ac</value>
         <object_component_ref idref="oc-1cb"/>
      </symbol>
      <symbol id="sm-d28">
         <name>HOSTtime</name>
         <value>0x7819</value>
         <object_component_ref idref="oc-330"/>
      </symbol>
      <symbol id="sm-d4c">
         <name>__TI_readmsg</name>
         <value>0x7a89</value>
         <object_component_ref idref="oc-3c7"/>
      </symbol>
      <symbol id="sm-d4d">
         <name>C$$IO$$</name>
         <value>0x79d7</value>
         <object_component_ref idref="oc-3c1"/>
      </symbol>
      <symbol id="sm-d4e">
         <name>__CIOBUF_</name>
         <value>0x200072d4</value>
         <object_component_ref idref="oc-416"/>
      </symbol>
      <symbol id="sm-d4f">
         <name>__TI_writemsg</name>
         <value>0x79a9</value>
         <object_component_ref idref="oc-3c1"/>
      </symbol>
      <symbol id="sm-d55">
         <name>parmbuf</name>
         <value>0x2000744c</value>
      </symbol>
      <symbol id="sm-d57">
         <name>__TI_static_base__</name>
         <value>0x0</value>
      </symbol>
      <symbol id="sm-d5a">
         <name>__mpu_init</name>
         <value>0x0</value>
      </symbol>
      <symbol id="sm-d5b">
         <name>_system_post_cinit</name>
         <value>0x0</value>
      </symbol>
   </symbol_table>
   <title>Link successful</title>
</link_info>
